<html>
<body>
<pre>
<h1>µVision Build Log</h1>
<h2>Project:</h2>
C:\Keil\Labware\Lab13_DAC\Lab13.uvproj
Project File Date:  03/13/2014

<h2>Output:</h2>
Build target 'Lab13'
compiling Lab13.c...
linking...
Program Size: Code=6204 RO-data=9880 RW-data=80 ZI-data=1816  
".\Lab13.axf" - 0 Error(s), 0 Warning(s).
msec){ 
Lab13.c(100): error:  #67: expected a "}"
  void delay(unsigned long msec){ 
Lab13.c: 0 warnings, 2 errors
".\Lab13.axf" - 2 Error(s), 0 Warning(s).
Target not created
Error: Could not load file 'C:\Keil\Labware\Lab13_DAC\Lab13.axf'. Debugger aborted !
g:  #177-D: variable "note" was declared but never referenced
        unsigned long note;     
Lab13.c: 2 warnings, 2 errors
".\Lab13.axf" - 2 Error(s), 2 Warning(s).
Target not created
