<html>
<body>
<pre>
<h1>µVision Build Log</h1>
<h2>Project:</h2>
C:\Keil\Labware\Lab11_UART\Lab11.uvproj
Project File Date:  02/11/2014

<h2>Output:</h2>
Build target 'Lab11'
compiling UART.c...
linking...
Program Size: Code=2872 RO-data=696 RW-data=44 ZI-data=1764  
".\Lab11.axf" - 0 Error(s), 0 Warning(s).
r(s), 0 Warning(s).
re\\Lab11_UART\\Lab11.axf" 
Connecting: Mode=JTAG, Speed=1000000Hz
Erase Done.
Programming Done.
Verify OK.
Load "C:\\Keil\\Labware\\Lab11_UART\\Lab11.axf" 
Connecting: Mode=JTAG, Speed=1000000Hz
Erase Done.
Programming Done.
Verify OK.
 i++) {
UART.c(154): error:  #29: expected an expression
                for (int i = 3; i <= 0; i--) {
UART.c(159): error:  #29: expected an expression
                for (int i = 3; i <= 0; i--) {
UART.c(190): error:  #29: expected an expression
        for (int i = 0; i < 10; i++) {
UART.c(190): error:  #20: identifier "i" is undefined
        for (int i = 0; i < 10; i++) {
UART.c(195): error:  #29: expected an expression
                for (int i = 9; i >= 1; i--) {
UART.c(200): error:  #29: expected an expression
        for (int i = 4; i > 0; i--) {
UART.c(189): warning:  #177-D: variable "stringLen" was declared but never referenced
        unsigned long stringLen = 4;
UART.c: 1 warning, 10 errors
compiling main.c...
".\Lab11.axf" - 10 Error(s), 1 Warning(s).
Target not created
