ARM Linker, 5.03 [Build 76] [MDK-ARM Lite]

==============================================================================

Section Cross References

    main.o(i.Crash) refers to led.o(i.LED_RedToggle) for LED_RedToggle
    main.o(i.SimpleLinkGeneralEventHandler) refers to uartstdio.o(i.UARTprintf) for UARTprintf
    main.o(i.SimpleLinkHttpServerCallback) refers to uartstdio.o(i.UARTprintf) for UARTprintf
    main.o(i.SimpleLinkNetAppEventHandler) refers to uartstdio.o(i.UARTprintf) for UARTprintf
    main.o(i.SimpleLinkNetAppEventHandler) refers to main.o(.data) for .data
    main.o(i.SimpleLinkSockEventHandler) refers to uartstdio.o(i.UARTprintf) for UARTprintf
    main.o(i.SimpleLinkSockEventHandler) refers to main.o(.constdata) for .constdata
    main.o(i.SimpleLinkWlanEventHandler) refers to uartstdio.o(i.UARTprintf) for UARTprintf
    main.o(i.SimpleLinkWlanEventHandler) refers to main.o(.data) for .data
    main.o(i.UART_Init) refers to sysctl.o(i.SysCtlPeripheralEnable) for SysCtlPeripheralEnable
    main.o(i.UART_Init) refers to gpio.o(i.GPIOPinConfigure) for GPIOPinConfigure
    main.o(i.UART_Init) refers to gpio.o(i.GPIOPinTypeUART) for GPIOPinTypeUART
    main.o(i.UART_Init) refers to uartstdio.o(i.UARTStdioConfig) for UARTStdioConfig
    main.o(i.configureSimpleLinkToDefaultState) refers to memseta.o(.text) for __aeabi_memclr4
    main.o(i.configureSimpleLinkToDefaultState) refers to device.o(i.sl_Start) for sl_Start
    main.o(i.configureSimpleLinkToDefaultState) refers to wlan.o(i.sl_WlanSetMode) for sl_WlanSetMode
    main.o(i.configureSimpleLinkToDefaultState) refers to device.o(i.sl_Stop) for sl_Stop
    main.o(i.configureSimpleLinkToDefaultState) refers to device.o(i.sl_DevGet) for sl_DevGet
    main.o(i.configureSimpleLinkToDefaultState) refers to wlan.o(i.sl_WlanPolicySet) for sl_WlanPolicySet
    main.o(i.configureSimpleLinkToDefaultState) refers to wlan.o(i.sl_WlanProfileDel) for sl_WlanProfileDel
    main.o(i.configureSimpleLinkToDefaultState) refers to wlan.o(i.sl_WlanDisconnect) for sl_WlanDisconnect
    main.o(i.configureSimpleLinkToDefaultState) refers to netcfg.o(i.sl_NetCfgSet) for sl_NetCfgSet
    main.o(i.configureSimpleLinkToDefaultState) refers to wlan.o(i.sl_WlanSet) for sl_WlanSet
    main.o(i.configureSimpleLinkToDefaultState) refers to netapp.o(i.sl_NetAppMDNSUnRegisterService) for sl_NetAppMDNSUnRegisterService
    main.o(i.configureSimpleLinkToDefaultState) refers to main.o(.data) for .data
    main.o(i.configureSimpleLinkToDefaultState) refers to main.o(.bss) for .bss
    main.o(i.main) refers to board.o(i.initClk) for initClk
    main.o(i.main) refers to main.o(i.UART_Init) for UART_Init
    main.o(i.main) refers to led.o(i.LED_Init) for LED_Init
    main.o(i.main) refers to uartstdio.o(i.UARTprintf) for UARTprintf
    main.o(i.main) refers to main.o(i.configureSimpleLinkToDefaultState) for configureSimpleLinkToDefaultState
    main.o(i.main) refers to device.o(i.sl_Start) for sl_Start
    main.o(i.main) refers to main.o(i.Crash) for Crash
    main.o(i.main) refers to wlan.o(i.sl_WlanConnect) for sl_WlanConnect
    main.o(i.main) refers to nonos.o(i._SlNonOsMainLoopTask) for _SlNonOsMainLoopTask
    main.o(i.main) refers to strcpy.o(.text) for strcpy
    main.o(i.main) refers to strlen.o(.text) for strlen
    main.o(i.main) refers to netapp.o(i.sl_NetAppDnsGetHostByName) for sl_NetAppDnsGetHostByName
    main.o(i.main) refers to socket.o(i.sl_Htons) for sl_Htons
    main.o(i.main) refers to socket.o(i.sl_Htonl) for sl_Htonl
    main.o(i.main) refers to socket.o(i.sl_Socket) for sl_Socket
    main.o(i.main) refers to socket.o(i.sl_Connect) for sl_Connect
    main.o(i.main) refers to socket.o(i.sl_Send) for sl_Send
    main.o(i.main) refers to socket.o(i.sl_Recv) for sl_Recv
    main.o(i.main) refers to socket.o(i.sl_Close) for sl_Close
    main.o(i.main) refers to led.o(i.LED_GreenOn) for LED_GreenOn
    main.o(i.main) refers to led.o(i.Board_Input) for Board_Input
    main.o(i.main) refers to led.o(i.LED_GreenOff) for LED_GreenOff
    main.o(i.main) refers to main.o(.data) for .data
    main.o(i.main) refers to main.o(.bss) for .bss
    main.o(i.main) refers to main.o(.constdata) for .constdata
    board.o(i.CC3100_InterruptDisable) refers to gpio.o(i.GPIOIntDisable) for GPIOIntDisable
    board.o(i.CC3100_InterruptEnable) refers to gpio.o(i.GPIOIntEnable) for GPIOIntEnable
    board.o(i.GPIOB_intHandler) refers to gpio.o(i.GPIOIntStatus) for GPIOIntStatus
    board.o(i.GPIOB_intHandler) refers to gpio.o(i.GPIOIntClear) for GPIOIntClear
    board.o(i.GPIOB_intHandler) refers to board.o(.data) for .data
    board.o(i.MaskIntHdlr) refers to board.o(.data) for .data
    board.o(i.UART1_intHandler) refers to uart.o(i.UARTIntStatus) for UARTIntStatus
    board.o(i.UART1_intHandler) refers to uart.o(i.UARTIntClear) for UARTIntClear
    board.o(i.UnMaskIntHdlr) refers to board.o(.data) for .data
    board.o(i.initClk) refers to fpu.o(i.FPUEnable) for FPUEnable
[...]
    uartstdio.o(i.UARTgets) refers to uartstdio.o(.bss) for .bss
    uartstdio.o(i.UARTgets) refers to uartstdio.o(.data) for .data
    uartstdio.o(i.UARTprintf) refers to uartstdio.o(i.UARTvprintf) for UARTvprintf
    uartstdio.o(i.UARTvprintf) refers to uartstdio.o(i.UARTwrite) for UARTwrite
    uartstdio.o(i.UARTvprintf) refers to uartstdio.o(.constdata) for .constdata
    uartstdio.o(i.UARTwrite) refers to uartstdio.o(i.IsBufferFull) for IsBufferFull
    uartstdio.o(i.UARTwrite) refers to uartstdio.o(i.IsBufferEmpty) for IsBufferEmpty
    uartstdio.o(i.UARTwrite) refers to uartstdio.o(i.UARTPrimeTransmit) for UARTPrimeTransmit
    uartstdio.o(i.UARTwrite) refers to uartstdio.o(.bss) for .bss
    uartstdio.o(i.UARTwrite) refers to uartstdio.o(.data) for .data
    uartstdio.o(.constdata) refers to uartstdio.o(.conststring) for .conststring
    ustdlib.o(i.ulocaltime) refers to ustdlib.o(.constdata) for .constdata
    ustdlib.o(i.umktime) refers to ustdlib.o(i.ulocaltime) for ulocaltime
    ustdlib.o(i.umktime) refers to ustdlib.o(i.ucmptime) for ucmptime
    ustdlib.o(i.urand) refers to ustdlib.o(.data) for .data
    ustdlib.o(i.usnprintf) refers to ustdlib.o(i.uvsnprintf) for uvsnprintf
    ustdlib.o(i.usprintf) refers to ustdlib.o(i.uvsnprintf) for uvsnprintf
    ustdlib.o(i.usrand) refers to ustdlib.o(.data) for .data
    ustdlib.o(i.ustrcasecmp) refers to ustdlib.o(i.ustrncasecmp) for ustrncasecmp
    ustdlib.o(i.ustrcmp) refers to ustdlib.o(i.ustrncmp) for ustrncmp
    ustdlib.o(i.ustrstr) refers to ustdlib.o(i.ustrlen) for ustrlen
    ustdlib.o(i.ustrstr) refers to ustdlib.o(i.ustrncmp) for ustrncmp
    ustdlib.o(i.ustrtof) refers to ustdlib.o(.constdata) for .constdata
    ustdlib.o(i.uvsnprintf) refers to ustdlib.o(i.ustrncpy) for ustrncpy
    ustdlib.o(i.uvsnprintf) refers to ustdlib.o(.constdata) for .constdata
    ustdlib.o(.constdata) refers to ustdlib.o(.conststring) for .conststring
    gpio.o(i.GPIOIntRegister) refers to interrupt.o(i.IntRegister) for IntRegister
    gpio.o(i.GPIOIntRegister) refers to interrupt.o(i.IntEnable) for IntEnable
    gpio.o(i.GPIOIntRegister) refers to gpio.o(.constdata) for .constdata
    gpio.o(i.GPIOIntUnregister) refers to interrupt.o(i.IntDisable) for IntDisable
    gpio.o(i.GPIOIntUnregister) refers to interrupt.o(i.IntUnregister) for IntUnregister
    gpio.o(i.GPIOIntUnregister) refers to gpio.o(.constdata) for .constdata
    gpio.o(i.GPIOPinConfigure) refers to gpio.o(.constdata) for .constdata
    gpio.o(i.GPIOPinTypeADC) refers to gpio.o(i.GPIODirModeSet) for GPIODirModeSet
    gpio.o(i.GPIOPinTypeADC) refers to gpio.o(i.GPIOPadConfigSet) for GPIOPadConfigSet
    gpio.o(i.GPIOPinTypeCAN) refers to gpio.o(i.GPIODirModeSet) for GPIODirModeSet
    gpio.o(i.GPIOPinTypeCAN) refers to gpio.o(i.GPIOPadConfigSet) for GPIOPadConfigSet
    gpio.o(i.GPIOPinTypeCIR) refers to gpio.o(i.GPIODirModeSet) for GPIODirModeSet
    gpio.o(i.GPIOPinTypeCIR) refers to gpio.o(i.GPIOPadConfigSet) for GPIOPadConfigSet
    gpio.o(i.GPIOPinTypeComparator) refers to gpio.o(i.GPIODirModeSet) for GPIODirModeSet
    gpio.o(i.GPIOPinTypeComparator) refers to gpio.o(i.GPIOPadConfigSet) for GPIOPadConfigSet
    gpio.o(i.GPIOPinTypeEPI) refers to gpio.o(i.GPIODirModeSet) for GPIODirModeSet
    gpio.o(i.GPIOPinTypeEPI) refers to gpio.o(i.GPIOPadConfigSet) for GPIOPadConfigSet
    gpio.o(i.GPIOPinTypeEthernetLED) refers to gpio.o(i.GPIODirModeSet) for GPIODirModeSet
    gpio.o(i.GPIOPinTypeEthernetLED) refers to gpio.o(i.GPIOPadConfigSet) for GPIOPadConfigSet
    gpio.o(i.GPIOPinTypeEthernetMII) refers to gpio.o(i.GPIODirModeSet) for GPIODirModeSet
    gpio.o(i.GPIOPinTypeEthernetMII) refers to gpio.o(i.GPIOPadConfigSet) for GPIOPadConfigSet
    gpio.o(i.GPIOPinTypeGPIOInput) refers to gpio.o(i.GPIODirModeSet) for GPIODirModeSet
    gpio.o(i.GPIOPinTypeGPIOInput) refers to gpio.o(i.GPIOPadConfigSet) for GPIOPadConfigSet
    gpio.o(i.GPIOPinTypeGPIOOutput) refers to gpio.o(i.GPIOPadConfigSet) for GPIOPadConfigSet
    gpio.o(i.GPIOPinTypeGPIOOutput) refers to gpio.o(i.GPIODirModeSet) for GPIODirModeSet
    gpio.o(i.GPIOPinTypeGPIOOutputOD) refers to gpio.o(i.GPIOPadConfigSet) for GPIOPadConfigSet
    gpio.o(i.GPIOPinTypeGPIOOutputOD) refers to gpio.o(i.GPIODirModeSet) for GPIODirModeSet
    gpio.o(i.GPIOPinTypeI2C) refers to gpio.o(i.GPIODirModeSet) for GPIODirModeSet
    gpio.o(i.GPIOPinTypeI2C) refers to gpio.o(i.GPIOPadConfigSet) for GPIOPadConfigSet
    gpio.o(i.GPIOPinTypeI2CSCL) refers to gpio.o(i.GPIODirModeSet) for GPIODirModeSet
    gpio.o(i.GPIOPinTypeI2CSCL) refers to gpio.o(i.GPIOPadConfigSet) for GPIOPadConfigSet
    gpio.o(i.GPIOPinTypeKBColumn) refers to gpio.o(i.GPIODirModeSet) for GPIODirModeSet
    gpio.o(i.GPIOPinTypeKBColumn) refers to gpio.o(i.GPIOPadConfigSet) for GPIOPadConfigSet
    gpio.o(i.GPIOPinTypeKBRow) refers to gpio.o(i.GPIODirModeSet) for GPIODirModeSet
    gpio.o(i.GPIOPinTypeKBRow) refers to gpio.o(i.GPIOPadConfigSet) for GPIOPadConfigSet
    gpio.o(i.GPIOPinTypeLCD) refers to gpio.o(i.GPIODirModeSet) for GPIODirModeSet
    gpio.o(i.GPIOPinTypeLCD) refers to gpio.o(i.GPIOPadConfigSet) for GPIOPadConfigSet
    gpio.o(i.GPIOPinTypeLEDSeq) refers to gpio.o(i.GPIODirModeSet) for GPIODirModeSet
    gpio.o(i.GPIOPinTypeLEDSeq) refers to gpio.o(i.GPIOPadConfigSet) for GPIOPadConfigSet
    gpio.o(i.GPIOPinTypeLPC) refers to gpio.o(i.GPIODirModeSet) for GPIODirModeSet
    gpio.o(i.GPIOPinTypeLPC) refers to gpio.o(i.GPIOPadConfigSet) for GPIOPadConfigSet
    gpio.o(i.GPIOPinTypePECIRx) refers to gpio.o(i.GPIODirModeSet) for GPIODirModeSet
    gpio.o(i.GPIOPinTypePECIRx) refers to gpio.o(i.GPIOPadConfigSet) for GPIOPadConfigSet
    gpio.o(i.GPIOPinTypePECITx) refers to gpio.o(i.GPIODirModeSet) for GPIODirModeSet
    gpio.o(i.GPIOPinTypePECITx) refers to gpio.o(i.GPIOPadConfigSet) for GPIOPadConfigSet
    gpio.o(i.GPIOPinTypePWM) refers to gpio.o(i.GPIODirModeSet) for GPIODirModeSet
    gpio.o(i.GPIOPinTypePWM) refers to gpio.o(i.GPIOPadConfigSet) for GPIOPadConfigSet
    gpio.o(i.GPIOPinTypeQEI) refers to gpio.o(i.GPIODirModeSet) for GPIODirModeSet
    gpio.o(i.GPIOPinTypeQEI) refers to gpio.o(i.GPIOPadConfigSet) for GPIOPadConfigSet
    gpio.o(i.GPIOPinTypeSSI) refers to gpio.o(i.GPIODirModeSet) for GPIODirModeSet
    gpio.o(i.GPIOPinTypeSSI) refers to gpio.o(i.GPIOPadConfigSet) for GPIOPadConfigSet
    gpio.o(i.GPIOPinTypeTimer) refers to gpio.o(i.GPIODirModeSet) for GPIODirModeSet
    gpio.o(i.GPIOPinTypeTimer) refers to gpio.o(i.GPIOPadConfigSet) for GPIOPadConfigSet
    gpio.o(i.GPIOPinTypeUART) refers to gpio.o(i.GPIODirModeSet) for GPIODirModeSet
    gpio.o(i.GPIOPinTypeUART) refers to gpio.o(i.GPIOPadConfigSet) for GPIOPadConfigSet
    gpio.o(i.GPIOPinTypeUSBAnalog) refers to gpio.o(i.GPIODirModeSet) for GPIODirModeSet
    gpio.o(i.GPIOPinTypeUSBAnalog) refers to gpio.o(i.GPIOPadConfigSet) for GPIOPadConfigSet
    gpio.o(i.GPIOPinTypeUSBDigital) refers to gpio.o(i.GPIODirModeSet) for GPIODirModeSet
    gpio.o(i.GPIOPinTypeUSBDigital) refers to gpio.o(i.GPIOPadConfigSet) for GPIOPadConfigSet
    gpio.o(i.GPIOPinTypeWakeHigh) refers to gpio.o(i.GPIODirModeSet) for GPIODirModeSet
    gpio.o(i.GPIOPinTypeWakeHigh) refers to gpio.o(i.GPIOPadConfigSet) for GPIOPadConfigSet
    gpio.o(i.GPIOPinTypeWakeLow) refers to gpio.o(i.GPIODirModeSet) for GPIODirModeSet
    gpio.o(i.GPIOPinTypeWakeLow) refers to gpio.o(i.GPIOPadConfigSet) for GPIOPadConfigSet
    interrupt.o(i.IntDisable) refers to interrupt.o(.constdata) for .constdata
    interrupt.o(i.IntEnable) refers to interrupt.o(.constdata) for .constdata
    interrupt.o(i.IntIsEnabled) refers to interrupt.o(.constdata) for .constdata
    interrupt.o(i.IntMasterDisable) refers to cpu.o(.emb_text) for CPUcpsid
    interrupt.o(i.IntMasterEnable) refers to cpu.o(.emb_text) for CPUcpsie
    interrupt.o(i.IntPendClear) refers to interrupt.o(.constdata) for .constdata
    interrupt.o(i.IntPendSet) refers to interrupt.o(.constdata) for .constdata
    interrupt.o(i.IntPriorityGet) refers to interrupt.o(.constdata) for .constdata
    interrupt.o(i.IntPriorityGroupingGet) refers to interrupt.o(.constdata) for .constdata
    interrupt.o(i.IntPriorityGroupingSet) refers to interrupt.o(.constdata) for .constdata
    interrupt.o(i.IntPriorityMaskGet) refers to cpu.o(.emb_text) for CPUbasepriGet
    interrupt.o(i.IntPriorityMaskSet) refers to cpu.o(.emb_text) for CPUbasepriSet
    interrupt.o(i.IntPrioritySet) refers to interrupt.o(.constdata) for .constdata
    interrupt.o(i.IntRegister) refers to interrupt.o(vtable) for vtable
    interrupt.o(i.IntUnregister) refers to interrupt.o(i._IntDefaultHandler) for _IntDefaultHandler
    interrupt.o(i.IntUnregister) refers to interrupt.o(vtable) for vtable
    ssi.o(i.SSIIntRegister) refers to interrupt.o(i.IntRegister) for IntRegister
    ssi.o(i.SSIIntRegister) refers to interrupt.o(i.IntEnable) for IntEnable
    ssi.o(i.SSIIntRegister) refers to ssi.o(.constdata) for .constdata
    ssi.o(i.SSIIntUnregister) refers to interrupt.o(i.IntDisable) for IntDisable
    ssi.o(i.SSIIntUnregister) refers to interrupt.o(i.IntUnregister) for IntUnregister
    ssi.o(i.SSIIntUnregister) refers to ssi.o(.constdata) for .constdata
    sysctl.o(i.SysCtlClockFreqSet) refers to sysctl.o(.constdata) for .constdata
    sysctl.o(i.SysCtlClockGet) refers to sysctl.o(.constdata) for .constdata
    sysctl.o(i.SysCtlClockSet) refers to sysctl.o(.emb_text) for SysCtlDelay
    sysctl.o(i.SysCtlDeepSleep) refers to cpu.o(.emb_text) for CPUwfi
    sysctl.o(i.SysCtlIntRegister) refers to interrupt.o(i.IntRegister) for IntRegister
    sysctl.o(i.SysCtlIntRegister) refers to interrupt.o(i.IntEnable) for IntEnable
    sysctl.o(i.SysCtlIntUnregister) refers to interrupt.o(i.IntDisable) for IntDisable
    sysctl.o(i.SysCtlIntUnregister) refers to interrupt.o(i.IntUnregister) for IntUnregister
    sysctl.o(i.SysCtlSleep) refers to cpu.o(.emb_text) for CPUwfi
    uart.o(i.UARTIntRegister) refers to interrupt.o(i.IntRegister) for IntRegister
    uart.o(i.UARTIntRegister) refers to interrupt.o(i.IntEnable) for IntEnable
    uart.o(i.UARTIntRegister) refers to uart.o(.constdata) for .constdata
    uart.o(i.UARTIntUnregister) refers to interrupt.o(i.IntDisable) for IntDisable
    uart.o(i.UARTIntUnregister) refers to interrupt.o(i.IntUnregister) for IntUnregister
    uart.o(i.UARTIntUnregister) refers to uart.o(.constdata) for .constdata
    entry.o(.ARM.Collect$$$$00000000) refers (Special) to entry10a.o(.ARM.Collect$$$$0000000D) for __rt_final_cpp
    entry.o(.ARM.Collect$$$$00000000) refers (Special) to entry11a.o(.ARM.Collect$$$$0000000F) for __rt_final_exit
    entry.o(.ARM.Collect$$$$00000000) refers (Special) to entry7b.o(.ARM.Collect$$$$00000008) for _main_clock
    entry.o(.ARM.Collect$$$$00000000) refers (Special) to entry8b.o(.ARM.Collect$$$$0000000A) for _main_cpp_init
    entry.o(.ARM.Collect$$$$00000000) refers (Special) to entry9a.o(.ARM.Collect$$$$0000000B) for _main_init
    entry.o(.ARM.Collect$$$$00000000) refers (Special) to entry5.o(.ARM.Collect$$$$00000004) for _main_scatterload
    entry.o(.ARM.Collect$$$$00000000) refers (Special) to entry2.o(.ARM.Collect$$$$00000001) for _main_stk
    entry2.o(.ARM.Collect$$$$00000001) refers to entry2.o(.ARM.Collect$$$$00002712) for __lit__00000000
    entry2.o(.ARM.Collect$$$$00002712) refers to startup_rvmdk.o(STACK) for __initial_sp
    entry2.o(__vectab_stack_and_reset_area) refers to startup_rvmdk.o(STACK) for __initial_sp
    entry2.o(__vectab_stack_and_reset_area) refers to entry.o(.ARM.Collect$$$$00000000) for __main
    entry5.o(.ARM.Collect$$$$00000004) refers to init.o(.text) for __scatterload
    entry9a.o(.ARM.Collect$$$$0000000B) refers to main.o(i.main) for main
    entry9b.o(.ARM.Collect$$$$0000000C) refers to main.o(i.main) for main
    init.o(.text) refers to entry5.o(.ARM.Collect$$$$00000004) for __main_after_scatterload


==============================================================================

Removing Unused input sections from the image.

    Removing main.o(i.SimpleLinkGeneralEventHandler), (28 bytes).
    Removing main.o(i.SimpleLinkSockEventHandler), (68 bytes).
    Removing board.o(i.Delay), (36 bytes).
    Removing board.o(i.MaskIntHdlr), (12 bytes).
    Removing board.o(i.UART1_intHandler), (28 bytes).
    Removing board.o(i.UnMaskIntHdlr), (12 bytes).
    Removing board.o(i.stopWDT), (2 bytes).
    Removing nokia5110.o(i.Nokia5110_Clear), (34 bytes).
    Removing nokia5110.o(i.Nokia5110_ClearBuffer), (24 bytes).
    Removing nokia5110.o(i.Nokia5110_ClrPxl), (44 bytes).
    Removing nokia5110.o(i.Nokia5110_DisplayBuffer), (12 bytes).
    Removing nokia5110.o(i.Nokia5110_DrawFullImage), (34 bytes).
    Removing nokia5110.o(i.Nokia5110_Init), (292 bytes).
    Removing nokia5110.o(i.Nokia5110_OutChar), (128 bytes).
    Removing nokia5110.o(i.Nokia5110_OutString), (20 bytes).
    Removing nokia5110.o(i.Nokia5110_OutUDec), (172 bytes).
    Removing nokia5110.o(i.Nokia5110_PrintBMP), (272 bytes).
    Removing nokia5110.o(i.Nokia5110_SetCursor), (52 bytes).
    Removing nokia5110.o(i.Nokia5110_SetPxl), (44 bytes).
    Removing nokia5110.o(i.lcdwrite), (52 bytes).
    Removing nokia5110.o(.bss), (504 bytes).
    Removing nokia5110.o(.constdata), (488 bytes).
    Removing nokia5110.o(.data), (8 bytes).
    Removing led.o(i.LED_BlueToggle), (16 bytes).
    Removing led.o(i.LED_GreenToggle), (16 bytes).
    Removing led.o(i.LED_RedOff), (12 bytes).
    Removing led.o(i.LED_RedOn), (12 bytes).
    Removing device.o(i.sl_DevSet), (64 bytes).
    Removing device.o(i.sl_EventMaskGet), (32 bytes).
    Removing device.o(i.sl_EventMaskSet), (32 bytes).
    Removing device.o(i.sl_Task), (4 bytes).
    Removing fs.o(i._GetCreateFsMode), (84 bytes).
    Removing fs.o(i.sl_FsClose), (104 bytes).
    Removing fs.o(i.sl_FsDel), (64 bytes).
    Removing fs.o(i.sl_FsGetInfo), (96 bytes).
    Removing fs.o(i.sl_FsOpen), (88 bytes).
    Removing fs.o(i.sl_FsRead), (140 bytes).
    Removing fs.o(i.sl_FsWrite), (140 bytes).
    Removing fs.o(i.sl_Strlen), (22 bytes).
    Removing fs.o(.constdata), (44 bytes).
    Removing netapp.o(i._sl_HandleAsync_DnsGetHostByAddr), (2 bytes).
    Removing netapp.o(i.sl_NetAppDnsGetHostByService), (196 bytes).
    Removing netapp.o(i.sl_NetAppGet), (96 bytes).
    Removing netapp.o(i.sl_NetAppGetServiceList), (104 bytes).
    Removing netapp.o(i.sl_NetAppMDNSRegisterService), (24 bytes).
    Removing netapp.o(i.sl_NetAppPingStart), (272 bytes).
    Removing netapp.o(i.sl_NetAppSet), (64 bytes).
    Removing netapp.o(i.sl_NetAppStart), (28 bytes).
    Removing netapp.o(i.sl_NetAppStop), (28 bytes).
    Removing netcfg.o(i.sl_NetCfgGet), (108 bytes).
    Removing socket.o(i.SL_FD_CLR), (16 bytes).
    Removing socket.o(i.SL_FD_ISSET), (22 bytes).
    Removing socket.o(i.SL_FD_SET), (16 bytes).
    Removing socket.o(i.SL_FD_ZERO), (6 bytes).
    Removing socket.o(i._sl_ParseAddress), (50 bytes).
    Removing socket.o(i.sl_Accept), (264 bytes).
    Removing socket.o(i.sl_Bind), (96 bytes).
    Removing socket.o(i.sl_GetSockOpt), (112 bytes).
    Removing socket.o(i.sl_Listen), (36 bytes).
    Removing socket.o(i.sl_RecvFrom), (164 bytes).
    Removing socket.o(i.sl_Select), (272 bytes).
    Removing socket.o(i.sl_SendTo), (174 bytes).
    Removing socket.o(i.sl_SetSockOpt), (64 bytes).
    Removing startup_rvmdk.o(HEAP), (0 bytes).
    Removing startup_rvmdk.o(.text), (0 bytes).
    Removing wlan.o(i.sl_WlanGet), (116 bytes).
    Removing wlan.o(i.sl_WlanGetNetworkList), (68 bytes).
    Removing wlan.o(i.sl_WlanPolicyGet), (116 bytes).
    Removing wlan.o(i.sl_WlanProfileAdd), (436 bytes).
    Removing wlan.o(i.sl_WlanProfileGet), (172 bytes).
    Removing wlan.o(i.sl_WlanRxFilterAdd), (88 bytes).
    Removing wlan.o(i.sl_WlanRxFilterGet), (84 bytes).
    Removing wlan.o(i.sl_WlanRxFilterSet), (52 bytes).
    Removing wlan.o(i.sl_WlanRxStatGet), (40 bytes).
    Removing wlan.o(i.sl_WlanRxStatStart), (8 bytes).
    Removing wlan.o(i.sl_WlanRxStatStop), (8 bytes).
    Removing wlan.o(i.sl_WlanSmartConfigStart), (108 bytes).
    Removing wlan.o(i.sl_WlanSmartConfigStop), (8 bytes).
    Removing uartstdio.o(i.GetBufferCount), (18 bytes).
    Removing uartstdio.o(i.UARTEchoSet), (16 bytes).
    Removing uartstdio.o(i.UARTOutString), (52 bytes).
    Removing uartstdio.o(i.UARTPeek), (60 bytes).
    Removing uartstdio.o(i.UARTRxBytesAvail), (16 bytes).
    Removing uartstdio.o(i.UARTTxBytesFree), (24 bytes).
    Removing uartstdio.o(i.UARTgetc), (44 bytes).
    Removing uartstdio.o(i.UARTgets), (100 bytes).
    Removing ustdlib.o(i.ucmptime), (82 bytes).
    Removing ustdlib.o(i.ulocaltime), (168 bytes).
    Removing ustdlib.o(i.umktime), (58 bytes).
    Removing ustdlib.o(i.urand), (28 bytes).
    Removing ustdlib.o(i.usnprintf), (18 bytes).
    Removing ustdlib.o(i.usprintf), (22 bytes).
    Removing ustdlib.o(i.usrand), (12 bytes).
    Removing ustdlib.o(i.ustrcasecmp), (8 bytes).
    Removing ustdlib.o(i.ustrcmp), (8 bytes).
    Removing ustdlib.o(i.ustrlen), (16 bytes).
    Removing ustdlib.o(i.ustrncasecmp), (70 bytes).
    Removing ustdlib.o(i.ustrncmp), (46 bytes).
    Removing ustdlib.o(i.ustrncpy), (34 bytes).
    Removing ustdlib.o(i.ustrstr), (42 bytes).
    Removing ustdlib.o(i.ustrtof), (320 bytes).
    Removing ustdlib.o(i.ustrtoul), (154 bytes).
    Removing ustdlib.o(i.uvsnprintf), (592 bytes).
    Removing ustdlib.o(.constdata), (76 bytes).
    Removing ustdlib.o(.conststring), (17 bytes).
    Removing ustdlib.o(.data), (4 bytes).
    Removing fpu.o(i.FPUDisable), (16 bytes).
    Removing fpu.o(i.FPUFlushToZeroModeSet), (20 bytes).
    Removing fpu.o(i.FPUHalfPrecisionModeSet), (20 bytes).
    Removing fpu.o(i.FPUNaNModeSet), (20 bytes).
    Removing fpu.o(i.FPURoundingModeSet), (20 bytes).
    Removing fpu.o(i.FPUStackingDisable), (16 bytes).
    Removing fpu.o(i.FPUStackingEnable), (20 bytes).
    Removing gpio.o(i.GPIOADCTriggerDisable), (14 bytes).
    Removing gpio.o(i.GPIOADCTriggerEnable), (14 bytes).
    Removing gpio.o(i.GPIODMATriggerDisable), (14 bytes).
    Removing gpio.o(i.GPIODMATriggerEnable), (14 bytes).
    Removing gpio.o(i.GPIODirModeGet), (34 bytes).
    Removing gpio.o(i.GPIOIntRegister), (88 bytes).
    Removing gpio.o(i.GPIOIntTypeGet), (68 bytes).
    Removing gpio.o(i.GPIOIntUnregister), (88 bytes).
    Removing gpio.o(i.GPIOPadConfigGet), (204 bytes).
    Removing gpio.o(i.GPIOPinRead), (6 bytes).
    Removing gpio.o(i.GPIOPinTypeADC), (28 bytes).
    Removing gpio.o(i.GPIOPinTypeCAN), (28 bytes).
    Removing gpio.o(i.GPIOPinTypeCIR), (28 bytes).
    Removing gpio.o(i.GPIOPinTypeComparator), (28 bytes).
    Removing gpio.o(i.GPIOPinTypeEPI), (28 bytes).
    Removing gpio.o(i.GPIOPinTypeEthernetLED), (28 bytes).
    Removing gpio.o(i.GPIOPinTypeEthernetMII), (28 bytes).
    Removing gpio.o(i.GPIOPinTypeGPIOOutput), (28 bytes).
    Removing gpio.o(i.GPIOPinTypeGPIOOutputOD), (28 bytes).
    Removing gpio.o(i.GPIOPinTypeI2C), (28 bytes).
    Removing gpio.o(i.GPIOPinTypeI2CSCL), (28 bytes).
    Removing gpio.o(i.GPIOPinTypeKBColumn), (28 bytes).
    Removing gpio.o(i.GPIOPinTypeKBRow), (28 bytes).
    Removing gpio.o(i.GPIOPinTypeLCD), (28 bytes).
    Removing gpio.o(i.GPIOPinTypeLEDSeq), (28 bytes).
    Removing gpio.o(i.GPIOPinTypeLPC), (28 bytes).
    Removing gpio.o(i.GPIOPinTypePECIRx), (28 bytes).
    Removing gpio.o(i.GPIOPinTypePECITx), (28 bytes).
    Removing gpio.o(i.GPIOPinTypePWM), (28 bytes).
    Removing gpio.o(i.GPIOPinTypeQEI), (28 bytes).
    Removing gpio.o(i.GPIOPinTypeTimer), (28 bytes).
    Removing gpio.o(i.GPIOPinTypeUSBAnalog), (28 bytes).
    Removing gpio.o(i.GPIOPinTypeUSBDigital), (28 bytes).
    Removing gpio.o(i.GPIOPinTypeWakeHigh), (30 bytes).
    Removing gpio.o(i.GPIOPinTypeWakeLow), (30 bytes).
    Removing gpio.o(i.GPIOPinWakeStatus), (6 bytes).
    Removing interrupt.o(i.IntDisable), (100 bytes).
    Removing interrupt.o(i.IntIsEnabled), (96 bytes).
    Removing interrupt.o(i.IntMasterDisable), (14 bytes).
    Removing interrupt.o(i.IntPendClear), (68 bytes).
    Removing interrupt.o(i.IntPendSet), (84 bytes).
    Removing interrupt.o(i.IntPriorityGet), (28 bytes).
    Removing interrupt.o(i.IntPriorityGroupingGet), (36 bytes).
    Removing interrupt.o(i.IntPriorityGroupingSet), (28 bytes).
    Removing interrupt.o(i.IntPriorityMaskGet), (4 bytes).
    Removing interrupt.o(i.IntPriorityMaskSet), (4 bytes).
    Removing interrupt.o(i.IntPrioritySet), (40 bytes).
    Removing interrupt.o(i.IntRegister), (52 bytes).
    Removing interrupt.o(i.IntTrigger), (12 bytes).
    Removing interrupt.o(i.IntUnregister), (20 bytes).
    Removing interrupt.o(i._IntDefaultHandler), (2 bytes).
    Removing interrupt.o(vtable), (620 bytes).
    Removing ssi.o(i.SSIAdvDataPutFrameEnd), (20 bytes).
    Removing ssi.o(i.SSIAdvDataPutFrameEndNonBlocking), (26 bytes).
    Removing ssi.o(i.SSIAdvFrameHoldDisable), (10 bytes).
    Removing ssi.o(i.SSIAdvFrameHoldEnable), (10 bytes).
    Removing ssi.o(i.SSIAdvModeSet), (12 bytes).
    Removing ssi.o(i.SSIBusy), (8 bytes).
    Removing ssi.o(i.SSIClockSourceGet), (6 bytes).
    Removing ssi.o(i.SSIClockSourceSet), (6 bytes).
    Removing ssi.o(i.SSIDMADisable), (10 bytes).
    Removing ssi.o(i.SSIDMAEnable), (8 bytes).
    Removing ssi.o(i.SSIDataGet), (14 bytes).
    Removing ssi.o(i.SSIDataPut), (12 bytes).
    Removing ssi.o(i.SSIDisable), (10 bytes).
    Removing ssi.o(i.SSIIntClear), (4 bytes).
    Removing ssi.o(i.SSIIntDisable), (10 bytes).
    Removing ssi.o(i.SSIIntEnable), (8 bytes).
    Removing ssi.o(i.SSIIntRegister), (88 bytes).
    Removing ssi.o(i.SSIIntStatus), (10 bytes).
    Removing ssi.o(i.SSIIntUnregister), (88 bytes).
    Removing ssi.o(.constdata), (64 bytes).
    Removing sysctl.o(i.SysCtlAltClkConfig), (12 bytes).
    Removing sysctl.o(i.SysCtlClockFreqSet), (712 bytes).
    Removing sysctl.o(i.SysCtlClockOutConfig), (16 bytes).
    Removing sysctl.o(i.SysCtlDeepSleep), (32 bytes).
    Removing sysctl.o(i.SysCtlDeepSleepClockConfigSet), (112 bytes).
    Removing sysctl.o(i.SysCtlDeepSleepClockSet), (12 bytes).
    Removing sysctl.o(i.SysCtlDeepSleepPowerSet), (12 bytes).
    Removing sysctl.o(i.SysCtlFlashSectorSizeGet), (56 bytes).
    Removing sysctl.o(i.SysCtlFlashSizeGet), (56 bytes).
    Removing sysctl.o(i.SysCtlGPIOAHBDisable), (28 bytes).
    Removing sysctl.o(i.SysCtlGPIOAHBEnable), (24 bytes).
    Removing sysctl.o(i.SysCtlIntClear), (12 bytes).
    Removing sysctl.o(i.SysCtlIntDisable), (16 bytes).
    Removing sysctl.o(i.SysCtlIntEnable), (16 bytes).
    Removing sysctl.o(i.SysCtlIntRegister), (20 bytes).
    Removing sysctl.o(i.SysCtlIntStatus), (16 bytes).
    Removing sysctl.o(i.SysCtlIntUnregister), (18 bytes).
    Removing sysctl.o(i.SysCtlLDODeepSleepGet), (12 bytes).
    Removing sysctl.o(i.SysCtlLDODeepSleepSet), (12 bytes).
    Removing sysctl.o(i.SysCtlLDOSleepGet), (12 bytes).
    Removing sysctl.o(i.SysCtlLDOSleepSet), (12 bytes).
    Removing sysctl.o(i.SysCtlMOSCConfigSet), (12 bytes).
    Removing sysctl.o(i.SysCtlNMIClear), (16 bytes).
    Removing sysctl.o(i.SysCtlNMIStatus), (12 bytes).
    Removing sysctl.o(i.SysCtlPIOSCCalibrate), (76 bytes).
    Removing sysctl.o(i.SysCtlPWMClockGet), (24 bytes).
    Removing sysctl.o(i.SysCtlPWMClockSet), (20 bytes).
    Removing sysctl.o(i.SysCtlPeripheralClockGating), (68 bytes).
    Removing sysctl.o(i.SysCtlPeripheralDeepSleepDisable), (40 bytes).
    Removing sysctl.o(i.SysCtlPeripheralDeepSleepEnable), (40 bytes).
    Removing sysctl.o(i.SysCtlPeripheralDisable), (40 bytes).
    Removing sysctl.o(i.SysCtlPeripheralPowerOff), (40 bytes).
    Removing sysctl.o(i.SysCtlPeripheralPowerOn), (40 bytes).
    Removing sysctl.o(i.SysCtlPeripheralPresent), (44 bytes).
    Removing sysctl.o(i.SysCtlPeripheralReady), (44 bytes).
    Removing sysctl.o(i.SysCtlPeripheralReset), (60 bytes).
    Removing sysctl.o(i.SysCtlPeripheralSleepDisable), (40 bytes).
    Removing sysctl.o(i.SysCtlPeripheralSleepEnable), (40 bytes).
    Removing sysctl.o(i.SysCtlReset), (16 bytes).
    Removing sysctl.o(i.SysCtlResetBehaviorGet), (12 bytes).
    Removing sysctl.o(i.SysCtlResetBehaviorSet), (12 bytes).
    Removing sysctl.o(i.SysCtlResetCauseClear), (16 bytes).
    Removing sysctl.o(i.SysCtlResetCauseGet), (12 bytes).
    Removing sysctl.o(i.SysCtlSRAMSizeGet), (16 bytes).
    Removing sysctl.o(i.SysCtlSleep), (4 bytes).
    Removing sysctl.o(i.SysCtlSleepPowerSet), (12 bytes).
    Removing sysctl.o(i.SysCtlUSBPLLDisable), (16 bytes).
    Removing sysctl.o(i.SysCtlUSBPLLEnable), (16 bytes).
    Removing sysctl.o(i.SysCtlVoltageEventClear), (16 bytes).
    Removing sysctl.o(i.SysCtlVoltageEventConfig), (12 bytes).
    Removing sysctl.o(i.SysCtlVoltageEventStatus), (12 bytes).
    Removing uart.o(i.UART9BitAddrSend), (38 bytes).
    Removing uart.o(i.UART9BitAddrSet), (10 bytes).
    Removing uart.o(i.UART9BitDisable), (14 bytes).
    Removing uart.o(i.UART9BitEnable), (14 bytes).
    Removing uart.o(i.UARTBreakCtl), (18 bytes).
    Removing uart.o(i.UARTBusy), (8 bytes).
    Removing uart.o(i.UARTCharGet), (12 bytes).
    Removing uart.o(i.UARTCharGetNonBlocking), (16 bytes).
    Removing uart.o(i.UARTCharPut), (12 bytes).
    Removing uart.o(i.UARTCharPutNonBlocking), (16 bytes).
    Removing uart.o(i.UARTCharsAvail), (10 bytes).
    Removing uart.o(i.UARTClockSourceGet), (6 bytes).
    Removing uart.o(i.UARTClockSourceSet), (6 bytes).
    Removing uart.o(i.UARTConfigGetExpClk), (46 bytes).
    Removing uart.o(i.UARTConfigSetExpClk), (110 bytes).
    Removing uart.o(i.UARTDMADisable), (10 bytes).
    Removing uart.o(i.UARTDMAEnable), (8 bytes).
    Removing uart.o(i.UARTDisable), (30 bytes).
    Removing uart.o(i.UARTDisableSIR), (10 bytes).
    Removing uart.o(i.UARTEnable), (20 bytes).
    Removing uart.o(i.UARTEnableSIR), (18 bytes).
    Removing uart.o(i.UARTFIFODisable), (10 bytes).
    Removing uart.o(i.UARTFIFOEnable), (10 bytes).
    Removing uart.o(i.UARTFIFOLevelGet), (16 bytes).
    Removing uart.o(i.UARTFIFOLevelSet), (6 bytes).
    Removing uart.o(i.UARTFlowControlGet), (8 bytes).
    Removing uart.o(i.UARTFlowControlSet), (12 bytes).
    Removing uart.o(i.UARTIntClear), (4 bytes).
    Removing uart.o(i.UARTIntDisable), (10 bytes).
    Removing uart.o(i.UARTIntEnable), (8 bytes).
    Removing uart.o(i.UARTIntRegister), (88 bytes).
    Removing uart.o(i.UARTIntStatus), (10 bytes).
    Removing uart.o(i.UARTIntUnregister), (88 bytes).
    Removing uart.o(i.UARTModemControlClear), (14 bytes).
    Removing uart.o(i.UARTModemControlGet), (8 bytes).
    Removing uart.o(i.UARTModemControlSet), (12 bytes).
    Removing uart.o(i.UARTModemStatusGet), (10 bytes).
    Removing uart.o(i.UARTParityModeGet), (8 bytes).
    Removing uart.o(i.UARTParityModeSet), (12 bytes).
    Removing uart.o(i.UARTRxErrorClear), (6 bytes).
    Removing uart.o(i.UARTRxErrorGet), (8 bytes).
    Removing uart.o(i.UARTSmartCardDisable), (10 bytes).
    Removing uart.o(i.UARTSmartCardEnable), (22 bytes).
    Removing uart.o(i.UARTSpaceAvail), (10 bytes).
    Removing uart.o(i.UARTTxIntModeGet), (8 bytes).
    Removing uart.o(i.UARTTxIntModeSet), (12 bytes).
    Removing uart.o(.constdata), (128 bytes).

283 unused section(s) (total 14993 bytes) removed from the image.

==============================================================================

Image Symbol Table

    Local Symbols

    Symbol Name                              Value     Ov Type        Size  Object(Section)

    RESET                                    0x00000000   Section      648  startup_rvmdk.o(RESET)
    ../clib/microlib/init/entry.s            0x00000000   Number         0  entry9a.o ABSOLUTE
    ../clib/microlib/init/entry.s            0x00000000   Number         0  entry11a.o ABSOLUTE
    ../clib/microlib/init/entry.s            0x00000000   Number         0  entry10b.o ABSOLUTE
    ../clib/microlib/init/entry.s            0x00000000   Number         0  entry10a.o ABSOLUTE
    ../clib/microlib/init/entry.s            0x00000000   Number         0  entry9b.o ABSOLUTE
    ../clib/microlib/init/entry.s            0x00000000   Number         0  entry7a.o ABSOLUTE
    ../clib/microlib/init/entry.s            0x00000000   Number         0  entry8b.o ABSOLUTE
    ../clib/microlib/init/entry.s            0x00000000   Number         0  entry8a.o ABSOLUTE
    ../clib/microlib/init/entry.s            0x00000000   Number         0  entry7b.o ABSOLUTE
    ../clib/microlib/init/entry.s            0x00000000   Number         0  entry11b.o ABSOLUTE
    ../clib/microlib/init/entry.s            0x00000000   Number         0  entry5.o ABSOLUTE
    ../clib/microlib/init/entry.s            0x00000000   Number         0  entry2.o ABSOLUTE
    ../clib/microlib/init/entry.s            0x00000000   Number         0  entry.o ABSOLUTE
    ../clib/microlib/string/memcpy.c         0x00000000   Number         0  memcpyb.o ABSOLUTE
    ../clib/microlib/string/memcpy.c         0x00000000   Number         0  memcpya.o ABSOLUTE
    ../clib/microlib/string/memset.c         0x00000000   Number         0  memseta.o ABSOLUTE
    ../clib/microlib/string/strcpy.c         0x00000000   Number         0  strcpy.o ABSOLUTE
    ../clib/microlib/string/strlen.c         0x00000000   Number         0  strlen.o ABSOLUTE
    ..\cc3100\platform\ek-tm4c123gxl\board.c 0x00000000   Number         0  board.o ABSOLUTE
    ..\cc3100\platform\ek-tm4c123gxl\spi.c   0x00000000   Number         0  spi.o ABSOLUTE
    ..\cc3100\platform\ek-tm4c123gxl\uart.c  0x00000000   Number         0  uart.o ABSOLUTE
    ..\cc3100\simplelink\source\device.c     0x00000000   Number         0  device.o ABSOLUTE
    ..\cc3100\simplelink\source\driver.c     0x00000000   Number         0  driver.o ABSOLUTE
    ..\cc3100\simplelink\source\flowcont.c   0x00000000   Number         0  flowcont.o ABSOLUTE
    ..\cc3100\simplelink\source\fs.c         0x00000000   Number         0  fs.o ABSOLUTE
    ..\cc3100\simplelink\source\netapp.c     0x00000000   Number         0  netapp.o ABSOLUTE
    ..\cc3100\simplelink\source\netcfg.c     0x00000000   Number         0  netcfg.o ABSOLUTE
    ..\cc3100\simplelink\source\nonos.c      0x00000000   Number         0  nonos.o ABSOLUTE
    ..\cc3100\simplelink\source\socket.c     0x00000000   Number         0  socket.o ABSOLUTE
    ..\cc3100\simplelink\source\spawn.c      0x00000000   Number         0  spawn.o ABSOLUTE
    ..\cc3100\simplelink\source\wlan.c       0x00000000   Number         0  wlan.o ABSOLUTE
    ..\utils\uartstdio.c                     0x00000000   Number         0  uartstdio.o ABSOLUTE
    ..\utils\ustdlib.c                       0x00000000   Number         0  ustdlib.o ABSOLUTE
    LED.c                                    0x00000000   Number         0  led.o ABSOLUTE
    Nokia5110.c                              0x00000000   Number         0  nokia5110.o ABSOLUTE
    cpu.c                                    0x00000000   Number         0  cpu.o ABSOLUTE
    cpu.c                                    0x00000000   Number         0  cpu.o ABSOLUTE
    dc.s                                     0x00000000   Number         0  dc.o ABSOLUTE
    fpu.c                                    0x00000000   Number         0  fpu.o ABSOLUTE
    gpio.c                                   0x00000000   Number         0  gpio.o ABSOLUTE
    handlers.s                               0x00000000   Number         0  handlers.o ABSOLUTE
    init.s                                   0x00000000   Number         0  init.o ABSOLUTE
    interrupt.c                              0x00000000   Number         0  interrupt.o ABSOLUTE
    main.c                                   0x00000000   Number         0  main.o ABSOLUTE
    ssi.c                                    0x00000000   Number         0  ssi.o ABSOLUTE
    startup_rvmdk.S                          0x00000000   Number         0  startup_rvmdk.o ABSOLUTE
    sysctl.c                                 0x00000000   Number         0  sysctl.o ABSOLUTE
    sysctl.c                                 0x00000000   Number         0  sysctl.o ABSOLUTE
    uart.c                                   0x00000000   Number         0  uart.o ABSOLUTE
    $v0                                      0x0000026c   Number         0  startup_rvmdk.o(RESET)
    NmiSR                                    0x00000281   Thumb Code     0  startup_rvmdk.o(RESET)
    FaultISR                                 0x00000283   Thumb Code     0  startup_rvmdk.o(RESET)
    IntDefaultHandler                        0x00000285   Thumb Code     0  startup_rvmdk.o(RESET)
    .ARM.Collect$$$$00000000                 0x00000288   Section        0  entry.o(.ARM.Collect$$$$00000000)
    .ARM.Collect$$$$00000001                 0x00000288   Section        4  entry2.o(.ARM.Collect$$$$00000001)
    .ARM.Collect$$$$00000004                 0x0000028c   Section        4  entry5.o(.ARM.Collect$$$$00000004)
    .ARM.Collect$$$$00000008                 0x00000290   Section        0  entry7b.o(.ARM.Collect$$$$00000008)
    .ARM.Collect$$$$0000000A                 0x00000290   Section        0  entry8b.o(.ARM.Collect$$$$0000000A)
    .ARM.Collect$$$$0000000B                 0x00000290   Section        8  entry9a.o(.ARM.Collect$$$$0000000B)
    .ARM.Collect$$$$0000000D                 0x00000298   Section        0  entry10a.o(.ARM.Collect$$$$0000000D)
    .ARM.Collect$$$$0000000F                 0x00000298   Section        0  entry11a.o(.ARM.Collect$$$$0000000F)
    .ARM.Collect$$$$00002712                 0x00000298   Section        4  entry2.o(.ARM.Collect$$$$00002712)
    __lit__00000000                          0x00000298   Data           4  entry2.o(.ARM.Collect$$$$00002712)
    .emb_text                                0x0000029c   Section        6  sysctl.o(.emb_text)
    $v0                                      0x0000029c   Number         0  sysctl.o(.emb_text)
    .emb_text                                0x000002a4   Section       38  cpu.o(.emb_text)
    $v0                                      0x000002a4   Number         0  cpu.o(.emb_text)
    .text                                    0x000002ca   Section        0  memcpya.o(.text)
    .text                                    0x000002ee   Section        0  memseta.o(.text)
    .text                                    0x00000312   Section        0  strlen.o(.text)
    .text                                    0x00000320   Section        0  strcpy.o(.text)
    .text                                    0x00000334   Section       36  init.o(.text)
    i.Board_Input                            0x00000358   Section        0  led.o(i.Board_Input)
    i.CC3100_InterruptDisable                0x0000036c   Section        0  board.o(i.CC3100_InterruptDisable)
    i.CC3100_InterruptEnable                 0x00000378   Section        0  board.o(i.CC3100_InterruptEnable)
    i.CC3100_disable                         0x00000384   Section        0  board.o(i.CC3100_disable)
    i.CC3100_enable                          0x00000398   Section        0  board.o(i.CC3100_enable)
    i.CopyPingResultsToReport                0x000003ac   Section        0  netapp.o(i.CopyPingResultsToReport)
    i.Crash                                  0x000003c6   Section        0  main.o(i.Crash)
    i.FPUEnable                              0x000003d8   Section        0  fpu.o(i.FPUEnable)
    i.FPULazyStackingEnable                  0x000003e8   Section        0  fpu.o(i.FPULazyStackingEnable)
    i.GPIOB_intHandler                       0x000003f8   Section        0  board.o(i.GPIOB_intHandler)
    i.GPIODirModeSet                         0x0000042c   Section        0  gpio.o(i.GPIODirModeSet)
    i.GPIOIntClear                           0x00000454   Section        0  gpio.o(i.GPIOIntClear)
    i.GPIOIntDisable                         0x0000045a   Section        0  gpio.o(i.GPIOIntDisable)
    i.GPIOIntEnable                          0x00000468   Section        0  gpio.o(i.GPIOIntEnable)
    i.GPIOIntStatus                          0x00000476   Section        0  gpio.o(i.GPIOIntStatus)
    i.GPIOIntTypeSet                         0x00000484   Section        0  gpio.o(i.GPIOIntTypeSet)
    i.GPIOPadConfigSet                       0x000004d4   Section        0  gpio.o(i.GPIOPadConfigSet)
    i.GPIOPinConfigure                       0x00000610   Section        0  gpio.o(i.GPIOPinConfigure)
    i.GPIOPinTypeGPIOInput                   0x00000658   Section        0  gpio.o(i.GPIOPinTypeGPIOInput)
    i.GPIOPinTypeSSI                         0x00000674   Section        0  gpio.o(i.GPIOPinTypeSSI)
    i.GPIOPinTypeUART                        0x00000690   Section        0  gpio.o(i.GPIOPinTypeUART)
    i.GPIOPinWrite                           0x000006ac   Section        0  gpio.o(i.GPIOPinWrite)
    i.GetStartResponseConvert                0x000006b2   Section        0  device.o(i.GetStartResponseConvert)
    i.IntEnable                              0x000006f8   Section        0  interrupt.o(i.IntEnable)
    i.IntMasterEnable                        0x0000075c   Section        0  interrupt.o(i.IntMasterEnable)
    i.IsBufferEmpty                          0x0000076a   Section        0  uartstdio.o(i.IsBufferEmpty)
    IsBufferEmpty                            0x0000076b   Thumb Code    16  uartstdio.o(i.IsBufferEmpty)
    i.IsBufferFull                           0x0000077a   Section        0  uartstdio.o(i.IsBufferFull)
    IsBufferFull                             0x0000077b   Thumb Code    26  uartstdio.o(i.IsBufferFull)
    i.LED_GreenOff                           0x00000794   Section        0  led.o(i.LED_GreenOff)
    i.LED_GreenOn                            0x000007a0   Section        0  led.o(i.LED_GreenOn)
    i.LED_Init                               0x000007ac   Section        0  led.o(i.LED_Init)
    i.LED_RedToggle                          0x00000810   Section        0  led.o(i.LED_RedToggle)
    i.SSIConfigSetExpClk                     0x00000820   Section        0  ssi.o(i.SSIConfigSetExpClk)
    i.SSIDataGetNonBlocking                  0x0000086a   Section        0  ssi.o(i.SSIDataGetNonBlocking)
    i.SSIDataPutNonBlocking                  0x0000087e   Section        0  ssi.o(i.SSIDataPutNonBlocking)
    i.SSIEnable                              0x0000088e   Section        0  ssi.o(i.SSIEnable)
    i.SimpleLinkHttpServerCallback           0x00000898   Section        0  main.o(i.SimpleLinkHttpServerCallback)
    i.SimpleLinkNetAppEventHandler           0x000008c4   Section        0  main.o(i.SimpleLinkNetAppEventHandler)
    i.SimpleLinkWlanEventHandler             0x00000904   Section        0  main.o(i.SimpleLinkWlanEventHandler)
    i.SysCtlClockGet                         0x000009d4   Section        0  sysctl.o(i.SysCtlClockGet)
    i.SysCtlClockSet                         0x00000b38   Section        0  sysctl.o(i.SysCtlClockSet)
    i.SysCtlPeripheralEnable                 0x00000c58   Section        0  sysctl.o(i.SysCtlPeripheralEnable)
    i.UARTFlushRx                            0x00000c80   Section        0  uartstdio.o(i.UARTFlushRx)
    i.UARTFlushTx                            0x00000ca8   Section        0  uartstdio.o(i.UARTFlushTx)
    i.UARTPrimeTransmit                      0x00000ce0   Section        0  uartstdio.o(i.UARTPrimeTransmit)
    UARTPrimeTransmit                        0x00000ce1   Thumb Code   108  uartstdio.o(i.UARTPrimeTransmit)
    i.UARTStdioConfig                        0x00000d58   Section        0  uartstdio.o(i.UARTStdioConfig)
    i.UARTStdioIntHandler                    0x00000df0   Section        0  uartstdio.o(i.UARTStdioIntHandler)
    i.UART_Init                              0x00000ef8   Section        0  main.o(i.UART_Init)
    i.UARTprintf                             0x00000f3c   Section        0  uartstdio.o(i.UARTprintf)
    i.UARTvprintf                            0x00000f50   Section        0  uartstdio.o(i.UARTvprintf)
    i.UARTwrite                              0x00001104   Section        0  uartstdio.o(i.UARTwrite)
    i._SlAsyncEventGenericHandler            0x00001194   Section        0  driver.o(i._SlAsyncEventGenericHandler)
    i._SlDrvBasicCmd                         0x00001474   Section        0  driver.o(i._SlDrvBasicCmd)
    i._SlDrvClassifyRxMsg                    0x0000149c   Section        0  driver.o(i._SlDrvClassifyRxMsg)
    i._SlDrvCmdOp                            0x00001524   Section        0  driver.o(i._SlDrvCmdOp)
    i._SlDrvCmdSend                          0x00001578   Section        0  driver.o(i._SlDrvCmdSend)
    i._SlDrvDataReadOp                       0x00001594   Section        0  driver.o(i._SlDrvDataReadOp)
    i._SlDrvDataWriteOp                      0x000016e4   Section        0  driver.o(i._SlDrvDataWriteOp)
    i._SlDrvDeviceEventHandler               0x000017f8   Section        0  device.o(i._SlDrvDeviceEventHandler)
    i._SlDrvDriverCBDeinit                   0x00001814   Section        0  driver.o(i._SlDrvDriverCBDeinit)
    i._SlDrvDriverCBInit                     0x00001874   Section        0  driver.o(i._SlDrvDriverCBInit)
    i._SlDrvFlowContDeinit                   0x00001904   Section        0  flowcont.o(i._SlDrvFlowContDeinit)
    i._SlDrvFlowContInit                     0x00001930   Section        0  flowcont.o(i._SlDrvFlowContInit)
    i._SlDrvMsgRead                          0x00001960   Section        0  driver.o(i._SlDrvMsgRead)
    i._SlDrvMsgReadCmdCtx                    0x00001cac   Section        0  driver.o(i._SlDrvMsgReadCmdCtx)
    i._SlDrvMsgReadSpawnCtx                  0x00001d50   Section        0  driver.o(i._SlDrvMsgReadSpawnCtx)
    i._SlDrvMsgWrite                         0x00001dd8   Section        0  driver.o(i._SlDrvMsgWrite)
    i._SlDrvNetAppEventHandler               0x00001ec8   Section        0  netapp.o(i._SlDrvNetAppEventHandler)
    i._SlDrvObjDeInit                        0x00001f90   Section        0  driver.o(i._SlDrvObjDeInit)
    i._SlDrvObjInit                          0x00001fa8   Section        0  driver.o(i._SlDrvObjInit)
    i._SlDrvReleasePoolObj                   0x00001fe4   Section        0  driver.o(i._SlDrvReleasePoolObj)
    i._SlDrvRxHdrRead                        0x000020c8   Section        0  driver.o(i._SlDrvRxHdrRead)
    i._SlDrvRxIrqHandler                     0x000021f4   Section        0  driver.o(i._SlDrvRxIrqHandler)
    i._SlDrvShiftDWord                       0x00002230   Section        0  driver.o(i._SlDrvShiftDWord)
    i._SlDrvWaitForPoolObj                   0x00002248   Section        0  driver.o(i._SlDrvWaitForPoolObj)
    i._SlFindAndSetActiveObj                 0x0000234c   Section        0  driver.o(i._SlFindAndSetActiveObj)
    i._SlNonOsMainLoopTask                   0x000023e0   Section        0  nonos.o(i._SlNonOsMainLoopTask)
    i._SlNonOsSemGet                         0x00002420   Section        0  nonos.o(i._SlNonOsSemGet)
    i._SlNonOsSemSet                         0x00002452   Section        0  nonos.o(i._SlNonOsSemSet)
    i._SlNonOsSpawn                          0x00002458   Section        0  nonos.o(i._SlNonOsSpawn)
    i._SlRemoveFromList                      0x0000247c   Section        0  driver.o(i._SlRemoveFromList)
    i.__scatterload_copy                     0x000024d4   Section       14  handlers.o(i.__scatterload_copy)
    i.__scatterload_null                     0x000024e2   Section        2  handlers.o(i.__scatterload_null)
    i.__scatterload_zeroinit                 0x000024e4   Section       14  handlers.o(i.__scatterload_zeroinit)
    i._sl_BuildAddress                       0x000024f2   Section        0  socket.o(i._sl_BuildAddress)
    i._sl_HandleAsync_Accept                 0x00002518   Section        0  socket.o(i._sl_HandleAsync_Accept)
    i._sl_HandleAsync_Connect                0x0000258c   Section        0  socket.o(i._sl_HandleAsync_Connect)
    i._sl_HandleAsync_DnsGetHostByName       0x00002608   Section        0  netapp.o(i._sl_HandleAsync_DnsGetHostByName)
    i._sl_HandleAsync_DnsGetHostByService    0x0000267c   Section        0  netapp.o(i._sl_HandleAsync_DnsGetHostByService)
    i._sl_HandleAsync_InitComplete           0x000026e8   Section        0  device.o(i._sl_HandleAsync_InitComplete)
    i._sl_HandleAsync_PingResponse           0x0000276c   Section        0  netapp.o(i._sl_HandleAsync_PingResponse)
    i._sl_HandleAsync_Select                 0x000027ec   Section        0  socket.o(i._sl_HandleAsync_Select)
    i._sl_HandleAsync_Stop                   0x00002850   Section        0  device.o(i._sl_HandleAsync_Stop)
    i._sl_TruncatePayloadByProtocol          0x000028b0   Section        0  socket.o(i._sl_TruncatePayloadByProtocol)
    i.configureSimpleLinkToDefaultState      0x00002904   Section        0  main.o(i.configureSimpleLinkToDefaultState)
    configureSimpleLinkToDefaultState        0x00002905   Thumb Code   252  main.o(i.configureSimpleLinkToDefaultState)
    i.initClk                                0x00002a14   Section        0  board.o(i.initClk)
    i.main                                   0x00002a2c   Section        0  main.o(i.main)
    i.registerInterruptHandler               0x00002bc0   Section        0  board.o(i.registerInterruptHandler)
    i.sl_Close                               0x00002bcc   Section        0  socket.o(i.sl_Close)
    i.sl_Connect                             0x00002bec   Section        0  socket.o(i.sl_Connect)
    i.sl_DevGet                              0x00002cd8   Section        0  device.o(i.sl_DevGet)
    i.sl_Htonl                               0x00002d48   Section        0  socket.o(i.sl_Htonl)
    i.sl_Htons                               0x00002d70   Section        0  socket.o(i.sl_Htons)
    i.sl_NetAppDnsGetHostByName              0x00002da0   Section        0  netapp.o(i.sl_NetAppDnsGetHostByName)
    i.sl_NetAppMDNSRegisterUnregisterService 0x00002e78   Section        0  netapp.o(i.sl_NetAppMDNSRegisterUnregisterService)
    i.sl_NetAppMDNSUnRegisterService         0x00002ef4   Section        0  netapp.o(i.sl_NetAppMDNSUnRegisterService)
    i.sl_NetAppSendTokenValue                0x00002f08   Section        0  netapp.o(i.sl_NetAppSendTokenValue)
    i.sl_NetCfgSet                           0x00002f58   Section        0  netcfg.o(i.sl_NetCfgSet)
    i.sl_Recv                                0x00002f98   Section        0  socket.o(i.sl_Recv)
    i.sl_Send                                0x00002fd8   Section        0  socket.o(i.sl_Send)
    i.sl_Socket                              0x00003084   Section        0  socket.o(i.sl_Socket)
    i.sl_Start                               0x000030b4   Section        0  device.o(i.sl_Start)
    i.sl_Stop                                0x0000316c   Section        0  device.o(i.sl_Stop)
    i.sl_WlanConnect                         0x00003234   Section        0  wlan.o(i.sl_WlanConnect)
    i.sl_WlanDisconnect                      0x000033d8   Section        0  wlan.o(i.sl_WlanDisconnect)
    i.sl_WlanPolicySet                       0x000033e0   Section        0  wlan.o(i.sl_WlanPolicySet)
    i.sl_WlanProfileDel                      0x00003418   Section        0  wlan.o(i.sl_WlanProfileDel)
    i.sl_WlanSet                             0x00003438   Section        0  wlan.o(i.sl_WlanSet)
    i.sl_WlanSetMode                         0x00003478   Section        0  wlan.o(i.sl_WlanSetMode)
    i.spi_Close                              0x00003498   Section        0  spi.o(i.spi_Close)
    i.spi_Open                               0x000034a4   Section        0  spi.o(i.spi_Open)
    i.spi_Read                               0x000035a4   Section        0  spi.o(i.spi_Read)
    i.spi_Write                              0x000035fc   Section        0  spi.o(i.spi_Write)
    .constdata                               0x00003650   Section      237  main.o(.constdata)
    .constdata                               0x0000373e   Section       20  device.o(.constdata)
    .constdata                               0x00003754   Section       72  driver.o(.constdata)
    .constdata                               0x0000379c   Section       40  netapp.o(.constdata)
    .constdata                               0x000037c4   Section        8  netcfg.o(.constdata)
    .constdata                               0x000037cc   Section       48  socket.o(.constdata)
    .constdata                               0x000037fc   Section       52  wlan.o(.constdata)
    .constdata                               0x00003830   Section       40  uartstdio.o(.constdata)
    g_pcHex                                  0x00003830   Data           4  uartstdio.o(.constdata)
    g_ui32UARTBase                           0x00003834   Data          12  uartstdio.o(.constdata)
    g_ui32UARTInt                            0x00003840   Data          12  uartstdio.o(.constdata)
    g_ui32UARTPeriph                         0x0000384c   Data          12  uartstdio.o(.constdata)
    .constdata                               0x00003858   Section      528  gpio.o(.constdata)
    g_ppui32GPIOIntMapBlizzard               0x00003858   Data         192  gpio.o(.constdata)
    g_ppui32GPIOIntMapSnowflake              0x00003918   Data         192  gpio.o(.constdata)
    g_pui32GPIOBaseAddrs                     0x000039d8   Data         144  gpio.o(.constdata)
    .constdata                               0x00003a68   Section      268  interrupt.o(.constdata)
    g_pui32Priority                          0x00003a68   Data          32  interrupt.o(.constdata)
    g_pui32Regs                              0x00003a88   Data         156  interrupt.o(.constdata)
    g_pui32EnRegs                            0x00003b24   Data          20  interrupt.o(.constdata)
    g_pui32Dii16Regs                         0x00003b38   Data          20  interrupt.o(.constdata)
    g_pui32PendRegs                          0x00003b4c   Data          20  interrupt.o(.constdata)
    g_pui32UnpendRegs                        0x00003b60   Data          20  interrupt.o(.constdata)
    .constdata                               0x00003b74   Section      452  sysctl.o(.constdata)
    g_pui32VCOFrequencies                    0x00003b74   Data           8  sysctl.o(.constdata)
    g_pui32Xtals                             0x00003b7c   Data         108  sysctl.o(.constdata)
    g_pppui32XTALtoVCO                       0x00003be8   Data         288  sysctl.o(.constdata)
    g_sXTALtoMEMTIM                          0x00003d08   Data          48  sysctl.o(.constdata)
    .conststring                             0x00003d38   Section       17  uartstdio.o(.conststring)
    .data                                    0x20000000   Section       12  main.o(.data)
    .data                                    0x2000000c   Section        8  board.o(.data)
    .data                                    0x20000014   Section        4  driver.o(.data)
    .data                                    0x20000018   Section        4  driver.o(.data)
    .data                                    0x2000001c   Section       28  uartstdio.o(.data)
    bLastWasCR                               0x2000001c   Data           1  uartstdio.o(.data)
    g_bDisableEcho                           0x2000001d   Data           1  uartstdio.o(.data)
    g_ui32UARTTxWriteIndex                   0x20000020   Data           4  uartstdio.o(.data)
    g_ui32UARTTxReadIndex                    0x20000024   Data           4  uartstdio.o(.data)
    g_ui32UARTRxWriteIndex                   0x20000028   Data           4  uartstdio.o(.data)
    g_ui32UARTRxReadIndex                    0x2000002c   Data           4  uartstdio.o(.data)
    g_ui32Base                               0x20000030   Data           4  uartstdio.o(.data)
    g_ui32PortNum                            0x20000034   Data           4  uartstdio.o(.data)
    .bss                                     0x20000038   Section     1576  main.o(.bss)
    .bss                                     0x20000660   Section      356  driver.o(.bss)
    .bss                                     0x200007c4   Section       40  nonos.o(.bss)
    .bss                                     0x200007ec   Section     1152  uartstdio.o(.bss)
    g_pcUARTTxBuffer                         0x200007ec   Data        1024  uartstdio.o(.bss)
    g_pcUARTRxBuffer                         0x20000bec   Data         128  uartstdio.o(.bss)
    STACK                                    0x20000c70   Section    16384  startup_rvmdk.o(STACK)
    StackMem                                 0x20000c70   Data           0  startup_rvmdk.o(STACK)

    Global Symbols

    Symbol Name                              Value     Ov Type        Size  Object(Section)

    BuildAttributes$$THM_ISAv4$E$P$D$K$B$S$7EM$VFPi3$EXTD16$VFPS$VFMA$PE$A:L22UL41UL21$X:L11$S22US41US21$IEEE1$IW$USESV6$~STKCKD$USESV7$~SHL$OTIME$EBA8$MICROLIB$REQ8$PRES8$EABIv2 0x00000000   Number         0  anon$$obj.o ABSOLUTE
    __ARM_use_no_argv                        0x00000000   Number         0  main.o ABSOLUTE
    __Vectors                                0x00000000   Data           0  startup_rvmdk.o(RESET)
    __cpp_initialize__aeabi_                  - Undefined Weak Reference
    __cxa_finalize                            - Undefined Weak Reference
    __decompress                              - Undefined Weak Reference
    _clock_init                               - Undefined Weak Reference
    _microlib_exit                            - Undefined Weak Reference
    Reset_Handler                            0x0000026d   Thumb Code     0  startup_rvmdk.o(RESET)
    __main                                   0x00000289   Thumb Code     0  entry.o(.ARM.Collect$$$$00000000)
    _main_stk                                0x00000289   Thumb Code     0  entry2.o(.ARM.Collect$$$$00000001)
    _main_scatterload                        0x0000028d   Thumb Code     0  entry5.o(.ARM.Collect$$$$00000004)
    __main_after_scatterload                 0x00000291   Thumb Code     0  entry5.o(.ARM.Collect$$$$00000004)
    _main_clock                              0x00000291   Thumb Code     0  entry7b.o(.ARM.Collect$$$$00000008)
    _main_cpp_init                           0x00000291   Thumb Code     0  entry8b.o(.ARM.Collect$$$$0000000A)
    _main_init                               0x00000291   Thumb Code     0  entry9a.o(.ARM.Collect$$$$0000000B)
    __rt_final_cpp                           0x00000299   Thumb Code     0  entry10a.o(.ARM.Collect$$$$0000000D)
    __rt_final_exit                          0x00000299   Thumb Code     0  entry11a.o(.ARM.Collect$$$$0000000F)
    SysCtlDelay                              0x0000029d   Thumb Code     6  sysctl.o(.emb_text)
    CPUcpsid                                 0x000002a5   Thumb Code     8  cpu.o(.emb_text)
    CPUprimask                               0x000002ad   Thumb Code     6  cpu.o(.emb_text)
    CPUcpsie                                 0x000002b3   Thumb Code     8  cpu.o(.emb_text)
    CPUwfi                                   0x000002bb   Thumb Code     4  cpu.o(.emb_text)
    CPUbasepriSet                            0x000002bf   Thumb Code     6  cpu.o(.emb_text)
    CPUbasepriGet                            0x000002c5   Thumb Code     6  cpu.o(.emb_text)
    __aeabi_memcpy                           0x000002cb   Thumb Code    36  memcpya.o(.text)
    __aeabi_memcpy4                          0x000002cb   Thumb Code     0  memcpya.o(.text)
    __aeabi_memcpy8                          0x000002cb   Thumb Code     0  memcpya.o(.text)
    __aeabi_memset                           0x000002ef   Thumb Code    14  memseta.o(.text)
    __aeabi_memset4                          0x000002ef   Thumb Code     0  memseta.o(.text)
    __aeabi_memset8                          0x000002ef   Thumb Code     0  memseta.o(.text)
    __aeabi_memclr                           0x000002fd   Thumb Code     4  memseta.o(.text)
    __aeabi_memclr4                          0x000002fd   Thumb Code     0  memseta.o(.text)
    __aeabi_memclr8                          0x000002fd   Thumb Code     0  memseta.o(.text)
    _memset$wrapper                          0x00000301   Thumb Code    18  memseta.o(.text)
    strlen                                   0x00000313   Thumb Code    14  strlen.o(.text)
    strcpy                                   0x00000321   Thumb Code    18  strcpy.o(.text)
    __scatterload                            0x00000335   Thumb Code    28  init.o(.text)
    __scatterload_rt2                        0x00000335   Thumb Code     0  init.o(.text)
    Board_Input                              0x00000359   Thumb Code    16  led.o(i.Board_Input)
    CC3100_InterruptDisable                  0x0000036d   Thumb Code     8  board.o(i.CC3100_InterruptDisable)
    CC3100_InterruptEnable                   0x00000379   Thumb Code     8  board.o(i.CC3100_InterruptEnable)
    CC3100_disable                           0x00000385   Thumb Code    16  board.o(i.CC3100_disable)
    CC3100_enable                            0x00000399   Thumb Code    16  board.o(i.CC3100_enable)
    CopyPingResultsToReport                  0x000003ad   Thumb Code    26  netapp.o(i.CopyPingResultsToReport)
    Crash                                    0x000003c7   Thumb Code    18  main.o(i.Crash)
    FPUEnable                                0x000003d9   Thumb Code    12  fpu.o(i.FPUEnable)
    FPULazyStackingEnable                    0x000003e9   Thumb Code    12  fpu.o(i.FPULazyStackingEnable)
    GPIOB_intHandler                         0x000003f9   Thumb Code    44  board.o(i.GPIOB_intHandler)
    GPIODirModeSet                           0x0000042d   Thumb Code    40  gpio.o(i.GPIODirModeSet)
    GPIOIntClear                             0x00000455   Thumb Code     6  gpio.o(i.GPIOIntClear)
    GPIOIntDisable                           0x0000045b   Thumb Code    14  gpio.o(i.GPIOIntDisable)
    GPIOIntEnable                            0x00000469   Thumb Code    14  gpio.o(i.GPIOIntEnable)
    GPIOIntStatus                            0x00000477   Thumb Code    14  gpio.o(i.GPIOIntStatus)
    GPIOIntTypeSet                           0x00000485   Thumb Code    80  gpio.o(i.GPIOIntTypeSet)
    GPIOPadConfigSet                         0x000004d5   Thumb Code   314  gpio.o(i.GPIOPadConfigSet)
    GPIOPinConfigure                         0x00000611   Thumb Code    64  gpio.o(i.GPIOPinConfigure)
    GPIOPinTypeGPIOInput                     0x00000659   Thumb Code    28  gpio.o(i.GPIOPinTypeGPIOInput)
    GPIOPinTypeSSI                           0x00000675   Thumb Code    28  gpio.o(i.GPIOPinTypeSSI)
    GPIOPinTypeUART                          0x00000691   Thumb Code    28  gpio.o(i.GPIOPinTypeUART)
    GPIOPinWrite                             0x000006ad   Thumb Code     6  gpio.o(i.GPIOPinWrite)
    GetStartResponseConvert                  0x000006b3   Thumb Code    68  device.o(i.GetStartResponseConvert)
    IntEnable                                0x000006f9   Thumb Code    92  interrupt.o(i.IntEnable)
    IntMasterEnable                          0x0000075d   Thumb Code    14  interrupt.o(i.IntMasterEnable)
    LED_GreenOff                             0x00000795   Thumb Code     8  led.o(i.LED_GreenOff)
    LED_GreenOn                              0x000007a1   Thumb Code     8  led.o(i.LED_GreenOn)
    LED_Init                                 0x000007ad   Thumb Code    78  led.o(i.LED_Init)
    LED_RedToggle                            0x00000811   Thumb Code    12  led.o(i.LED_RedToggle)
    SSIConfigSetExpClk                       0x00000821   Thumb Code    74  ssi.o(i.SSIConfigSetExpClk)
    SSIDataGetNonBlocking                    0x0000086b   Thumb Code    20  ssi.o(i.SSIDataGetNonBlocking)
    SSIDataPutNonBlocking                    0x0000087f   Thumb Code    16  ssi.o(i.SSIDataPutNonBlocking)
    SSIEnable                                0x0000088f   Thumb Code    10  ssi.o(i.SSIEnable)
    SimpleLinkHttpServerCallback             0x00000899   Thumb Code     6  main.o(i.SimpleLinkHttpServerCallback)
    SimpleLinkNetAppEventHandler             0x000008c5   Thumb Code    24  main.o(i.SimpleLinkNetAppEventHandler)
    SimpleLinkWlanEventHandler               0x00000905   Thumb Code    50  main.o(i.SimpleLinkWlanEventHandler)
    SysCtlClockGet                           0x000009d5   Thumb Code   314  sysctl.o(i.SysCtlClockGet)
    SysCtlClockSet                           0x00000b39   Thumb Code   270  sysctl.o(i.SysCtlClockSet)
    SysCtlPeripheralEnable                   0x00000c59   Thumb Code    36  sysctl.o(i.SysCtlPeripheralEnable)
    UARTFlushRx                              0x00000c81   Thumb Code    36  uartstdio.o(i.UARTFlushRx)
    UARTFlushTx                              0x00000ca9   Thumb Code    52  uartstdio.o(i.UARTFlushTx)
    UARTStdioConfig                          0x00000d59   Thumb Code   142  uartstdio.o(i.UARTStdioConfig)
    UARTStdioIntHandler                      0x00000df1   Thumb Code   248  uartstdio.o(i.UARTStdioIntHandler)
    UART_Init                                0x00000ef9   Thumb Code    54  main.o(i.UART_Init)
    UARTprintf                               0x00000f3d   Thumb Code    18  uartstdio.o(i.UARTprintf)
    UARTvprintf                              0x00000f51   Thumb Code   420  uartstdio.o(i.UARTvprintf)
    UARTwrite                                0x00001105   Thumb Code   134  uartstdio.o(i.UARTwrite)
    _SlAsyncEventGenericHandler              0x00001195   Thumb Code   732  driver.o(i._SlAsyncEventGenericHandler)
    _SlDrvBasicCmd                           0x00001475   Thumb Code    40  driver.o(i._SlDrvBasicCmd)
    _SlDrvClassifyRxMsg                      0x0000149d   Thumb Code   114  driver.o(i._SlDrvClassifyRxMsg)
    _SlDrvCmdOp                              0x00001525   Thumb Code    80  driver.o(i._SlDrvCmdOp)
    _SlDrvCmdSend                            0x00001579   Thumb Code    24  driver.o(i._SlDrvCmdSend)
    _SlDrvDataReadOp                         0x00001595   Thumb Code   326  driver.o(i._SlDrvDataReadOp)
    _SlDrvDataWriteOp                        0x000016e5   Thumb Code   272  driver.o(i._SlDrvDataWriteOp)
    _SlDrvDeviceEventHandler                 0x000017f9   Thumb Code    26  device.o(i._SlDrvDeviceEventHandler)
    _SlDrvDriverCBDeinit                     0x00001815   Thumb Code    92  driver.o(i._SlDrvDriverCBDeinit)
    _SlDrvDriverCBInit                       0x00001875   Thumb Code   134  driver.o(i._SlDrvDriverCBInit)
    _SlDrvFlowContDeinit                     0x00001905   Thumb Code    40  flowcont.o(i._SlDrvFlowContDeinit)
    _SlDrvFlowContInit                       0x00001931   Thumb Code    42  flowcont.o(i._SlDrvFlowContInit)
    _SlDrvMsgRead                            0x00001961   Thumb Code   834  driver.o(i._SlDrvMsgRead)
    _SlDrvMsgReadCmdCtx                      0x00001cad   Thumb Code   156  driver.o(i._SlDrvMsgReadCmdCtx)
    _SlDrvMsgReadSpawnCtx                    0x00001d51   Thumb Code   132  driver.o(i._SlDrvMsgReadSpawnCtx)
    _SlDrvMsgWrite                           0x00001dd9   Thumb Code   232  driver.o(i._SlDrvMsgWrite)
    _SlDrvNetAppEventHandler                 0x00001ec9   Thumb Code   198  netapp.o(i._SlDrvNetAppEventHandler)
    _SlDrvObjDeInit                          0x00001f91   Thumb Code    18  driver.o(i._SlDrvObjDeInit)
    _SlDrvObjInit                            0x00001fa9   Thumb Code    54  driver.o(i._SlDrvObjInit)
    _SlDrvReleasePoolObj                     0x00001fe5   Thumb Code   222  driver.o(i._SlDrvReleasePoolObj)
    _SlDrvRxHdrRead                          0x000020c9   Thumb Code   282  driver.o(i._SlDrvRxHdrRead)
    _SlDrvRxIrqHandler                       0x000021f5   Thumb Code    52  driver.o(i._SlDrvRxIrqHandler)
    _SlDrvShiftDWord                         0x00002231   Thumb Code    22  driver.o(i._SlDrvShiftDWord)
    _SlDrvWaitForPoolObj                     0x00002249   Thumb Code   254  driver.o(i._SlDrvWaitForPoolObj)
    _SlFindAndSetActiveObj                   0x0000234d   Thumb Code   138  driver.o(i._SlFindAndSetActiveObj)
    _SlNonOsMainLoopTask                     0x000023e1   Thumb Code    54  nonos.o(i._SlNonOsMainLoopTask)
    _SlNonOsSemGet                           0x00002421   Thumb Code    50  nonos.o(i._SlNonOsSemGet)
    _SlNonOsSemSet                           0x00002453   Thumb Code     6  nonos.o(i._SlNonOsSemSet)
    _SlNonOsSpawn                            0x00002459   Thumb Code    30  nonos.o(i._SlNonOsSpawn)
    _SlRemoveFromList                        0x0000247d   Thumb Code    84  driver.o(i._SlRemoveFromList)
    __scatterload_copy                       0x000024d5   Thumb Code    14  handlers.o(i.__scatterload_copy)
    __scatterload_null                       0x000024e3   Thumb Code     2  handlers.o(i.__scatterload_null)
    __scatterload_zeroinit                   0x000024e5   Thumb Code    14  handlers.o(i.__scatterload_zeroinit)
    _sl_BuildAddress                         0x000024f3   Thumb Code    38  socket.o(i._sl_BuildAddress)
    _sl_HandleAsync_Accept                   0x00002519   Thumb Code   110  socket.o(i._sl_HandleAsync_Accept)
    _sl_HandleAsync_Connect                  0x0000258d   Thumb Code   120  socket.o(i._sl_HandleAsync_Connect)
    _sl_HandleAsync_DnsGetHostByName         0x00002609   Thumb Code   110  netapp.o(i._sl_HandleAsync_DnsGetHostByName)
    _sl_HandleAsync_DnsGetHostByService      0x0000267d   Thumb Code   102  netapp.o(i._sl_HandleAsync_DnsGetHostByService)
    _sl_HandleAsync_InitComplete             0x000026e9   Thumb Code   126  device.o(i._sl_HandleAsync_InitComplete)
    _sl_HandleAsync_PingResponse             0x0000276d   Thumb Code   120  netapp.o(i._sl_HandleAsync_PingResponse)
    _sl_HandleAsync_Select                   0x000027ed   Thumb Code    94  socket.o(i._sl_HandleAsync_Select)
    _sl_HandleAsync_Stop                     0x00002851   Thumb Code    90  device.o(i._sl_HandleAsync_Stop)
    _sl_TruncatePayloadByProtocol            0x000028b1   Thumb Code    84  socket.o(i._sl_TruncatePayloadByProtocol)
    initClk                                  0x00002a15   Thumb Code    20  board.o(i.initClk)
    main                                     0x00002a2d   Thumb Code   280  main.o(i.main)
    registerInterruptHandler                 0x00002bc1   Thumb Code     8  board.o(i.registerInterruptHandler)
    sl_Close                                 0x00002bcd   Thumb Code    26  socket.o(i.sl_Close)
    sl_Connect                               0x00002bed   Thumb Code   224  socket.o(i.sl_Connect)
    sl_DevGet                                0x00002cd9   Thumb Code   104  device.o(i.sl_DevGet)
    sl_Htonl                                 0x00002d49   Thumb Code    40  socket.o(i.sl_Htonl)
    sl_Htons                                 0x00002d71   Thumb Code    48  socket.o(i.sl_Htons)
    sl_NetAppDnsGetHostByName                0x00002da1   Thumb Code   202  netapp.o(i.sl_NetAppDnsGetHostByName)
    sl_NetAppMDNSRegisterUnregisterService   0x00002e79   Thumb Code   118  netapp.o(i.sl_NetAppMDNSRegisterUnregisterService)
    sl_NetAppMDNSUnRegisterService           0x00002ef5   Thumb Code    18  netapp.o(i.sl_NetAppMDNSUnRegisterService)
    sl_NetAppSendTokenValue                  0x00002f09   Thumb Code    74  netapp.o(i.sl_NetAppSendTokenValue)
    sl_NetCfgSet                             0x00002f59   Thumb Code    58  netcfg.o(i.sl_NetCfgSet)
    sl_Recv                                  0x00002f99   Thumb Code    58  socket.o(i.sl_Recv)
    sl_Send                                  0x00002fd9   Thumb Code   162  socket.o(i.sl_Send)
    sl_Socket                                0x00003085   Thumb Code    42  socket.o(i.sl_Socket)
    sl_Start                                 0x000030b5   Thumb Code   170  device.o(i.sl_Start)
    sl_Stop                                  0x0000316d   Thumb Code   186  device.o(i.sl_Stop)
    sl_WlanConnect                           0x00003235   Thumb Code   414  wlan.o(i.sl_WlanConnect)
    sl_WlanDisconnect                        0x000033d9   Thumb Code     8  wlan.o(i.sl_WlanDisconnect)
    sl_WlanPolicySet                         0x000033e1   Thumb Code    52  wlan.o(i.sl_WlanPolicySet)
    sl_WlanProfileDel                        0x00003419   Thumb Code    26  wlan.o(i.sl_WlanProfileDel)
    sl_WlanSet                               0x00003439   Thumb Code    60  wlan.o(i.sl_WlanSet)
    sl_WlanSetMode                           0x00003479   Thumb Code    26  wlan.o(i.sl_WlanSetMode)
    spi_Close                                0x00003499   Thumb Code    10  spi.o(i.spi_Close)
    spi_Open                                 0x000034a5   Thumb Code   214  spi.o(i.spi_Open)
    spi_Read                                 0x000035a5   Thumb Code    78  spi.o(i.spi_Read)
    spi_Write                                0x000035fd   Thumb Code    76  spi.o(i.spi_Write)
    _SlStopCmdCtrl                           0x0000373e   Data           4  device.o(.constdata)
    _SlEventMaskSetCmdCtrl                   0x00003742   Data           4  device.o(.constdata)
    _SlEventMaskGetCmdCtrl                   0x00003746   Data           4  device.o(.constdata)
    _SlDeviceGetCmdCtrl                      0x0000374a   Data           4  device.o(.constdata)
    _SlDeviceSetCmdCtrl                      0x0000374e   Data           4  device.o(.constdata)
    g_H2NSyncPattern                         0x00003754   Data           8  driver.o(.constdata)
    g_H2NCnysPattern                         0x0000375c   Data           8  driver.o(.constdata)
    _SlActionLookupTable                     0x00003764   Data          56  driver.o(.constdata)
    _SlNetAppStartCtrl                       0x0000379c   Data           4  netapp.o(.constdata)
    _SlNetAppStopCtrl                        0x000037a0   Data           4  netapp.o(.constdata)
    _SlGetServiceListeCtrl                   0x000037a4   Data           4  netapp.o(.constdata)
    _SlRegisterServiceCtrl                   0x000037a8   Data           4  netapp.o(.constdata)
    _SlGetHostByServiceCtrl                  0x000037ac   Data           4  netapp.o(.constdata)
    _SlGetHostByNameCtrl                     0x000037b0   Data           4  netapp.o(.constdata)
    _SlNetAppSetCmdCtrl                      0x000037b4   Data           4  netapp.o(.constdata)
    _SlNetAppSendTokenValueCmdCtrl           0x000037b8   Data           4  netapp.o(.constdata)
    _SlNetAppGetCmdCtrl                      0x000037bc   Data           4  netapp.o(.constdata)
    _SlNetCfgSetCmdCtrl                      0x000037c4   Data           4  netcfg.o(.constdata)
    _SlNetCfgGetCmdCtrl                      0x000037c8   Data           4  netcfg.o(.constdata)
    _SlSockSocketCmdCtrl                     0x000037cc   Data           4  socket.o(.constdata)
    _SlSockCloseCmdCtrl                      0x000037d0   Data           4  socket.o(.constdata)
    _SlRecvfomCmdCtrl                        0x000037d4   Data           4  socket.o(.constdata)
    _SlSendCmdCtrl                           0x000037d8   Data           4  socket.o(.constdata)
    _SlListenCmdCtrl                         0x000037dc   Data           4  socket.o(.constdata)
    _SlAcceptCmdCtrl                         0x000037e0   Data           4  socket.o(.constdata)
    _SlRecvCmdCtrl                           0x000037e4   Data           4  socket.o(.constdata)
    _SlSetSockOptCmdCtrl                     0x000037e8   Data           4  socket.o(.constdata)
    _SlGetSockOptCmdCtrl                     0x000037ec   Data           4  socket.o(.constdata)
    _SlSelectCmdCtrl                         0x000037f0   Data           4  socket.o(.constdata)
    _SlPolicySetCmdCtrl                      0x000037fc   Data           4  wlan.o(.constdata)
    _SlPolicyGetCmdCtrl                      0x00003800   Data           4  wlan.o(.constdata)
    _SlProfileGetCmdCtrl                     0x00003804   Data           4  wlan.o(.constdata)
    _SlProfileDelCmdCtrl                     0x00003808   Data           4  wlan.o(.constdata)
    _SlWlanGetNetworkListCtrl                0x0000380c   Data           4  wlan.o(.constdata)
    _SlRxFilterAddtCmdCtrl                   0x00003810   Data           4  wlan.o(.constdata)
    _SlRxFilterSetCmdCtrl                    0x00003814   Data           4  wlan.o(.constdata)
    _SlRxFilterGetCmdCtrl                    0x00003818   Data           4  wlan.o(.constdata)
    _SlSmartConfigStartCmdCtrl               0x0000381c   Data           4  wlan.o(.constdata)
    _SlWlanSetModeCmdCtrl                    0x00003820   Data           4  wlan.o(.constdata)
    _SlWlanCfgSetCmdCtrl                     0x00003824   Data           4  wlan.o(.constdata)
    _SlWlanCfgGetCmdCtrl                     0x00003828   Data           4  wlan.o(.constdata)
    Region$$Table$$Base                      0x00003d4c   Number         0  anon$$obj.o(Region$$Table)
    Region$$Table$$Limit                     0x00003d6c   Number         0  anon$$obj.o(Region$$Table)
    g_Status                                 0x20000000   Data           4  main.o(.data)
    DestinationIP                            0x20000004   Data           4  main.o(.data)
    SockID                                   0x20000008   Data           4  main.o(.data)
    IntIsMasked                              0x2000000c   Data           1  board.o(.data)
    pIrqEventHandler                         0x20000010   Data           4  board.o(.data)
    g_pCB                                    0x20000014   Data           4  driver.o(.data)
    pPingCallBackFunc                        0x20000018   Data           4  driver.o(.data)
    Recvbuff                                 0x20000038   Data        1024  main.o(.bss)
    SendBuff                                 0x20000438   Data         512  main.o(.bss)
    HostName                                 0x20000638   Data          40  main.o(.bss)
    g_StatMem                                0x20000660   Data         356  driver.o(.bss)
    g__SlNonOsCB                             0x200007c4   Data          40  nonos.o(.bss)
    __initial_sp                             0x20004c70   Data           0  startup_rvmdk.o(STACK)



==============================================================================

Memory Map of the image

  Image Entry point : 0x0000026d

  Load Region LR_IROM (Base: 0x00000000, Size: 0x00003da4, Max: 0x00040000, ABSOLUTE)

    Execution Region ER_IROM (Base: 0x00000000, Size: 0x00003d6c, Max: 0x00040000, ABSOLUTE)

    Base Addr    Size         Type   Attr      Idx    E Section Name        Object

    0x00000000   0x00000288   Code   RO         1129  * RESET               startup_rvmdk.o
    0x00000288   0x00000000   Code   RO         2792  * .ARM.Collect$$$$00000000  mc_w.l(entry.o)
    0x00000288   0x00000004   Code   RO         2805    .ARM.Collect$$$$00000001  mc_w.l(entry2.o)
    0x0000028c   0x00000004   Code   RO         2808    .ARM.Collect$$$$00000004  mc_w.l(entry5.o)
    0x00000290   0x00000000   Code   RO         2810    .ARM.Collect$$$$00000008  mc_w.l(entry7b.o)
    0x00000290   0x00000000   Code   RO         2812    .ARM.Collect$$$$0000000A  mc_w.l(entry8b.o)
    0x00000290   0x00000008   Code   RO         2813    .ARM.Collect$$$$0000000B  mc_w.l(entry9a.o)
    0x00000298   0x00000000   Code   RO         2815    .ARM.Collect$$$$0000000D  mc_w.l(entry10a.o)
    0x00000298   0x00000000   Code   RO         2817    .ARM.Collect$$$$0000000F  mc_w.l(entry11a.o)
    0x00000298   0x00000004   Code   RO         2806    .ARM.Collect$$$$00002712  mc_w.l(entry2.o)
    0x0000029c   0x00000006   Code   RO         2151    .emb_text           driverlib.lib(sysctl.o)
    0x000002a2   0x00000002   PAD
    0x000002a4   0x00000026   Code   RO         2782    .emb_text           driverlib.lib(cpu.o)
    0x000002ca   0x00000024   Code   RO         2795    .text               mc_w.l(memcpya.o)
    0x000002ee   0x00000024   Code   RO         2797    .text               mc_w.l(memseta.o)
    0x00000312   0x0000000e   Code   RO         2799    .text               mc_w.l(strlen.o)
    0x00000320   0x00000012   Code   RO         2801    .text               mc_w.l(strcpy.o)
    0x00000332   0x00000002   PAD
    0x00000334   0x00000024   Code   RO         2819    .text               mc_w.l(init.o)
    0x00000358   0x00000014   Code   RO          347    i.Board_Input       led.o
    0x0000036c   0x0000000c   Code   RO          158    i.CC3100_InterruptDisable  board.o
    0x00000378   0x0000000c   Code   RO          159    i.CC3100_InterruptEnable  board.o
    0x00000384   0x00000014   Code   RO          160    i.CC3100_disable    board.o
    0x00000398   0x00000014   Code   RO          161    i.CC3100_enable     board.o
    0x000003ac   0x0000001a   Code   RO          752    i.CopyPingResultsToReport  netapp.o
    0x000003c6   0x00000012   Code   RO            1    i.Crash             main.o
    0x000003d8   0x00000010   Code   RO         1501    i.FPUEnable         driverlib.lib(fpu.o)
    0x000003e8   0x00000010   Code   RO         1504    i.FPULazyStackingEnable  driverlib.lib(fpu.o)
    0x000003f8   0x00000034   Code   RO          163    i.GPIOB_intHandler  board.o
    0x0000042c   0x00000028   Code   RO         1574    i.GPIODirModeSet    driverlib.lib(gpio.o)
    0x00000454   0x00000006   Code   RO         1575    i.GPIOIntClear      driverlib.lib(gpio.o)
    0x0000045a   0x0000000e   Code   RO         1576    i.GPIOIntDisable    driverlib.lib(gpio.o)
    0x00000468   0x0000000e   Code   RO         1577    i.GPIOIntEnable     driverlib.lib(gpio.o)
    0x00000476   0x0000000e   Code   RO         1579    i.GPIOIntStatus     driverlib.lib(gpio.o)
    0x00000484   0x00000050   Code   RO         1581    i.GPIOIntTypeSet    driverlib.lib(gpio.o)
    0x000004d4   0x0000013a   Code   RO         1584    i.GPIOPadConfigSet  driverlib.lib(gpio.o)
    0x0000060e   0x00000002   PAD
    0x00000610   0x00000048   Code   RO         1585    i.GPIOPinConfigure  driverlib.lib(gpio.o)
    0x00000658   0x0000001c   Code   RO         1594    i.GPIOPinTypeGPIOInput  driverlib.lib(gpio.o)
    0x00000674   0x0000001c   Code   RO         1608    i.GPIOPinTypeSSI    driverlib.lib(gpio.o)
    0x00000690   0x0000001c   Code   RO         1610    i.GPIOPinTypeUART   driverlib.lib(gpio.o)
    0x000006ac   0x00000006   Code   RO         1616    i.GPIOPinWrite      driverlib.lib(gpio.o)
    0x000006b2   0x00000044   Code   RO          407    i.GetStartResponseConvert  device.o
    0x000006f6   0x00000002   PAD
    0x000006f8   0x00000064   Code   RO         1887    i.IntEnable         driverlib.lib(interrupt.o)
    0x0000075c   0x0000000e   Code   RO         1890    i.IntMasterEnable   driverlib.lib(interrupt.o)
    0x0000076a   0x00000010   Code   RO         1261    i.IsBufferEmpty     uartstdio.o
    0x0000077a   0x0000001a   Code   RO         1262    i.IsBufferFull      uartstdio.o
    0x00000794   0x0000000c   Code   RO          349    i.LED_GreenOff      led.o
    0x000007a0   0x0000000c   Code   RO          350    i.LED_GreenOn       led.o
    0x000007ac   0x00000064   Code   RO          352    i.LED_Init          led.o
    0x00000810   0x00000010   Code   RO          355    i.LED_RedToggle     led.o
    0x00000820   0x0000004a   Code   RO         2007    i.SSIConfigSetExpClk  driverlib.lib(ssi.o)
    0x0000086a   0x00000014   Code   RO         2011    i.SSIDataGetNonBlocking  driverlib.lib(ssi.o)
    0x0000087e   0x00000010   Code   RO         2013    i.SSIDataPutNonBlocking  driverlib.lib(ssi.o)
    0x0000088e   0x0000000a   Code   RO         2015    i.SSIEnable         driverlib.lib(ssi.o)
    0x00000898   0x0000002c   Code   RO            3    i.SimpleLinkHttpServerCallback  main.o
    0x000008c4   0x00000040   Code   RO            4    i.SimpleLinkNetAppEventHandler  main.o
    0x00000904   0x000000d0   Code   RO            6    i.SimpleLinkWlanEventHandler  main.o
    0x000009d4   0x00000164   Code   RO         2154    i.SysCtlClockGet    driverlib.lib(sysctl.o)
    0x00000b38   0x00000120   Code   RO         2156    i.SysCtlClockSet    driverlib.lib(sysctl.o)
    0x00000c58   0x00000028   Code   RO         2185    i.SysCtlPeripheralEnable  driverlib.lib(sysctl.o)
    0x00000c80   0x00000028   Code   RO         1264    i.UARTFlushRx       uartstdio.o
    0x00000ca8   0x00000038   Code   RO         1265    i.UARTFlushTx       uartstdio.o
    0x00000ce0   0x00000078   Code   RO         1268    i.UARTPrimeTransmit  uartstdio.o
    0x00000d58   0x00000098   Code   RO         1270    i.UARTStdioConfig   uartstdio.o
    0x00000df0   0x00000108   Code   RO         1271    i.UARTStdioIntHandler  uartstdio.o
    0x00000ef8   0x00000044   Code   RO            7    i.UART_Init         main.o
    0x00000f3c   0x00000012   Code   RO         1275    i.UARTprintf        uartstdio.o
    0x00000f4e   0x00000002   PAD
    0x00000f50   0x000001b4   Code   RO         1276    i.UARTvprintf       uartstdio.o
    0x00001104   0x00000090   Code   RO         1277    i.UARTwrite         uartstdio.o
    0x00001194   0x000002e0   Code   RO          531    i._SlAsyncEventGenericHandler  driver.o
    0x00001474   0x00000028   Code   RO          532    i._SlDrvBasicCmd    driver.o
    0x0000149c   0x00000088   Code   RO          533    i._SlDrvClassifyRxMsg  driver.o
    0x00001524   0x00000054   Code   RO          534    i._SlDrvCmdOp       driver.o
    0x00001578   0x0000001c   Code   RO          535    i._SlDrvCmdSend     driver.o
    0x00001594   0x00000150   Code   RO          536    i._SlDrvDataReadOp  driver.o
    0x000016e4   0x00000114   Code   RO          537    i._SlDrvDataWriteOp  driver.o
    0x000017f8   0x0000001a   Code   RO          408    i._SlDrvDeviceEventHandler  device.o
    0x00001812   0x00000002   PAD
    0x00001814   0x00000060   Code   RO          538    i._SlDrvDriverCBDeinit  driver.o
    0x00001874   0x00000090   Code   RO          539    i._SlDrvDriverCBInit  driver.o
    0x00001904   0x0000002c   Code   RO          677    i._SlDrvFlowContDeinit  flowcont.o
    0x00001930   0x00000030   Code   RO          678    i._SlDrvFlowContInit  flowcont.o
    0x00001960   0x0000034c   Code   RO          540    i._SlDrvMsgRead     driver.o
    0x00001cac   0x000000a4   Code   RO          541    i._SlDrvMsgReadCmdCtx  driver.o
    0x00001d50   0x00000088   Code   RO          542    i._SlDrvMsgReadSpawnCtx  driver.o
    0x00001dd8   0x000000f0   Code   RO          543    i._SlDrvMsgWrite    driver.o
    0x00001ec8   0x000000c6   Code   RO          753    i._SlDrvNetAppEventHandler  netapp.o
    0x00001f8e   0x00000002   PAD
    0x00001f90   0x00000018   Code   RO          544    i._SlDrvObjDeInit   driver.o
    0x00001fa8   0x0000003c   Code   RO          545    i._SlDrvObjInit     driver.o
    0x00001fe4   0x000000e4   Code   RO          546    i._SlDrvReleasePoolObj  driver.o
    0x000020c8   0x0000012c   Code   RO          547    i._SlDrvRxHdrRead   driver.o
    0x000021f4   0x0000003c   Code   RO          548    i._SlDrvRxIrqHandler  driver.o
    0x00002230   0x00000016   Code   RO          549    i._SlDrvShiftDWord  driver.o
    0x00002246   0x00000002   PAD
    0x00002248   0x00000104   Code   RO          550    i._SlDrvWaitForPoolObj  driver.o
    0x0000234c   0x00000094   Code   RO          551    i._SlFindAndSetActiveObj  driver.o
    0x000023e0   0x00000040   Code   RO          890    i._SlNonOsMainLoopTask  nonos.o
    0x00002420   0x00000032   Code   RO          891    i._SlNonOsSemGet    nonos.o
    0x00002452   0x00000006   Code   RO          892    i._SlNonOsSemSet    nonos.o
    0x00002458   0x00000024   Code   RO          893    i._SlNonOsSpawn     nonos.o
    0x0000247c   0x00000058   Code   RO          552    i._SlRemoveFromList  driver.o
    0x000024d4   0x0000000e   Code   RO         2823    i.__scatterload_copy  mc_w.l(handlers.o)
    0x000024e2   0x00000002   Code   RO         2824    i.__scatterload_null  mc_w.l(handlers.o)
    0x000024e4   0x0000000e   Code   RO         2825    i.__scatterload_zeroinit  mc_w.l(handlers.o)
    0x000024f2   0x00000026   Code   RO          927    i._sl_BuildAddress  socket.o
    0x00002518   0x00000074   Code   RO          928    i._sl_HandleAsync_Accept  socket.o
    0x0000258c   0x0000007c   Code   RO          929    i._sl_HandleAsync_Connect  socket.o
    0x00002608   0x00000074   Code   RO          755    i._sl_HandleAsync_DnsGetHostByName  netapp.o
    0x0000267c   0x0000006c   Code   RO          756    i._sl_HandleAsync_DnsGetHostByService  netapp.o
    0x000026e8   0x00000084   Code   RO          409    i._sl_HandleAsync_InitComplete  device.o
    0x0000276c   0x00000080   Code   RO          757    i._sl_HandleAsync_PingResponse  netapp.o
    0x000027ec   0x00000064   Code   RO          930    i._sl_HandleAsync_Select  socket.o
    0x00002850   0x00000060   Code   RO          410    i._sl_HandleAsync_Stop  device.o
    0x000028b0   0x00000054   Code   RO          932    i._sl_TruncatePayloadByProtocol  socket.o
    0x00002904   0x00000110   Code   RO            8    i.configureSimpleLinkToDefaultState  main.o
    0x00002a14   0x00000018   Code   RO          167    i.initClk           board.o
    0x00002a2c   0x00000194   Code   RO            9    i.main              main.o
    0x00002bc0   0x0000000c   Code   RO          168    i.registerInterruptHandler  board.o
    0x00002bcc   0x00000020   Code   RO          935    i.sl_Close          socket.o
    0x00002bec   0x000000ec   Code   RO          936    i.sl_Connect        socket.o
    0x00002cd8   0x00000070   Code   RO          411    i.sl_DevGet         device.o
    0x00002d48   0x00000028   Code   RO          938    i.sl_Htonl          socket.o
    0x00002d70   0x00000030   Code   RO          939    i.sl_Htons          socket.o
    0x00002da0   0x000000d8   Code   RO          758    i.sl_NetAppDnsGetHostByName  netapp.o
    0x00002e78   0x0000007c   Code   RO          763    i.sl_NetAppMDNSRegisterUnregisterService  netapp.o
    0x00002ef4   0x00000012   Code   RO          764    i.sl_NetAppMDNSUnRegisterService  netapp.o
    0x00002f06   0x00000002   PAD
    0x00002f08   0x00000050   Code   RO          766    i.sl_NetAppSendTokenValue  netapp.o
    0x00002f58   0x00000040   Code   RO          870    i.sl_NetCfgSet      netcfg.o
    0x00002f98   0x00000040   Code   RO          941    i.sl_Recv           socket.o
    0x00002fd8   0x000000ac   Code   RO          944    i.sl_Send           socket.o
    0x00003084   0x00000030   Code   RO          947    i.sl_Socket         socket.o
    0x000030b4   0x000000b8   Code   RO          415    i.sl_Start          device.o
    0x0000316c   0x000000c8   Code   RO          416    i.sl_Stop           device.o
    0x00003234   0x000001a4   Code   RO         1137    i.sl_WlanConnect    wlan.o
    0x000033d8   0x00000008   Code   RO         1138    i.sl_WlanDisconnect  wlan.o
    0x000033e0   0x00000038   Code   RO         1142    i.sl_WlanPolicySet  wlan.o
    0x00003418   0x00000020   Code   RO         1144    i.sl_WlanProfileDel  wlan.o
    0x00003438   0x00000040   Code   RO         1152    i.sl_WlanSet        wlan.o
    0x00003478   0x00000020   Code   RO         1153    i.sl_WlanSetMode    wlan.o
    0x00003498   0x0000000a   Code   RO         1088    i.spi_Close         spi.o
    0x000034a2   0x00000002   PAD
    0x000034a4   0x00000100   Code   RO         1089    i.spi_Open          spi.o
    0x000035a4   0x00000058   Code   RO         1090    i.spi_Read          spi.o
    0x000035fc   0x00000054   Code   RO         1091    i.spi_Write         spi.o
    0x00003650   0x000000ed   Data   RO           11    .constdata          main.o
    0x0000373d   0x00000001   PAD
    0x0000373e   0x00000014   Data   RO          418    .constdata          device.o
    0x00003752   0x00000002   PAD
    0x00003754   0x00000048   Data   RO          554    .constdata          driver.o
    0x0000379c   0x00000028   Data   RO          770    .constdata          netapp.o
    0x000037c4   0x00000008   Data   RO          871    .constdata          netcfg.o
    0x000037cc   0x00000030   Data   RO          948    .constdata          socket.o
    0x000037fc   0x00000034   Data   RO         1156    .constdata          wlan.o
    0x00003830   0x00000028   Data   RO         1279    .constdata          uartstdio.o
    0x00003858   0x00000210   Data   RO         1617    .constdata          driverlib.lib(gpio.o)
    0x00003a68   0x0000010c   Data   RO         1903    .constdata          driverlib.lib(interrupt.o)
    0x00003b74   0x000001c4   Data   RO         2206    .constdata          driverlib.lib(sysctl.o)
    0x00003d38   0x00000011   Data   RO         1280    .conststring        uartstdio.o
    0x00003d49   0x00000003   PAD
    0x00003d4c   0x00000020   Data   RO         2821    Region$$Table       anon$$obj.o


    Execution Region RW_IRAM (Base: 0x20000000, Size: 0x00004c70, Max: 0x00008000, ABSOLUTE)

    Base Addr    Size         Type   Attr      Idx    E Section Name        Object

    0x20000000   0x0000000c   Data   RW           12    .data               main.o
    0x2000000c   0x00000008   Data   RW          170    .data               board.o
    0x20000014   0x00000004   Data   RW          555    .data               driver.o
    0x20000018   0x00000004   Data   RW          556    .data               driver.o
    0x2000001c   0x0000001c   Data   RW         1281    .data               uartstdio.o
    0x20000038   0x00000628   Zero   RW           10    .bss                main.o
    0x20000660   0x00000164   Zero   RW          553    .bss                driver.o
    0x200007c4   0x00000028   Zero   RW          894    .bss                nonos.o
    0x200007ec   0x00000480   Zero   RW         1278    .bss                uartstdio.o
    0x20000c6c   0x00000004   PAD
    0x20000c70   0x00004000   Zero   RW         1127    STACK               startup_rvmdk.o


==============================================================================

Image component sizes


      Code (inc. data)   RO Data    RW Data    ZI Data      Debug   Object Name

       152         32          0          8          0       3571   board.o
       818         48         20          0          0      73337   device.o
      4450        156         72          8        356      21797   driver.o
        92         10          0          0          0       1068   flowcont.o
       160         38          0          0          0       1878   led.o
      1078        394        237         12       1576      38841   main.o
      1014         46         40          0          0       9506   netapp.o
        64          6          8          0          0       1417   netcfg.o
         0          0          0          0          0       2768   nokia5110.o
       156         16          0          0         40       3088   nonos.o
      1102         68         48          0          0       9633   socket.o
       438         60          0          0          0       2366   spi.o
       648        622          0          0      16384        212   startup_rvmdk.o
      1272         72         57         28       1152       8279   uartstdio.o
       612         26         52          0          0       6434   wlan.o

    ----------------------------------------------------------------------
     12070       1594        572         56      19512     184195   Object Totals
         0          0         32          0          0          0   (incl. Generated)
        14          0          6          0          4          0   (incl. Padding)

    ----------------------------------------------------------------------

      Code (inc. data)   RO Data    RW Data    ZI Data      Debug   Library Member Name

        38          0          0          0          0        504   cpu.o
        32          8          0          0          0        780   fpu.o
       644          8        528          0          0       6797   gpio.o
       114          8        268          0          0       1774   interrupt.o
       120          0          0          0          0       2749   ssi.o
       690         64        452          0          0       3951   sysctl.o
         0          0          0          0          0          0   entry.o
         0          0          0          0          0          0   entry10a.o
         0          0          0          0          0          0   entry11a.o
         8          4          0          0          0          0   entry2.o
         4          0          0          0          0          0   entry5.o
         0          0          0          0          0          0   entry7b.o
         0          0          0          0          0          0   entry8b.o
         8          4          0          0          0          0   entry9a.o
        30          0          0          0          0          0   handlers.o
        36          8          0          0          0         68   init.o
        36          0          0          0          0         68   memcpya.o
        36          0          0          0          0        108   memseta.o
        18          0          0          0          0         68   strcpy.o
        14          0          0          0          0         68   strlen.o

    ----------------------------------------------------------------------
      1834        104       1248          0          0      16935   Library Totals
         6          0          0          0          0          0   (incl. Padding)

    ----------------------------------------------------------------------

      Code (inc. data)   RO Data    RW Data    ZI Data      Debug   Library Name

      1638         88       1248          0          0      16555   driverlib.lib
       190         16          0          0          0        380   mc_w.l

    ----------------------------------------------------------------------
      1834        104       1248          0          0      16935   Library Totals

    ----------------------------------------------------------------------

==============================================================================


      Code (inc. data)   RO Data    RW Data    ZI Data      Debug   

     13904       1698       1820         56      19512     189826   Grand Totals
     13904       1698       1820         56      19512     189826   ELF Image Totals
     13904       1698       1820         56          0          0   ROM Totals

==============================================================================

    Total RO  Size (Code + RO Data)                15724 (  15.36kB)
    Total RW  Size (RW Data + ZI Data)             19568 (  19.11kB)
    Total ROM Size (Code + RO Data + RW Data)      15780 (  15.41kB)

==============================================================================

