ARM Linker, 5.03 [Build 76] [MDK-ARM Lite]

==============================================================================

Section Cross References

    startup.o(STACK) refers (Special) to heapauxi.o(.text) for __use_two_region_memory
    startup.o(HEAP) refers (Special) to heapauxi.o(.text) for __use_two_region_memory
    startup.o(RESET) refers (Special) to heapauxi.o(.text) for __use_two_region_memory
    startup.o(RESET) refers to startup.o(STACK) for StackMem
    startup.o(RESET) refers to spaceinvaders.o(i.SysTick_Handler) for SysTick_Handler
    startup.o(RESET) refers to spaceinvaders.o(i.GPIOPortE_Handler) for GPIOPortE_Handler
    startup.o(RESET) refers to sound.o(i.Timer2A_Handler) for Timer2A_Handler
    startup.o(RESET) refers to texas.o(i.Timer4A_Handler) for Timer4A_Handler
    startup.o(RESET) refers to texas.o(i.Timer5A_Handler) for Timer5A_Handler
    startup.o(RESET) refers to __main.o(!!!main) for __main
    startup.o(.text) refers (Special) to heapauxi.o(.text) for __use_two_region_memory
    startup.o(.text) refers to startup.o(HEAP) for HeapMem
    startup.o(.text) refers to startup.o(STACK) for StackMem
    nokia5110.o(i.Nokia5110_Clear) refers to nokia5110.o(i.lcdwrite) for lcdwrite
    nokia5110.o(i.Nokia5110_Clear) refers to nokia5110.o(i.Nokia5110_SetCursor) for Nokia5110_SetCursor
    nokia5110.o(i.Nokia5110_ClearBuffer) refers to nokia5110.o(.bss) for Screen
    nokia5110.o(i.Nokia5110_DisplayBuffer) refers to nokia5110.o(i.Nokia5110_DrawFullImage) for Nokia5110_DrawFullImage
    nokia5110.o(i.Nokia5110_DisplayBuffer) refers to nokia5110.o(.bss) for Screen
    nokia5110.o(i.Nokia5110_DrawFullImage) refers to nokia5110.o(i.Nokia5110_SetCursor) for Nokia5110_SetCursor
    nokia5110.o(i.Nokia5110_DrawFullImage) refers to nokia5110.o(i.lcdwrite) for lcdwrite
    nokia5110.o(i.Nokia5110_Init) refers to nokia5110.o(i.lcdwrite) for lcdwrite
    nokia5110.o(i.Nokia5110_OutChar) refers to nokia5110.o(i.lcdwrite) for lcdwrite
    nokia5110.o(i.Nokia5110_OutChar) refers to nokia5110.o(.constdata) for ASCII
    nokia5110.o(i.Nokia5110_OutString) refers to nokia5110.o(i.Nokia5110_OutChar) for Nokia5110_OutChar
    nokia5110.o(i.Nokia5110_OutUDec) refers to nokia5110.o(i.Nokia5110_OutString) for Nokia5110_OutString
    nokia5110.o(i.Nokia5110_OutUDec) refers to nokia5110.o(i.Nokia5110_OutChar) for Nokia5110_OutChar
    nokia5110.o(i.Nokia5110_PrintBMP) refers to nokia5110.o(.bss) for Screen
    nokia5110.o(i.Nokia5110_SetCursor) refers to nokia5110.o(i.lcdwrite) for lcdwrite
    random.o(.text) refers to random.o(DATA) for M
    spaceinvaders.o(i.Bunker_Init) refers to spaceinvaders.o(.bss) for Bunker
    spaceinvaders.o(i.Bunker_Init) refers to spaceinvaders.o(.constdata) for PlayerShip0
    spaceinvaders.o(i.Check_Damage) refers to sound.o(i.Sound_Killed) for Sound_Killed
    spaceinvaders.o(i.Check_Damage) refers to spaceinvaders.o(.bss) for Missile
    spaceinvaders.o(i.Check_Damage) refers to spaceinvaders.o(.data) for numEnemies
    spaceinvaders.o(i.Check_Damage) refers to spaceinvaders.o(.constdata) for SmallExplosion0
    spaceinvaders.o(i.Draw) refers to nokia5110.o(i.Nokia5110_ClearBuffer) for Nokia5110_ClearBuffer
    spaceinvaders.o(i.Draw) refers to spaceinvaders.o(i.Check_Damage) for Check_Damage
    spaceinvaders.o(i.Draw) refers to nokia5110.o(i.Nokia5110_PrintBMP) for Nokia5110_PrintBMP
    spaceinvaders.o(i.Draw) refers to nokia5110.o(i.Nokia5110_DisplayBuffer) for Nokia5110_DisplayBuffer
    spaceinvaders.o(i.Draw) refers to spaceinvaders.o(.bss) for Enemy
    spaceinvaders.o(i.Draw) refers to spaceinvaders.o(.data) for FrameCount
    spaceinvaders.o(i.Enemy_Init) refers to spaceinvaders.o(.bss) for Enemy
    spaceinvaders.o(i.Enemy_Init) refers to spaceinvaders.o(.constdata) for SmallEnemy30PointA
    spaceinvaders.o(i.Enemy_Init) refers to spaceinvaders.o(.data) for numEnemies
    spaceinvaders.o(i.Enemy_Laser_Init) refers to spaceinvaders.o(.bss) for Enemy
    spaceinvaders.o(i.Enemy_Laser_Init) refers to spaceinvaders.o(.data) for randomnum
    spaceinvaders.o(i.Enemy_Laser_Init) refers to spaceinvaders.o(.constdata) for SmallEnemy30PointA
    spaceinvaders.o(i.Enemy_Laser_Move) refers to spaceinvaders.o(.bss) for Laser
    spaceinvaders.o(i.Enemy_Laser_Move) refers to spaceinvaders.o(.data) for numEnemies
    spaceinvaders.o(i.Enemy_Missile_Init) refers to spaceinvaders.o(.bss) for Enemy
    spaceinvaders.o(i.Enemy_Missile_Init) refers to spaceinvaders.o(.data) for randomnum
    spaceinvaders.o(i.Enemy_Missile_Init) refers to spaceinvaders.o(.constdata) for SmallEnemy30PointA
    spaceinvaders.o(i.Enemy_Missile_Move) refers to spaceinvaders.o(.bss) for Missile
    spaceinvaders.o(i.Enemy_Missile_Move) refers to spaceinvaders.o(.data) for numEnemies
    spaceinvaders.o(i.Enemy_Move) refers to spaceinvaders.o(i.UFO_Init) for UFO_Init
    spaceinvaders.o(i.Enemy_Move) refers to spaceinvaders.o(.bss) for Enemy
    spaceinvaders.o(i.Enemy_Move) refers to spaceinvaders.o(.data) for enemyDir
    spaceinvaders.o(i.GPIOPortE_Handler) refers to spaceinvaders.o(.data) for playMissile
    spaceinvaders.o(i.GPIOPortE_Handler) refers to spaceinvaders.o(.bss) for Missile
    spaceinvaders.o(i.Game_Over) refers to spaceinvaders.o(i.Delay100ms) for Delay100ms
    spaceinvaders.o(i.Game_Over) refers to nokia5110.o(i.Nokia5110_Clear) for Nokia5110_Clear
    spaceinvaders.o(i.Game_Over) refers to nokia5110.o(i.Nokia5110_SetCursor) for Nokia5110_SetCursor
    spaceinvaders.o(i.Game_Over) refers to nokia5110.o(i.Nokia5110_OutString) for Nokia5110_OutString
    spaceinvaders.o(i.Laser_Move) refers to spaceinvaders.o(.data) for playLaser
    spaceinvaders.o(i.Laser_Move) refers to spaceinvaders.o(.bss) for Laser
    spaceinvaders.o(i.Level_Check) refers to spaceinvaders.o(i.Game_Over) for Game_Over
    spaceinvaders.o(i.Level_Check) refers to spaceinvaders.o(i.Delay100ms) for Delay100ms
    spaceinvaders.o(i.Level_Check) refers to nokia5110.o(i.Nokia5110_Clear) for Nokia5110_Clear
    spaceinvaders.o(i.Level_Check) refers to nokia5110.o(i.Nokia5110_SetCursor) for Nokia5110_SetCursor
    spaceinvaders.o(i.Level_Check) refers to nokia5110.o(i.Nokia5110_OutString) for Nokia5110_OutString
    spaceinvaders.o(i.Level_Check) refers to nokia5110.o(i.Nokia5110_OutUDec) for Nokia5110_OutUDec
    spaceinvaders.o(i.Level_Check) refers to spaceinvaders.o(i.Enemy_Init) for Enemy_Init
    spaceinvaders.o(i.Level_Check) refers to spaceinvaders.o(i.Bunker_Init) for Bunker_Init
    spaceinvaders.o(i.Level_Check) refers to spaceinvaders.o(i.Player_Init) for Player_Init
    spaceinvaders.o(i.Level_Check) refers to spaceinvaders.o(.bss) for Player
    spaceinvaders.o(i.Level_Check) refers to spaceinvaders.o(.data) for numEnemies
    spaceinvaders.o(i.Missile_Move) refers to spaceinvaders.o(.data) for playMissile
    spaceinvaders.o(i.Missile_Move) refers to spaceinvaders.o(.bss) for Missile
    spaceinvaders.o(i.Player_Init) refers to spaceinvaders.o(.bss) for Player
    spaceinvaders.o(i.Player_Init) refers to spaceinvaders.o(.constdata) for PlayerShip0
    spaceinvaders.o(i.Player_Laser_Init) refers to sound.o(i.Sound_Shoot) for Sound_Shoot
    spaceinvaders.o(i.Player_Laser_Init) refers to spaceinvaders.o(.constdata) for PlayerShip0
    spaceinvaders.o(i.Player_Laser_Init) refers to spaceinvaders.o(.bss) for Player
    spaceinvaders.o(i.Player_Laser_Init) refers to spaceinvaders.o(.data) for playLaser
    spaceinvaders.o(i.Player_Missile_Init) refers to spaceinvaders.o(.constdata) for PlayerShip0
    spaceinvaders.o(i.Player_Missile_Init) refers to spaceinvaders.o(.bss) for Player
    spaceinvaders.o(i.Player_Missile_Init) refers to spaceinvaders.o(.data) for playMissile
    spaceinvaders.o(i.Player_Move) refers to spaceinvaders.o(.bss) for Player
    spaceinvaders.o(i.Player_Move) refers to spaceinvaders.o(.constdata) for PlayerShip0
    spaceinvaders.o(i.SysTick_Handler) refers to spaceinvaders.o(i.ADC0_In) for ADC0_In
    spaceinvaders.o(i.SysTick_Handler) refers to spaceinvaders.o(i.Convert) for Convert
    spaceinvaders.o(i.SysTick_Handler) refers to spaceinvaders.o(.data) for ADCdata
    spaceinvaders.o(i.UFO_Init) refers to sound.o(i.Sound_Highpitch) for Sound_Highpitch
    spaceinvaders.o(i.UFO_Init) refers to spaceinvaders.o(.bss) for UFO
    spaceinvaders.o(i.UFO_Init) refers to spaceinvaders.o(.constdata) for SmallEnemyBonus0
    spaceinvaders.o(i.UFO_Move) refers to spaceinvaders.o(.bss) for UFO
    spaceinvaders.o(i.main) refers to texas.o(i.TExaS_Init) for TExaS_Init
    spaceinvaders.o(i.main) refers to spaceinvaders.o(i.Systick_Init) for Systick_Init
    spaceinvaders.o(i.main) refers to spaceinvaders.o(i.ADC0_Init) for ADC0_Init
    spaceinvaders.o(i.main) refers to spaceinvaders.o(i.LED_Init) for LED_Init
    spaceinvaders.o(i.main) refers to spaceinvaders.o(i.Switch_Init) for Switch_Init
    spaceinvaders.o(i.main) refers to nokia5110.o(i.Nokia5110_Init) for Nokia5110_Init
    spaceinvaders.o(i.main) refers to random.o(.text) for Random_Init
    spaceinvaders.o(i.main) refers to sound.o(i.Sound_Init) for Sound_Init
    spaceinvaders.o(i.main) refers to nokia5110.o(i.Nokia5110_ClearBuffer) for Nokia5110_ClearBuffer
    spaceinvaders.o(i.main) refers to nokia5110.o(i.Nokia5110_DisplayBuffer) for Nokia5110_DisplayBuffer
    spaceinvaders.o(i.main) refers to spaceinvaders.o(i.Enemy_Init) for Enemy_Init
    spaceinvaders.o(i.main) refers to spaceinvaders.o(i.Bunker_Init) for Bunker_Init
    spaceinvaders.o(i.main) refers to spaceinvaders.o(i.Player_Init) for Player_Init
    spaceinvaders.o(i.main) refers to spaceinvaders.o(i.Draw) for Draw
    spaceinvaders.o(i.main) refers to spaceinvaders.o(i.Enemy_Missile_Init) for Enemy_Missile_Init
    spaceinvaders.o(i.main) refers to spaceinvaders.o(i.Enemy_Laser_Init) for Enemy_Laser_Init
    spaceinvaders.o(i.main) refers to spaceinvaders.o(i.Enemy_Missile_Move) for Enemy_Missile_Move
    spaceinvaders.o(i.main) refers to spaceinvaders.o(i.Enemy_Laser_Move) for Enemy_Laser_Move
    spaceinvaders.o(i.main) refers to spaceinvaders.o(i.Level_Check) for Level_Check
    spaceinvaders.o(i.main) refers to spaceinvaders.o(i.Player_Move) for Player_Move
    spaceinvaders.o(i.main) refers to spaceinvaders.o(i.Player_Missile_Init) for Player_Missile_Init
    spaceinvaders.o(i.main) refers to spaceinvaders.o(i.Player_Laser_Init) for Player_Laser_Init
    spaceinvaders.o(i.main) refers to spaceinvaders.o(i.Missile_Move) for Missile_Move
    spaceinvaders.o(i.main) refers to spaceinvaders.o(i.Laser_Move) for Laser_Move
    spaceinvaders.o(i.main) refers to spaceinvaders.o(i.Enemy_Move) for Enemy_Move
    spaceinvaders.o(i.main) refers to spaceinvaders.o(i.UFO_Move) for UFO_Move
    spaceinvaders.o(i.main) refers to spaceinvaders.o(i.Delay1ms) for Delay1ms
    spaceinvaders.o(i.main) refers to spaceinvaders.o(.data) for currentLevel
    spaceinvaders.o(i.main) refers to spaceinvaders.o(.bss) for Missile
    texas.o(i.SetCode) refers to texas.o(.bss) for TExaS
    texas.o(i.SetCourse) refers to texas.o(.bss) for TExaS
    texas.o(i.SetMode) refers to texas.o(.bss) for TExaS
    texas.o(i.StartTimer4) refers to texas.o(.data) for ScopeCount
    texas.o(i.TExaS_Init) refers to texas.o(i.PLL_Init) for PLL_Init
    texas.o(i.TExaS_Init) refers to texas.o(i.SetCourse) for SetCourse
    texas.o(i.TExaS_Init) refers to texas.o(i.UART0_Init) for UART0_Init
    texas.o(i.TExaS_Init) refers to texas.o(i.SetCode) for SetCode
    texas.o(i.TExaS_Init) refers to texas.o(i.ADC1_Init) for ADC1_Init
    texas.o(i.TExaS_Init) refers to texas.o(.constdata) for IntroMsg
    texas.o(i.TExaS_Init) refers to texas.o(.bss) for TExaS
    texas.o(i.TExaS_Init) refers to texas.o(.data) for LastMode
    texas.o(i.Timer5A_Handler) refers to texas.o(i.ADC1_In) for ADC1_In
    texas.o(i.Timer5A_Handler) refers to texas.o(.data) for TExaS_Period
    sound.o(i.Sound_Explosion) refers to sound.o(i.Sound_Play) for Sound_Play
    sound.o(i.Sound_Explosion) refers to sound.o(.constdata) for explosion
    sound.o(i.Sound_Fastinvader1) refers to sound.o(i.Sound_Play) for Sound_Play
    sound.o(i.Sound_Fastinvader1) refers to sound.o(.constdata) for fastinvader1
    sound.o(i.Sound_Fastinvader2) refers to sound.o(i.Sound_Play) for Sound_Play
    sound.o(i.Sound_Fastinvader2) refers to sound.o(.constdata) for fastinvader2
    sound.o(i.Sound_Fastinvader3) refers to sound.o(i.Sound_Play) for Sound_Play
    sound.o(i.Sound_Fastinvader3) refers to sound.o(.constdata) for fastinvader3
    sound.o(i.Sound_Fastinvader4) refers to sound.o(i.Sound_Play) for Sound_Play
    sound.o(i.Sound_Fastinvader4) refers to sound.o(.constdata) for fastinvader4
    sound.o(i.Sound_Highpitch) refers to sound.o(i.Sound_Play) for Sound_Play
    sound.o(i.Sound_Highpitch) refers to sound.o(.constdata) for highpitch
    sound.o(i.Sound_Init) refers to sound.o(i.DAC_Init) for DAC_Init
    sound.o(i.Sound_Init) refers to sound.o(i.Timer2_Init) for Timer2_Init
    sound.o(i.Sound_Init) refers to sound.o(.data) for Index
    sound.o(i.Sound_Killed) refers to sound.o(i.Sound_Play) for Sound_Play
    sound.o(i.Sound_Killed) refers to sound.o(.constdata) for invaderkilled
    sound.o(i.Sound_Play) refers to sound.o(i.Timer2A_Start) for Timer2A_Start
    sound.o(i.Sound_Play) refers to sound.o(.data) for Wave
    sound.o(i.Sound_Shoot) refers to sound.o(i.Sound_Play) for Sound_Play
    sound.o(i.Sound_Shoot) refers to sound.o(.constdata) for shoot
    sound.o(i.Timer2A_Handler) refers to sound.o(i.DAC_Out) for DAC_Out
    sound.o(i.Timer2A_Handler) refers to sound.o(i.Timer2A_Stop) for Timer2A_Stop
    sound.o(i.Timer2A_Handler) refers to sound.o(.data) for Counter
    __main.o(!!!main) refers to rtentry.o(.ARM.Collect$$rtentry$$00000000) for __rt_entry
    rtentry.o(.ARM.Collect$$rtentry$$00000000) refers (Special) to rtentry2.o(.ARM.Collect$$rtentry$$0000000A) for __rt_entry_li
    rtentry.o(.ARM.Collect$$rtentry$$00000000) refers (Special) to rtentry2.o(.ARM.Collect$$rtentry$$0000000D) for __rt_entry_main
    rtentry.o(.ARM.Collect$$rtentry$$00000000) refers (Special) to rtentry2.o(.ARM.Collect$$rtentry$$0000000C) for __rt_entry_postli_1
    rtentry.o(.ARM.Collect$$rtentry$$00000000) refers (Special) to rtentry2.o(.ARM.Collect$$rtentry$$00000009) for __rt_entry_postsh_1
    rtentry.o(.ARM.Collect$$rtentry$$00000000) refers (Special) to rtentry2.o(.ARM.Collect$$rtentry$$00000002) for __rt_entry_presh_1
    rtentry.o(.ARM.Collect$$rtentry$$00000000) refers (Special) to rtentry4.o(.ARM.Collect$$rtentry$$00000004) for __rt_entry_sh
    rtentry2.o(.ARM.Collect$$rtentry$$00000008) refers to boardinit2.o(.text) for _platform_post_stackheap_init
    rtentry2.o(.ARM.Collect$$rtentry$$0000000A) refers to libinit.o(.ARM.Collect$$libinit$$00000000) for __rt_lib_init
    rtentry2.o(.ARM.Collect$$rtentry$$0000000B) refers to boardinit3.o(.text) for _platform_post_lib_init
    rtentry2.o(.ARM.Collect$$rtentry$$0000000D) refers to spaceinvaders.o(i.main) for main
    rtentry2.o(.ARM.Collect$$rtentry$$0000000D) refers to exit.o(.text) for exit
    rtentry2.o(.ARM.exidx) refers to rtentry2.o(.ARM.Collect$$rtentry$$00000001) for .ARM.Collect$$rtentry$$00000001
    rtentry2.o(.ARM.exidx) refers to rtentry2.o(.ARM.Collect$$rtentry$$00000008) for .ARM.Collect$$rtentry$$00000008
    rtentry2.o(.ARM.exidx) refers to rtentry2.o(.ARM.Collect$$rtentry$$0000000A) for .ARM.Collect$$rtentry$$0000000A
    rtentry2.o(.ARM.exidx) refers to rtentry2.o(.ARM.Collect$$rtentry$$0000000B) for .ARM.Collect$$rtentry$$0000000B
    rtentry2.o(.ARM.exidx) refers to rtentry2.o(.ARM.Collect$$rtentry$$0000000D) for .ARM.Collect$$rtentry$$0000000D
    rtentry4.o(.ARM.Collect$$rtentry$$00000004) refers to sys_stackheap_outer.o(.text) for __user_setup_stackheap
    rtentry4.o(.ARM.exidx) refers to rtentry4.o(.ARM.Collect$$rtentry$$00000004) for .ARM.Collect$$rtentry$$00000004
    sys_stackheap_outer.o(.text) refers to libspace.o(.text) for __user_perproc_libspace
    sys_stackheap_outer.o(.text) refers to startup.o(.text) for __user_initial_stackheap
    exit.o(.text) refers to rtexit.o(.ARM.Collect$$rtexit$$00000000) for __rt_exit
    libinit.o(.ARM.Collect$$libinit$$00000000) refers (Special) to libinit2.o(.ARM.Collect$$libinit$$0000002C) for __rt_lib_init_alloca_1
    libinit.o(.ARM.Collect$$libinit$$00000000) refers (Special) to libinit2.o(.ARM.Collect$$libinit$$0000002A) for __rt_lib_init_argv_1
    libinit.o(.ARM.Collect$$libinit$$00000000) refers (Special) to libinit2.o(.ARM.Collect$$libinit$$00000019) for __rt_lib_init_atexit_1
    libinit.o(.ARM.Collect$$libinit$$00000000) refers (Special) to libinit2.o(.ARM.Collect$$libinit$$0000001F) for __rt_lib_init_clock_1
    libinit.o(.ARM.Collect$$libinit$$00000000) refers (Special) to libinit2.o(.ARM.Collect$$libinit$$00000030) for __rt_lib_init_cpp_1
    libinit.o(.ARM.Collect$$libinit$$00000000) refers (Special) to libinit2.o(.ARM.Collect$$libinit$$0000002E) for __rt_lib_init_exceptions_1
    libinit.o(.ARM.Collect$$libinit$$00000000) refers (Special) to libinit2.o(.ARM.Collect$$libinit$$00000002) for __rt_lib_init_fp_1
    libinit.o(.ARM.Collect$$libinit$$00000000) refers (Special) to libinit2.o(.ARM.Collect$$libinit$$0000001D) for __rt_lib_init_fp_trap_1
    libinit.o(.ARM.Collect$$libinit$$00000000) refers (Special) to libinit2.o(.ARM.Collect$$libinit$$00000021) for __rt_lib_init_getenv_1
    libinit.o(.ARM.Collect$$libinit$$00000000) refers (Special) to libinit2.o(.ARM.Collect$$libinit$$00000008) for __rt_lib_init_heap_1
    libinit.o(.ARM.Collect$$libinit$$00000000) refers (Special) to libinit2.o(.ARM.Collect$$libinit$$0000000F) for __rt_lib_init_lc_collate_1
    libinit.o(.ARM.Collect$$libinit$$00000000) refers (Special) to libinit2.o(.ARM.Collect$$libinit$$00000011) for __rt_lib_init_lc_ctype_1
    libinit.o(.ARM.Collect$$libinit$$00000000) refers (Special) to libinit2.o(.ARM.Collect$$libinit$$00000013) for __rt_lib_init_lc_monetary_1
    libinit.o(.ARM.Collect$$libinit$$00000000) refers (Special) to libinit2.o(.ARM.Collect$$libinit$$00000015) for __rt_lib_init_lc_numeric_1
    libinit.o(.ARM.Collect$$libinit$$00000000) refers (Special) to libinit2.o(.ARM.Collect$$libinit$$00000017) for __rt_lib_init_lc_time_1
    libinit.o(.ARM.Collect$$libinit$$00000000) refers (Special) to libinit2.o(.ARM.Collect$$libinit$$0000000C) for __rt_lib_init_rand_1
    libinit.o(.ARM.Collect$$libinit$$00000000) refers (Special) to libinit2.o(.ARM.Collect$$libinit$$00000031) for __rt_lib_init_return
    libinit.o(.ARM.Collect$$libinit$$00000000) refers (Special) to libinit2.o(.ARM.Collect$$libinit$$0000001B) for __rt_lib_init_signal_1
    libinit.o(.ARM.Collect$$libinit$$00000000) refers (Special) to libinit2.o(.ARM.Collect$$libinit$$00000023) for __rt_lib_init_stdio_1
    libinit.o(.ARM.Collect$$libinit$$00000000) refers (Special) to libinit2.o(.ARM.Collect$$libinit$$0000000A) for __rt_lib_init_user_alloc_1
    libspace.o(.text) refers to libspace.o(.bss) for __libspace_start
    rtexit.o(.ARM.Collect$$rtexit$$00000000) refers (Special) to rtexit2.o(.ARM.Collect$$rtexit$$00000004) for __rt_exit_exit
    rtexit.o(.ARM.Collect$$rtexit$$00000000) refers (Special) to rtexit2.o(.ARM.Collect$$rtexit$$00000003) for __rt_exit_ls
    rtexit.o(.ARM.Collect$$rtexit$$00000000) refers (Special) to rtexit2.o(.ARM.Collect$$rtexit$$00000002) for __rt_exit_prels_1
    rtexit.o(.ARM.exidx) refers (Special) to rtexit2.o(.ARM.Collect$$rtexit$$00000004) for __rt_exit_exit
    rtexit.o(.ARM.exidx) refers (Special) to rtexit2.o(.ARM.Collect$$rtexit$$00000003) for __rt_exit_ls
    rtexit.o(.ARM.exidx) refers (Special) to rtexit2.o(.ARM.Collect$$rtexit$$00000002) for __rt_exit_prels_1
    rtexit.o(.ARM.exidx) refers to rtexit.o(.ARM.Collect$$rtexit$$00000000) for .ARM.Collect$$rtexit$$00000000
    libinit2.o(.ARM.Collect$$libinit$$0000000E) refers to libinit2.o(.ARM.Collect$$libinit$$0000000D) for .ARM.Collect$$libinit$$0000000D
    libinit2.o(.ARM.Collect$$libinit$$00000010) refers to libinit2.o(.ARM.Collect$$libinit$$0000000D) for .ARM.Collect$$libinit$$0000000D
    libinit2.o(.ARM.Collect$$libinit$$00000012) refers to libinit2.o(.ARM.Collect$$libinit$$0000000D) for .ARM.Collect$$libinit$$0000000D
    libinit2.o(.ARM.Collect$$libinit$$00000014) refers to libinit2.o(.ARM.Collect$$libinit$$0000000D) for .ARM.Collect$$libinit$$0000000D
    libinit2.o(.ARM.Collect$$libinit$$00000016) refers to libinit2.o(.ARM.Collect$$libinit$$0000000D) for .ARM.Collect$$libinit$$0000000D
    libinit2.o(.ARM.Collect$$libinit$$00000024) refers to argv_veneer.o(.emb_text) for __ARM_argv_veneer
    libinit2.o(.ARM.Collect$$libinit$$00000025) refers to argv_veneer.o(.emb_text) for __ARM_argv_veneer
    rtexit2.o(.ARM.Collect$$rtexit$$00000003) refers to libshutdown.o(.ARM.Collect$$libshutdown$$00000000) for __rt_lib_shutdown
    rtexit2.o(.ARM.Collect$$rtexit$$00000004) refers to sys_exit.o(.text) for _sys_exit
    rtexit2.o(.ARM.exidx) refers to rtexit2.o(.ARM.Collect$$rtexit$$00000001) for .ARM.Collect$$rtexit$$00000001
    rtexit2.o(.ARM.exidx) refers to rtexit2.o(.ARM.Collect$$rtexit$$00000003) for .ARM.Collect$$rtexit$$00000003
    rtexit2.o(.ARM.exidx) refers to rtexit2.o(.ARM.Collect$$rtexit$$00000004) for .ARM.Collect$$rtexit$$00000004
    argv_veneer.o(.emb_text) refers to no_argv.o(.text) for __ARM_get_argv
    sys_exit.o(.text) refers (Special) to use_no_semi.o(.text) for __I$use$semihosting
    sys_exit.o(.text) refers (Special) to indicate_semi.o(.text) for __semihosting_library_function
    _get_argv_nomalloc.o(.text) refers (Special) to hrguard.o(.text) for __heap_region$guard
    _get_argv_nomalloc.o(.text) refers to defsig_rtmem_outer.o(.text) for __rt_SIGRTMEM
    _get_argv_nomalloc.o(.text) refers to sys_command.o(.text) for _sys_command_string
    libshutdown.o(.ARM.Collect$$libshutdown$$00000000) refers (Special) to libshutdown2.o(.ARM.Collect$$libshutdown$$00000006) for __rt_lib_shutdown_fp_trap_1
    libshutdown.o(.ARM.Collect$$libshutdown$$00000000) refers (Special) to libshutdown2.o(.ARM.Collect$$libshutdown$$0000000E) for __rt_lib_shutdown_heap_1
    libshutdown.o(.ARM.Collect$$libshutdown$$00000000) refers (Special) to libshutdown2.o(.ARM.Collect$$libshutdown$$0000000F) for __rt_lib_shutdown_return
    libshutdown.o(.ARM.Collect$$libshutdown$$00000000) refers (Special) to libshutdown2.o(.ARM.Collect$$libshutdown$$00000009) for __rt_lib_shutdown_signal_1
    libshutdown.o(.ARM.Collect$$libshutdown$$00000000) refers (Special) to libshutdown2.o(.ARM.Collect$$libshutdown$$00000003) for __rt_lib_shutdown_stdio_1
    libshutdown.o(.ARM.Collect$$libshutdown$$00000000) refers (Special) to libshutdown2.o(.ARM.Collect$$libshutdown$$0000000B) for __rt_lib_shutdown_user_alloc_1
    sys_command.o(.text) refers (Special) to use_no_semi.o(.text) for __I$use$semihosting
    sys_command.o(.text) refers (Special) to indicate_semi.o(.text) for __semihosting_library_function
    defsig_rtmem_outer.o(.text) refers to defsig_rtmem_inner.o(.text) for __rt_SIGRTMEM_inner
    defsig_rtmem_outer.o(.text) refers to defsig_exit.o(.text) for __sig_exit
    defsig_rtmem_formal.o(.text) refers to rt_raise.o(.text) for __rt_raise
    rt_raise.o(.text) refers to __raise.o(.text) for __raise
    rt_raise.o(.text) refers to sys_exit.o(.text) for _sys_exit
    defsig_exit.o(.text) refers to sys_exit.o(.text) for _sys_exit
    defsig_rtmem_inner.o(.text) refers to defsig_general.o(.text) for __default_signal_display
    __raise.o(.text) refers to defsig.o(CL$$defsig) for __default_signal_handler
    defsig_general.o(.text) refers to sys_wrch.o(.text) for _ttywrch
    sys_wrch.o(.text) refers (Special) to use_no_semi.o(.text) for __I$use$semihosting
    sys_wrch.o(.text) refers (Special) to indicate_semi.o(.text) for __semihosting_library_function
    defsig.o(CL$$defsig) refers to defsig_rtmem_inner.o(.text) for __rt_SIGRTMEM_inner
    defsig_abrt_inner.o(.text) refers to defsig_general.o(.text) for __default_signal_display
    defsig_fpe_inner.o(.text) refers to defsig_general.o(.text) for __default_signal_display
    defsig_rtred_inner.o(.text) refers to defsig_general.o(.text) for __default_signal_display
    defsig_stak_inner.o(.text) refers to defsig_general.o(.text) for __default_signal_display
    defsig_pvfn_inner.o(.text) refers to defsig_general.o(.text) for __default_signal_display
    defsig_cppl_inner.o(.text) refers to defsig_general.o(.text) for __default_signal_display
    defsig_segv_inner.o(.text) refers to defsig_general.o(.text) for __default_signal_display
    defsig_other.o(.text) refers to defsig_general.o(.text) for __default_signal_display


==============================================================================

Removing Unused input sections from the image.

    Removing texas.o(i.SetMode), (24 bytes).
    Removing texas.o(i.StartTimer4), (36 bytes).
    Removing texas.o(i.StopTimer4), (24 bytes).
    Removing texas.o(i.TExaS_Stop), (28 bytes).
    Removing texas.o(i.UART0_InChar), (24 bytes).
    Removing texas.o(i.UART0_InCharNonBlocking), (28 bytes).
    Removing texas.o(i.UART0_OutChar), (24 bytes).
    Removing texas.o(i.UART0_OutCharNonBlock), (12 bytes).
    Removing texas.o(i.copy), (18 bytes).
    Removing sound.o(i.Sound_Explosion), (20 bytes).
    Removing sound.o(i.Sound_Fastinvader1), (20 bytes).
    Removing sound.o(i.Sound_Fastinvader2), (20 bytes).
    Removing sound.o(i.Sound_Fastinvader3), (20 bytes).
    Removing sound.o(i.Sound_Fastinvader4), (20 bytes).

14 unused section(s) (total 318 bytes) removed from the image.

==============================================================================

Image Symbol Table

    Local Symbols

    Symbol Name                              Value     Ov Type        Size  Object(Section)

    RESET                                    0x00000000   Section      644  startup.o(RESET)
    ../clib/angel/boardlib.s                 0x00000000   Number         0  boardinit1.o ABSOLUTE
    ../clib/angel/boardlib.s                 0x00000000   Number         0  boardinit2.o ABSOLUTE
    ../clib/angel/boardlib.s                 0x00000000   Number         0  boardshut.o ABSOLUTE
    ../clib/angel/boardlib.s                 0x00000000   Number         0  boardinit3.o ABSOLUTE
    ../clib/angel/handlers.s                 0x00000000   Number         0  __scatter_zi.o ABSOLUTE
    ../clib/angel/handlers.s                 0x00000000   Number         0  __scatter_copy.o ABSOLUTE
    ../clib/angel/kernel.s                   0x00000000   Number         0  rtentry4.o ABSOLUTE
    ../clib/angel/kernel.s                   0x00000000   Number         0  rtexit.o ABSOLUTE
    ../clib/angel/kernel.s                   0x00000000   Number         0  rtentry2.o ABSOLUTE
    ../clib/angel/kernel.s                   0x00000000   Number         0  rtentry.o ABSOLUTE
    ../clib/angel/kernel.s                   0x00000000   Number         0  rtexit2.o ABSOLUTE
    ../clib/angel/rt.s                       0x00000000   Number         0  rt_raise.o ABSOLUTE
    ../clib/angel/scatter.s                  0x00000000   Number         0  __scatter.o ABSOLUTE
    ../clib/angel/startup.s                  0x00000000   Number         0  __main.o ABSOLUTE
    ../clib/angel/sys.s                      0x00000000   Number         0  libspace.o ABSOLUTE
    ../clib/angel/sys.s                      0x00000000   Number         0  sys_stackheap_outer.o ABSOLUTE
    ../clib/angel/sys.s                      0x00000000   Number         0  indicate_semi.o ABSOLUTE
    ../clib/angel/sys.s                      0x00000000   Number         0  use_no_semi.o ABSOLUTE
    ../clib/angel/sysapp.c                   0x00000000   Number         0  sys_exit.o ABSOLUTE
    ../clib/angel/sysapp.c                   0x00000000   Number         0  sys_command.o ABSOLUTE
    ../clib/angel/sysapp.c                   0x00000000   Number         0  sys_wrch.o ABSOLUTE
    ../clib/armsys.c                         0x00000000   Number         0  argv_veneer.o ABSOLUTE
    ../clib/armsys.c                         0x00000000   Number         0  argv_veneer.o ABSOLUTE
    ../clib/armsys.c                         0x00000000   Number         0  no_argv.o ABSOLUTE
    ../clib/armsys.c                         0x00000000   Number         0  _get_argv_nomalloc.o ABSOLUTE
    ../clib/heapalloc.c                      0x00000000   Number         0  hrguard.o ABSOLUTE
    ../clib/heapaux.c                        0x00000000   Number         0  heapauxi.o ABSOLUTE
    ../clib/libinit.s                        0x00000000   Number         0  libinit2.o ABSOLUTE
    ../clib/libinit.s                        0x00000000   Number         0  libshutdown.o ABSOLUTE
    ../clib/libinit.s                        0x00000000   Number         0  libshutdown2.o ABSOLUTE
    ../clib/libinit.s                        0x00000000   Number         0  libinit.o ABSOLUTE
    ../clib/signal.c                         0x00000000   Number         0  defsig_cppl_inner.o ABSOLUTE
    ../clib/signal.c                         0x00000000   Number         0  defsig_stak_inner.o ABSOLUTE
    ../clib/signal.c                         0x00000000   Number         0  defsig_rtred_inner.o ABSOLUTE
    ../clib/signal.c                         0x00000000   Number         0  defsig_fpe_inner.o ABSOLUTE
    ../clib/signal.c                         0x00000000   Number         0  defsig_abrt_inner.o ABSOLUTE
    ../clib/signal.c                         0x00000000   Number         0  defsig_general.o ABSOLUTE
    ../clib/signal.c                         0x00000000   Number         0  __raise.o ABSOLUTE
    ../clib/signal.c                         0x00000000   Number         0  defsig_rtmem_inner.o ABSOLUTE
    ../clib/signal.c                         0x00000000   Number         0  defsig_rtmem_formal.o ABSOLUTE
    ../clib/signal.c                         0x00000000   Number         0  defsig_rtmem_outer.o ABSOLUTE
    ../clib/signal.c                         0x00000000   Number         0  defsig_pvfn_inner.o ABSOLUTE
    ../clib/signal.c                         0x00000000   Number         0  defsig_exit.o ABSOLUTE
    ../clib/signal.c                         0x00000000   Number         0  defsig_other.o ABSOLUTE
    ../clib/signal.c                         0x00000000   Number         0  defsig_segv_inner.o ABSOLUTE
    ../clib/signal.s                         0x00000000   Number         0  defsig.o ABSOLUTE
    ../clib/stdlib.c                         0x00000000   Number         0  exit.o ABSOLUTE
    ../fplib/fpinit.s                        0x00000000   Number         0  fpinit.o ABSOLUTE
    Nokia5110.c                              0x00000000   Number         0  nokia5110.o ABSOLUTE
    Sound.c                                  0x00000000   Number         0  sound.o ABSOLUTE
    SpaceInvaders.c                          0x00000000   Number         0  spaceinvaders.o ABSOLUTE
    TExaS.c                                  0x00000000   Number         0  texas.o ABSOLUTE
    dc.s                                     0x00000000   Number         0  dc.o ABSOLUTE
    random.s                                 0x00000000   Number         0  random.o ABSOLUTE
    startup.s                                0x00000000   Number         0  startup.o ABSOLUTE
    !!!main                                  0x00000284   Section        8  __main.o(!!!main)
    !!!scatter                               0x0000028c   Section       52  __scatter.o(!!!scatter)
    !!handler_copy                           0x000002c0   Section       26  __scatter_copy.o(!!handler_copy)
    !!handler_zi                             0x000002dc   Section       28  __scatter_zi.o(!!handler_zi)
    .ARM.Collect$$libinit$$00000000          0x000002f8   Section        2  libinit.o(.ARM.Collect$$libinit$$00000000)
    .ARM.Collect$$libinit$$00000002          0x000002fa   Section        0  libinit2.o(.ARM.Collect$$libinit$$00000002)
    .ARM.Collect$$libinit$$00000008          0x000002fa   Section        0  libinit2.o(.ARM.Collect$$libinit$$00000008)
    .ARM.Collect$$libinit$$0000000A          0x000002fa   Section        0  libinit2.o(.ARM.Collect$$libinit$$0000000A)
    .ARM.Collect$$libinit$$0000000C          0x000002fa   Section        0  libinit2.o(.ARM.Collect$$libinit$$0000000C)
    .ARM.Collect$$libinit$$0000000F          0x000002fa   Section        0  libinit2.o(.ARM.Collect$$libinit$$0000000F)
    .ARM.Collect$$libinit$$00000011          0x000002fa   Section        0  libinit2.o(.ARM.Collect$$libinit$$00000011)
    .ARM.Collect$$libinit$$00000013          0x000002fa   Section        0  libinit2.o(.ARM.Collect$$libinit$$00000013)
    .ARM.Collect$$libinit$$00000015          0x000002fa   Section        0  libinit2.o(.ARM.Collect$$libinit$$00000015)
    .ARM.Collect$$libinit$$00000017          0x000002fa   Section        0  libinit2.o(.ARM.Collect$$libinit$$00000017)
    .ARM.Collect$$libinit$$00000019          0x000002fa   Section        0  libinit2.o(.ARM.Collect$$libinit$$00000019)
    .ARM.Collect$$libinit$$0000001B          0x000002fa   Section        0  libinit2.o(.ARM.Collect$$libinit$$0000001B)
    .ARM.Collect$$libinit$$0000001D          0x000002fa   Section        0  libinit2.o(.ARM.Collect$$libinit$$0000001D)
    .ARM.Collect$$libinit$$0000001F          0x000002fa   Section        0  libinit2.o(.ARM.Collect$$libinit$$0000001F)
    .ARM.Collect$$libinit$$00000021          0x000002fa   Section        0  libinit2.o(.ARM.Collect$$libinit$$00000021)
    .ARM.Collect$$libinit$$00000023          0x000002fa   Section        0  libinit2.o(.ARM.Collect$$libinit$$00000023)
    .ARM.Collect$$libinit$$0000002A          0x000002fa   Section        0  libinit2.o(.ARM.Collect$$libinit$$0000002A)
    .ARM.Collect$$libinit$$0000002C          0x000002fa   Section        0  libinit2.o(.ARM.Collect$$libinit$$0000002C)
    .ARM.Collect$$libinit$$0000002E          0x000002fa   Section        0  libinit2.o(.ARM.Collect$$libinit$$0000002E)
    .ARM.Collect$$libinit$$00000030          0x000002fa   Section        0  libinit2.o(.ARM.Collect$$libinit$$00000030)
    .ARM.Collect$$libinit$$00000031          0x000002fa   Section        2  libinit2.o(.ARM.Collect$$libinit$$00000031)
    .ARM.Collect$$libshutdown$$00000000      0x000002fc   Section        2  libshutdown.o(.ARM.Collect$$libshutdown$$00000000)
    .ARM.Collect$$libshutdown$$00000003      0x000002fe   Section        0  libshutdown2.o(.ARM.Collect$$libshutdown$$00000003)
    .ARM.Collect$$libshutdown$$00000006      0x000002fe   Section        0  libshutdown2.o(.ARM.Collect$$libshutdown$$00000006)
    .ARM.Collect$$libshutdown$$00000009      0x000002fe   Section        0  libshutdown2.o(.ARM.Collect$$libshutdown$$00000009)
    .ARM.Collect$$libshutdown$$0000000B      0x000002fe   Section        0  libshutdown2.o(.ARM.Collect$$libshutdown$$0000000B)
    .ARM.Collect$$libshutdown$$0000000E      0x000002fe   Section        0  libshutdown2.o(.ARM.Collect$$libshutdown$$0000000E)
    .ARM.Collect$$libshutdown$$0000000F      0x000002fe   Section        2  libshutdown2.o(.ARM.Collect$$libshutdown$$0000000F)
    .ARM.Collect$$rtentry$$00000000          0x00000300   Section        0  rtentry.o(.ARM.Collect$$rtentry$$00000000)
    .ARM.Collect$$rtentry$$00000002          0x00000300   Section        0  rtentry2.o(.ARM.Collect$$rtentry$$00000002)
    .ARM.Collect$$rtentry$$00000004          0x00000300   Section        6  rtentry4.o(.ARM.Collect$$rtentry$$00000004)
    .ARM.Collect$$rtentry$$00000009          0x00000306   Section        0  rtentry2.o(.ARM.Collect$$rtentry$$00000009)
    .ARM.Collect$$rtentry$$0000000A          0x00000306   Section        4  rtentry2.o(.ARM.Collect$$rtentry$$0000000A)
    .ARM.Collect$$rtentry$$0000000C          0x0000030a   Section        0  rtentry2.o(.ARM.Collect$$rtentry$$0000000C)
    .ARM.Collect$$rtentry$$0000000D          0x0000030a   Section        8  rtentry2.o(.ARM.Collect$$rtentry$$0000000D)
    .ARM.Collect$$rtexit$$00000000           0x00000312   Section        2  rtexit.o(.ARM.Collect$$rtexit$$00000000)
    .ARM.Collect$$rtexit$$00000002           0x00000314   Section        0  rtexit2.o(.ARM.Collect$$rtexit$$00000002)
    .ARM.Collect$$rtexit$$00000003           0x00000314   Section        4  rtexit2.o(.ARM.Collect$$rtexit$$00000003)
    .ARM.Collect$$rtexit$$00000004           0x00000318   Section        6  rtexit2.o(.ARM.Collect$$rtexit$$00000004)
    .text                                    0x00000320   Section       48  startup.o(.text)
    .text                                    0x00000350   Section       64  random.o(.text)
    .text                                    0x00000390   Section        0  heapauxi.o(.text)
    .text                                    0x00000396   Section       74  sys_stackheap_outer.o(.text)
    .text                                    0x000003e0   Section        0  exit.o(.text)
    .text                                    0x000003ec   Section        8  libspace.o(.text)
    .text                                    0x000003f4   Section        0  sys_exit.o(.text)
    .text                                    0x00000400   Section        2  use_no_semi.o(.text)
    .text                                    0x00000402   Section        0  indicate_semi.o(.text)
    i.ADC0_In                                0x00000404   Section        0  spaceinvaders.o(i.ADC0_In)
    i.ADC0_Init                              0x00000430   Section        0  spaceinvaders.o(i.ADC0_Init)
    i.ADC1_In                                0x00000508   Section        0  texas.o(i.ADC1_In)
    i.ADC1_Init                              0x00000514   Section        0  texas.o(i.ADC1_Init)
    i.Bunker_Init                            0x000005e8   Section        0  spaceinvaders.o(i.Bunker_Init)
    i.Check_Damage                           0x00000648   Section        0  spaceinvaders.o(i.Check_Damage)
    i.Convert                                0x00000e6c   Section        0  spaceinvaders.o(i.Convert)
    i.DAC_Init                               0x00000e80   Section        0  sound.o(i.DAC_Init)
    i.DAC_Out                                0x00000efc   Section        0  sound.o(i.DAC_Out)
    i.Delay100ms                             0x00000f08   Section        0  spaceinvaders.o(i.Delay100ms)
    i.Delay1ms                               0x00000f2c   Section        0  spaceinvaders.o(i.Delay1ms)
    i.Draw                                   0x00000f44   Section        0  spaceinvaders.o(i.Draw)
    i.Enemy_Init                             0x00001188   Section        0  spaceinvaders.o(i.Enemy_Init)
    i.Enemy_Laser_Init                       0x00001324   Section        0  spaceinvaders.o(i.Enemy_Laser_Init)
    i.Enemy_Laser_Move                       0x0000143c   Section        0  spaceinvaders.o(i.Enemy_Laser_Move)
    i.Enemy_Missile_Init                     0x000014b4   Section        0  spaceinvaders.o(i.Enemy_Missile_Init)
    i.Enemy_Missile_Move                     0x000015cc   Section        0  spaceinvaders.o(i.Enemy_Missile_Move)
    i.Enemy_Move                             0x00001644   Section        0  spaceinvaders.o(i.Enemy_Move)
    i.GPIOPortE_Handler                      0x00001778   Section        0  spaceinvaders.o(i.GPIOPortE_Handler)
    i.Game_Over                              0x00001864   Section        0  spaceinvaders.o(i.Game_Over)
    i.LED_Init                               0x000018c0   Section        0  spaceinvaders.o(i.LED_Init)
    i.Laser_Move                             0x00001944   Section        0  spaceinvaders.o(i.Laser_Move)
    i.Level_Check                            0x000019e0   Section        0  spaceinvaders.o(i.Level_Check)
    i.Missile_Move                           0x00001ab4   Section        0  spaceinvaders.o(i.Missile_Move)
    i.Nokia5110_Clear                        0x00001b50   Section        0  nokia5110.o(i.Nokia5110_Clear)
    i.Nokia5110_ClearBuffer                  0x00001b70   Section        0  nokia5110.o(i.Nokia5110_ClearBuffer)
    i.Nokia5110_DisplayBuffer                0x00001b88   Section        0  nokia5110.o(i.Nokia5110_DisplayBuffer)
    i.Nokia5110_DrawFullImage                0x00001b98   Section        0  nokia5110.o(i.Nokia5110_DrawFullImage)
    i.Nokia5110_Init                         0x00001bbc   Section        0  nokia5110.o(i.Nokia5110_Init)
    i.Nokia5110_OutChar                      0x00001d28   Section        0  nokia5110.o(i.Nokia5110_OutChar)
    i.Nokia5110_OutString                    0x00001d60   Section        0  nokia5110.o(i.Nokia5110_OutString)
    i.Nokia5110_OutUDec                      0x00001d78   Section        0  nokia5110.o(i.Nokia5110_OutUDec)
    i.Nokia5110_PrintBMP                     0x00001f14   Section        0  nokia5110.o(i.Nokia5110_PrintBMP)
    i.Nokia5110_SetCursor                    0x000020bc   Section        0  nokia5110.o(i.Nokia5110_SetCursor)
    i.PLL_Init                               0x000020ec   Section        0  texas.o(i.PLL_Init)
    i.Player_Init                            0x00002168   Section        0  spaceinvaders.o(i.Player_Init)
    i.Player_Laser_Init                      0x000021b4   Section        0  spaceinvaders.o(i.Player_Laser_Init)
    i.Player_Missile_Init                    0x000022a4   Section        0  spaceinvaders.o(i.Player_Missile_Init)
    i.Player_Move                            0x00002390   Section        0  spaceinvaders.o(i.Player_Move)
    i.SetCode                                0x000023ac   Section        0  texas.o(i.SetCode)
    i.SetCourse                              0x000023c4   Section        0  texas.o(i.SetCourse)
    i.Sound_Highpitch                        0x000023dc   Section        0  sound.o(i.Sound_Highpitch)
    i.Sound_Init                             0x000023f0   Section        0  sound.o(i.Sound_Init)
    i.Sound_Killed                           0x00002414   Section        0  sound.o(i.Sound_Killed)
    i.Sound_Play                             0x00002428   Section        0  sound.o(i.Sound_Play)
    i.Sound_Shoot                            0x00002450   Section        0  sound.o(i.Sound_Shoot)
    i.Switch_Init                            0x00002464   Section        0  spaceinvaders.o(i.Switch_Init)
    i.SysTick_Handler                        0x0000253c   Section        0  spaceinvaders.o(i.SysTick_Handler)
    i.Systick_Init                           0x00002568   Section        0  spaceinvaders.o(i.Systick_Init)
    i.TExaS_Init                             0x00002594   Section        0  texas.o(i.TExaS_Init)
    i.Timer2A_Handler                        0x00002758   Section        0  sound.o(i.Timer2A_Handler)
    i.Timer2A_Start                          0x000027a4   Section        0  sound.o(i.Timer2A_Start)
    i.Timer2A_Stop                           0x000027b8   Section        0  sound.o(i.Timer2A_Stop)
    i.Timer2_Init                            0x000027cc   Section        0  sound.o(i.Timer2_Init)
    i.Timer4A_Handler                        0x00002824   Section        0  texas.o(i.Timer4A_Handler)
    i.Timer5A_Handler                        0x00002844   Section        0  texas.o(i.Timer5A_Handler)
    i.UART0_Init                             0x00002874   Section        0  texas.o(i.UART0_Init)
    i.UFO_Init                               0x00002934   Section        0  spaceinvaders.o(i.UFO_Init)
    i.UFO_Move                               0x00002984   Section        0  spaceinvaders.o(i.UFO_Move)
    i.lcdwrite                               0x000029b4   Section        0  nokia5110.o(i.lcdwrite)
    lcdwrite                                 0x000029b5   Thumb Code    66  nokia5110.o(i.lcdwrite)
    i.main                                   0x00002a00   Section        0  spaceinvaders.o(i.main)
    .constdata                               0x00002b14   Section      480  nokia5110.o(.constdata)
    ASCII                                    0x00002b14   Data         480  nokia5110.o(.constdata)
    .constdata                               0x00002cf4   Section     4428  spaceinvaders.o(.constdata)
    ASCII                                    0x00002cf4   Data         480  spaceinvaders.o(.constdata)
    .constdata                               0x00003e40   Section      360  texas.o(.constdata)
    .constdata                               0x00003fa8   Section    15435  sound.o(.constdata)
    .data                                    0x20000000   Section       60  spaceinvaders.o(.data)
    .data                                    0x2000003c   Section       52  texas.o(.data)
    .data                                    0x20000070   Section       12  sound.o(.data)
    DATA                                     0x2000007c   Section        4  random.o(DATA)
    M                                        0x2000007c   Data           4  random.o(DATA)
    .bss                                     0x20000080   Section      504  nokia5110.o(.bss)
    .bss                                     0x20000278   Section     1160  spaceinvaders.o(.bss)
    .bss                                     0x20000700   Section       56  texas.o(.bss)
    .bss                                     0x20000738   Section       96  libspace.o(.bss)
    HEAP                                     0x20000798   Section        0  startup.o(HEAP)
    STACK                                    0x20000798   Section     1024  startup.o(STACK)
    HeapMem                                  0x20000798   Data           0  startup.o(HEAP)
    StackMem                                 0x20000798   Data           0  startup.o(STACK)

    Global Symbols

    Symbol Name                              Value     Ov Type        Size  Object(Section)

    BuildAttributes$$THM_ISAv4$E$P$D$K$B$S$7EM$PE$A:L22UL41UL21$X:L11$S22US41US21$IEEE1$IW$USESV6$~STKCKD$USESV7$~SHL$OSPACE$ROPI$EBA8$UX$STANDARDLIB$REQ8$PRES8$EABIv2 0x00000000   Number         0  anon$$obj.o ABSOLUTE
    __ARM_use_no_argv                        0x00000000   Number         0  spaceinvaders.o ABSOLUTE
    __Vectors                                0x00000000   Data           0  startup.o(RESET)
    __ARM_exceptions_init                     - Undefined Weak Reference
    __alloca_initialize                       - Undefined Weak Reference
    __cpp_initialize__aeabi_                  - Undefined Weak Reference
    __cxa_finalize                            - Undefined Weak Reference
    __rt_locale                               - Undefined Weak Reference
    __sigvec_lookup                           - Undefined Weak Reference
    _atexit_init                              - Undefined Weak Reference
    _call_atexit_fns                          - Undefined Weak Reference
    _clock_init                               - Undefined Weak Reference
    _fp_trap_init                             - Undefined Weak Reference
    _fp_trap_shutdown                         - Undefined Weak Reference
    _get_lc_collate                           - Undefined Weak Reference
    _get_lc_ctype                             - Undefined Weak Reference
    _get_lc_monetary                          - Undefined Weak Reference
    _get_lc_numeric                           - Undefined Weak Reference
    _get_lc_time                              - Undefined Weak Reference
    _getenv_init                              - Undefined Weak Reference
    _handle_redirection                       - Undefined Weak Reference
    _init_alloc                               - Undefined Weak Reference
    _init_user_alloc                          - Undefined Weak Reference
    _initio                                   - Undefined Weak Reference
    _rand_init                                - Undefined Weak Reference
    _signal_finish                            - Undefined Weak Reference
    _signal_init                              - Undefined Weak Reference
    _terminate_alloc                          - Undefined Weak Reference
    _terminate_user_alloc                     - Undefined Weak Reference
    _terminateio                              - Undefined Weak Reference
    Reset_Handler                            0x0000026d   Thumb Code     0  startup.o(RESET)
    NMI_Handler                              0x00000271   Thumb Code     2  startup.o(RESET)
    HardFault_Handler                        0x00000273   Thumb Code     2  startup.o(RESET)
    MemManage_Handler                        0x00000275   Thumb Code     2  startup.o(RESET)
    BusFault_Handler                         0x00000277   Thumb Code     2  startup.o(RESET)
    UsageFault_Handler                       0x00000279   Thumb Code     2  startup.o(RESET)
    SVC_Handler                              0x0000027b   Thumb Code     2  startup.o(RESET)
    DebugMon_Handler                         0x0000027d   Thumb Code     2  startup.o(RESET)
    PendSV_Handler                           0x0000027f   Thumb Code     2  startup.o(RESET)
    ADC0Seq0_Handler                         0x00000283   Thumb Code     0  startup.o(RESET)
    ADC0Seq1_Handler                         0x00000283   Thumb Code     0  startup.o(RESET)
    ADC0Seq2_Handler                         0x00000283   Thumb Code     0  startup.o(RESET)
    ADC0Seq3_Handler                         0x00000283   Thumb Code     0  startup.o(RESET)
    ADC1Seq0_Handler                         0x00000283   Thumb Code     0  startup.o(RESET)
    ADC1Seq1_Handler                         0x00000283   Thumb Code     0  startup.o(RESET)
    ADC1Seq2_Handler                         0x00000283   Thumb Code     0  startup.o(RESET)
    ADC1Seq3_Handler                         0x00000283   Thumb Code     0  startup.o(RESET)
    CAN0_Handler                             0x00000283   Thumb Code     0  startup.o(RESET)
    CAN1_Handler                             0x00000283   Thumb Code     0  startup.o(RESET)
    CAN2_Handler                             0x00000283   Thumb Code     0  startup.o(RESET)
    Comp0_Handler                            0x00000283   Thumb Code     0  startup.o(RESET)
    Comp1_Handler                            0x00000283   Thumb Code     0  startup.o(RESET)
    Comp2_Handler                            0x00000283   Thumb Code     0  startup.o(RESET)
    Ethernet_Handler                         0x00000283   Thumb Code     0  startup.o(RESET)
    ExtBus_Handler                           0x00000283   Thumb Code     0  startup.o(RESET)
    FPU_Handler                              0x00000283   Thumb Code     0  startup.o(RESET)
    Fan0_Handler                             0x00000283   Thumb Code     0  startup.o(RESET)
    FlashCtl_Handler                         0x00000283   Thumb Code     0  startup.o(RESET)
    GPIOPortA_Handler                        0x00000283   Thumb Code     0  startup.o(RESET)
    GPIOPortB_Handler                        0x00000283   Thumb Code     0  startup.o(RESET)
    GPIOPortC_Handler                        0x00000283   Thumb Code     0  startup.o(RESET)
    GPIOPortD_Handler                        0x00000283   Thumb Code     0  startup.o(RESET)
    GPIOPortF_Handler                        0x00000283   Thumb Code     0  startup.o(RESET)
    GPIOPortG_Handler                        0x00000283   Thumb Code     0  startup.o(RESET)
    GPIOPortH_Handler                        0x00000283   Thumb Code     0  startup.o(RESET)
    GPIOPortJ_Handler                        0x00000283   Thumb Code     0  startup.o(RESET)
    GPIOPortK_Handler                        0x00000283   Thumb Code     0  startup.o(RESET)
    GPIOPortL_Handler                        0x00000283   Thumb Code     0  startup.o(RESET)
    GPIOPortM_Handler                        0x00000283   Thumb Code     0  startup.o(RESET)
    GPIOPortN_Handler                        0x00000283   Thumb Code     0  startup.o(RESET)
    GPIOPortP1_Handler                       0x00000283   Thumb Code     0  startup.o(RESET)
    GPIOPortP2_Handler                       0x00000283   Thumb Code     0  startup.o(RESET)
    GPIOPortP3_Handler                       0x00000283   Thumb Code     0  startup.o(RESET)
    GPIOPortP4_Handler                       0x00000283   Thumb Code     0  startup.o(RESET)
    GPIOPortP5_Handler                       0x00000283   Thumb Code     0  startup.o(RESET)
    GPIOPortP6_Handler                       0x00000283   Thumb Code     0  startup.o(RESET)
    GPIOPortP7_Handler                       0x00000283   Thumb Code     0  startup.o(RESET)
    GPIOPortP_Handler                        0x00000283   Thumb Code     0  startup.o(RESET)
    GPIOPortQ1_Handler                       0x00000283   Thumb Code     0  startup.o(RESET)
    GPIOPortQ2_Handler                       0x00000283   Thumb Code     0  startup.o(RESET)
    GPIOPortQ3_Handler                       0x00000283   Thumb Code     0  startup.o(RESET)
    GPIOPortQ4_Handler                       0x00000283   Thumb Code     0  startup.o(RESET)
    GPIOPortQ5_Handler                       0x00000283   Thumb Code     0  startup.o(RESET)
    GPIOPortQ6_Handler                       0x00000283   Thumb Code     0  startup.o(RESET)
    GPIOPortQ7_Handler                       0x00000283   Thumb Code     0  startup.o(RESET)
    GPIOPortQ_Handler                        0x00000283   Thumb Code     0  startup.o(RESET)
    GPIOPortR_Handler                        0x00000283   Thumb Code     0  startup.o(RESET)
    GPIOPortS_Handler                        0x00000283   Thumb Code     0  startup.o(RESET)
    Hibernate_Handler                        0x00000283   Thumb Code     0  startup.o(RESET)
    I2C0_Handler                             0x00000283   Thumb Code     0  startup.o(RESET)
    I2C1_Handler                             0x00000283   Thumb Code     0  startup.o(RESET)
    I2C2_Handler                             0x00000283   Thumb Code     0  startup.o(RESET)
    I2C3_Handler                             0x00000283   Thumb Code     0  startup.o(RESET)
    I2C4_Handler                             0x00000283   Thumb Code     0  startup.o(RESET)
    I2C5_Handler                             0x00000283   Thumb Code     0  startup.o(RESET)
    I2S0_Handler                             0x00000283   Thumb Code     0  startup.o(RESET)
    LPC0_Handler                             0x00000283   Thumb Code     0  startup.o(RESET)
    PECI0_Handler                            0x00000283   Thumb Code     0  startup.o(RESET)
    PWM0Fault_Handler                        0x00000283   Thumb Code     0  startup.o(RESET)
    PWM0Generator0_Handler                   0x00000283   Thumb Code     0  startup.o(RESET)
    PWM0Generator1_Handler                   0x00000283   Thumb Code     0  startup.o(RESET)
    PWM0Generator2_Handler                   0x00000283   Thumb Code     0  startup.o(RESET)
    PWM0Generator3_Handler                   0x00000283   Thumb Code     0  startup.o(RESET)
    PWM1Fault_Handler                        0x00000283   Thumb Code     0  startup.o(RESET)
    PWM1Generator0_Handler                   0x00000283   Thumb Code     0  startup.o(RESET)
    PWM1Generator1_Handler                   0x00000283   Thumb Code     0  startup.o(RESET)
    PWM1Generator2_Handler                   0x00000283   Thumb Code     0  startup.o(RESET)
    PWM1Generator3_Handler                   0x00000283   Thumb Code     0  startup.o(RESET)
    Quadrature0_Handler                      0x00000283   Thumb Code     0  startup.o(RESET)
    Quadrature1_Handler                      0x00000283   Thumb Code     0  startup.o(RESET)
    Quadrature2_Handler                      0x00000283   Thumb Code     0  startup.o(RESET)
    SSI0_Handler                             0x00000283   Thumb Code     0  startup.o(RESET)
    SSI1_Handler                             0x00000283   Thumb Code     0  startup.o(RESET)
    SSI2_Handler                             0x00000283   Thumb Code     0  startup.o(RESET)
    SSI3_Handler                             0x00000283   Thumb Code     0  startup.o(RESET)
    SysCtl_Handler                           0x00000283   Thumb Code     0  startup.o(RESET)
    Timer0A_Handler                          0x00000283   Thumb Code     0  startup.o(RESET)
    Timer0B_Handler                          0x00000283   Thumb Code     0  startup.o(RESET)
    Timer1A_Handler                          0x00000283   Thumb Code     0  startup.o(RESET)
    Timer1B_Handler                          0x00000283   Thumb Code     0  startup.o(RESET)
    Timer2B_Handler                          0x00000283   Thumb Code     0  startup.o(RESET)
    Timer3A_Handler                          0x00000283   Thumb Code     0  startup.o(RESET)
    Timer3B_Handler                          0x00000283   Thumb Code     0  startup.o(RESET)
    Timer4B_Handler                          0x00000283   Thumb Code     0  startup.o(RESET)
    Timer5B_Handler                          0x00000283   Thumb Code     0  startup.o(RESET)
    UART0_Handler                            0x00000283   Thumb Code     0  startup.o(RESET)
    UART1_Handler                            0x00000283   Thumb Code     0  startup.o(RESET)
    UART2_Handler                            0x00000283   Thumb Code     0  startup.o(RESET)
    UART3_Handler                            0x00000283   Thumb Code     0  startup.o(RESET)
    UART4_Handler                            0x00000283   Thumb Code     0  startup.o(RESET)
    UART5_Handler                            0x00000283   Thumb Code     0  startup.o(RESET)
    UART6_Handler                            0x00000283   Thumb Code     0  startup.o(RESET)
    UART7_Handler                            0x00000283   Thumb Code     0  startup.o(RESET)
    USB0_Handler                             0x00000283   Thumb Code     0  startup.o(RESET)
    WDT_Handler                              0x00000283   Thumb Code     0  startup.o(RESET)
    WideTimer0A_Handler                      0x00000283   Thumb Code     0  startup.o(RESET)
    WideTimer0B_Handler                      0x00000283   Thumb Code     0  startup.o(RESET)
    WideTimer1A_Handler                      0x00000283   Thumb Code     0  startup.o(RESET)
    WideTimer1B_Handler                      0x00000283   Thumb Code     0  startup.o(RESET)
    WideTimer2A_Handler                      0x00000283   Thumb Code     0  startup.o(RESET)
    WideTimer2B_Handler                      0x00000283   Thumb Code     0  startup.o(RESET)
    WideTimer3A_Handler                      0x00000283   Thumb Code     0  startup.o(RESET)
    WideTimer3B_Handler                      0x00000283   Thumb Code     0  startup.o(RESET)
    WideTimer4A_Handler                      0x00000283   Thumb Code     0  startup.o(RESET)
    WideTimer4B_Handler                      0x00000283   Thumb Code     0  startup.o(RESET)
    WideTimer5A_Handler                      0x00000283   Thumb Code     0  startup.o(RESET)
    WideTimer5B_Handler                      0x00000283   Thumb Code     0  startup.o(RESET)
    uDMA_Error                               0x00000283   Thumb Code     0  startup.o(RESET)
    uDMA_Handler                             0x00000283   Thumb Code     0  startup.o(RESET)
    __main                                   0x00000285   Thumb Code     8  __main.o(!!!main)
    __scatterload                            0x0000028d   Thumb Code     0  __scatter.o(!!!scatter)
    __scatterload_rt2                        0x0000028d   Thumb Code    44  __scatter.o(!!!scatter)
    __scatterload_rt2_thumb_only             0x0000028d   Thumb Code     0  __scatter.o(!!!scatter)
    __scatterload_null                       0x0000029b   Thumb Code     0  __scatter.o(!!!scatter)
    __scatterload_copy                       0x000002c1   Thumb Code    26  __scatter_copy.o(!!handler_copy)
    __scatterload_zeroinit                   0x000002dd   Thumb Code    28  __scatter_zi.o(!!handler_zi)
    __rt_lib_init                            0x000002f9   Thumb Code     0  libinit.o(.ARM.Collect$$libinit$$00000000)
    __rt_lib_init_alloca_1                   0x000002fb   Thumb Code     0  libinit2.o(.ARM.Collect$$libinit$$0000002C)
    __rt_lib_init_argv_1                     0x000002fb   Thumb Code     0  libinit2.o(.ARM.Collect$$libinit$$0000002A)
    __rt_lib_init_atexit_1                   0x000002fb   Thumb Code     0  libinit2.o(.ARM.Collect$$libinit$$00000019)
    __rt_lib_init_clock_1                    0x000002fb   Thumb Code     0  libinit2.o(.ARM.Collect$$libinit$$0000001F)
    __rt_lib_init_cpp_1                      0x000002fb   Thumb Code     0  libinit2.o(.ARM.Collect$$libinit$$00000030)
    __rt_lib_init_exceptions_1               0x000002fb   Thumb Code     0  libinit2.o(.ARM.Collect$$libinit$$0000002E)
    __rt_lib_init_fp_1                       0x000002fb   Thumb Code     0  libinit2.o(.ARM.Collect$$libinit$$00000002)
    __rt_lib_init_fp_trap_1                  0x000002fb   Thumb Code     0  libinit2.o(.ARM.Collect$$libinit$$0000001D)
    __rt_lib_init_getenv_1                   0x000002fb   Thumb Code     0  libinit2.o(.ARM.Collect$$libinit$$00000021)
    __rt_lib_init_heap_1                     0x000002fb   Thumb Code     0  libinit2.o(.ARM.Collect$$libinit$$00000008)
    __rt_lib_init_lc_collate_1               0x000002fb   Thumb Code     0  libinit2.o(.ARM.Collect$$libinit$$0000000F)
    __rt_lib_init_lc_ctype_1                 0x000002fb   Thumb Code     0  libinit2.o(.ARM.Collect$$libinit$$00000011)
    __rt_lib_init_lc_monetary_1              0x000002fb   Thumb Code     0  libinit2.o(.ARM.Collect$$libinit$$00000013)
    __rt_lib_init_lc_numeric_1               0x000002fb   Thumb Code     0  libinit2.o(.ARM.Collect$$libinit$$00000015)
    __rt_lib_init_lc_time_1                  0x000002fb   Thumb Code     0  libinit2.o(.ARM.Collect$$libinit$$00000017)
    __rt_lib_init_rand_1                     0x000002fb   Thumb Code     0  libinit2.o(.ARM.Collect$$libinit$$0000000C)
    __rt_lib_init_return                     0x000002fb   Thumb Code     0  libinit2.o(.ARM.Collect$$libinit$$00000031)
    __rt_lib_init_signal_1                   0x000002fb   Thumb Code     0  libinit2.o(.ARM.Collect$$libinit$$0000001B)
    __rt_lib_init_stdio_1                    0x000002fb   Thumb Code     0  libinit2.o(.ARM.Collect$$libinit$$00000023)
    __rt_lib_init_user_alloc_1               0x000002fb   Thumb Code     0  libinit2.o(.ARM.Collect$$libinit$$0000000A)
    __rt_lib_shutdown                        0x000002fd   Thumb Code     0  libshutdown.o(.ARM.Collect$$libshutdown$$00000000)
    __rt_lib_shutdown_fp_trap_1              0x000002ff   Thumb Code     0  libshutdown2.o(.ARM.Collect$$libshutdown$$00000006)
    __rt_lib_shutdown_heap_1                 0x000002ff   Thumb Code     0  libshutdown2.o(.ARM.Collect$$libshutdown$$0000000E)
    __rt_lib_shutdown_return                 0x000002ff   Thumb Code     0  libshutdown2.o(.ARM.Collect$$libshutdown$$0000000F)
    __rt_lib_shutdown_signal_1               0x000002ff   Thumb Code     0  libshutdown2.o(.ARM.Collect$$libshutdown$$00000009)
    __rt_lib_shutdown_stdio_1                0x000002ff   Thumb Code     0  libshutdown2.o(.ARM.Collect$$libshutdown$$00000003)
    __rt_lib_shutdown_user_alloc_1           0x000002ff   Thumb Code     0  libshutdown2.o(.ARM.Collect$$libshutdown$$0000000B)
    __rt_entry                               0x00000301   Thumb Code     0  rtentry.o(.ARM.Collect$$rtentry$$00000000)
    __rt_entry_presh_1                       0x00000301   Thumb Code     0  rtentry2.o(.ARM.Collect$$rtentry$$00000002)
    __rt_entry_sh                            0x00000301   Thumb Code     0  rtentry4.o(.ARM.Collect$$rtentry$$00000004)
    __rt_entry_li                            0x00000307   Thumb Code     0  rtentry2.o(.ARM.Collect$$rtentry$$0000000A)
    __rt_entry_postsh_1                      0x00000307   Thumb Code     0  rtentry2.o(.ARM.Collect$$rtentry$$00000009)
    __rt_entry_main                          0x0000030b   Thumb Code     0  rtentry2.o(.ARM.Collect$$rtentry$$0000000D)
    __rt_entry_postli_1                      0x0000030b   Thumb Code     0  rtentry2.o(.ARM.Collect$$rtentry$$0000000C)
    __rt_exit                                0x00000313   Thumb Code     0  rtexit.o(.ARM.Collect$$rtexit$$00000000)
    __rt_exit_ls                             0x00000315   Thumb Code     0  rtexit2.o(.ARM.Collect$$rtexit$$00000003)
    __rt_exit_prels_1                        0x00000315   Thumb Code     0  rtexit2.o(.ARM.Collect$$rtexit$$00000002)
    __rt_exit_exit                           0x00000319   Thumb Code     0  rtexit2.o(.ARM.Collect$$rtexit$$00000004)
    DisableInterrupts                        0x00000321   Thumb Code     0  startup.o(.text)
    EnableInterrupts                         0x00000325   Thumb Code     0  startup.o(.text)
    StartCritical                            0x00000329   Thumb Code     0  startup.o(.text)
    EndCritical                              0x00000331   Thumb Code     0  startup.o(.text)
    WaitForInterrupt                         0x00000337   Thumb Code     0  startup.o(.text)
    __user_initial_stackheap                 0x0000033b   Thumb Code     0  startup.o(.text)
    Random_Init                              0x00000351   Thumb Code     0  random.o(.text)
    Random32                                 0x0000035b   Thumb Code     2  random.o(.text)
    Random                                   0x0000036d   Thumb Code     2  random.o(.text)
    __use_two_region_memory                  0x00000391   Thumb Code     2  heapauxi.o(.text)
    __rt_heap_escrow$2region                 0x00000393   Thumb Code     2  heapauxi.o(.text)
    __rt_heap_expand$2region                 0x00000395   Thumb Code     2  heapauxi.o(.text)
    __user_setup_stackheap                   0x00000397   Thumb Code    74  sys_stackheap_outer.o(.text)
    exit                                     0x000003e1   Thumb Code    12  exit.o(.text)
    __user_libspace                          0x000003ed   Thumb Code     8  libspace.o(.text)
    __user_perproc_libspace                  0x000003ed   Thumb Code     0  libspace.o(.text)
    __user_perthread_libspace                0x000003ed   Thumb Code     0  libspace.o(.text)
    _sys_exit                                0x000003f5   Thumb Code     8  sys_exit.o(.text)
    __I$use$semihosting                      0x00000401   Thumb Code     0  use_no_semi.o(.text)
    __use_no_semihosting_swi                 0x00000401   Thumb Code     2  use_no_semi.o(.text)
    __semihosting_library_function           0x00000403   Thumb Code     0  indicate_semi.o(.text)
    ADC0_In                                  0x00000405   Thumb Code    36  spaceinvaders.o(i.ADC0_In)
    ADC0_Init                                0x00000431   Thumb Code   178  spaceinvaders.o(i.ADC0_Init)
    ADC1_In                                  0x00000509   Thumb Code     6  texas.o(i.ADC1_In)
    ADC1_Init                                0x00000515   Thumb Code   174  texas.o(i.ADC1_Init)
    Bunker_Init                              0x000005e9   Thumb Code    72  spaceinvaders.o(i.Bunker_Init)
    Check_Damage                             0x00000649   Thumb Code  2028  spaceinvaders.o(i.Check_Damage)
    Convert                                  0x00000e6d   Thumb Code    18  spaceinvaders.o(i.Convert)
    DAC_Init                                 0x00000e81   Thumb Code    96  sound.o(i.DAC_Init)
    DAC_Out                                  0x00000efd   Thumb Code     6  sound.o(i.DAC_Out)
    Delay100ms                               0x00000f09   Thumb Code    30  spaceinvaders.o(i.Delay100ms)
    Delay1ms                                 0x00000f2d   Thumb Code    22  spaceinvaders.o(i.Delay1ms)
    Draw                                     0x00000f45   Thumb Code   546  spaceinvaders.o(i.Draw)
    Enemy_Init                               0x00001189   Thumb Code   380  spaceinvaders.o(i.Enemy_Init)
    Enemy_Laser_Init                         0x00001325   Thumb Code   252  spaceinvaders.o(i.Enemy_Laser_Init)
    Enemy_Laser_Move                         0x0000143d   Thumb Code   110  spaceinvaders.o(i.Enemy_Laser_Move)
    Enemy_Missile_Init                       0x000014b5   Thumb Code   252  spaceinvaders.o(i.Enemy_Missile_Init)
    Enemy_Missile_Move                       0x000015cd   Thumb Code   110  spaceinvaders.o(i.Enemy_Missile_Move)
    Enemy_Move                               0x00001645   Thumb Code   280  spaceinvaders.o(i.Enemy_Move)
    GPIOPortE_Handler                        0x00001779   Thumb Code   198  spaceinvaders.o(i.GPIOPortE_Handler)
    Game_Over                                0x00001865   Thumb Code    56  spaceinvaders.o(i.Game_Over)
    LED_Init                                 0x000018c1   Thumb Code    98  spaceinvaders.o(i.LED_Init)
    Laser_Move                               0x00001945   Thumb Code   138  spaceinvaders.o(i.Laser_Move)
    Level_Check                              0x000019e1   Thumb Code   182  spaceinvaders.o(i.Level_Check)
    Missile_Move                             0x00001ab5   Thumb Code   138  spaceinvaders.o(i.Missile_Move)
    Nokia5110_Clear                          0x00001b51   Thumb Code    32  nokia5110.o(i.Nokia5110_Clear)
    Nokia5110_ClearBuffer                    0x00001b71   Thumb Code    20  nokia5110.o(i.Nokia5110_ClearBuffer)
    Nokia5110_DisplayBuffer                  0x00001b89   Thumb Code    10  nokia5110.o(i.Nokia5110_DisplayBuffer)
    Nokia5110_DrawFullImage                  0x00001b99   Thumb Code    34  nokia5110.o(i.Nokia5110_DrawFullImage)
    Nokia5110_Init                           0x00001bbd   Thumb Code   316  nokia5110.o(i.Nokia5110_Init)
    Nokia5110_OutChar                        0x00001d29   Thumb Code    52  nokia5110.o(i.Nokia5110_OutChar)
    Nokia5110_OutString                      0x00001d61   Thumb Code    22  nokia5110.o(i.Nokia5110_OutString)
    Nokia5110_OutUDec                        0x00001d79   Thumb Code   394  nokia5110.o(i.Nokia5110_OutUDec)
    Nokia5110_PrintBMP                       0x00001f15   Thumb Code   420  nokia5110.o(i.Nokia5110_PrintBMP)
    Nokia5110_SetCursor                      0x000020bd   Thumb Code    48  nokia5110.o(i.Nokia5110_SetCursor)
    PLL_Init                                 0x000020ed   Thumb Code   118  texas.o(i.PLL_Init)
    Player_Init                              0x00002169   Thumb Code    62  spaceinvaders.o(i.Player_Init)
    Player_Laser_Init                        0x000021b5   Thumb Code   208  spaceinvaders.o(i.Player_Laser_Init)
    Player_Missile_Init                      0x000022a5   Thumb Code   202  spaceinvaders.o(i.Player_Missile_Init)
    Player_Move                              0x00002391   Thumb Code    18  spaceinvaders.o(i.Player_Move)
    SetCode                                  0x000023ad   Thumb Code    20  texas.o(i.SetCode)
    SetCourse                                0x000023c5   Thumb Code    20  texas.o(i.SetCourse)
    Sound_Highpitch                          0x000023dd   Thumb Code    14  sound.o(i.Sound_Highpitch)
    Sound_Init                               0x000023f1   Thumb Code    26  sound.o(i.Sound_Init)
    Sound_Killed                             0x00002415   Thumb Code    14  sound.o(i.Sound_Killed)
    Sound_Play                               0x00002429   Thumb Code    26  sound.o(i.Sound_Play)
    Sound_Shoot                              0x00002451   Thumb Code    14  sound.o(i.Sound_Shoot)
    Switch_Init                              0x00002465   Thumb Code   172  spaceinvaders.o(i.Switch_Init)
    SysTick_Handler                          0x0000253d   Thumb Code    30  spaceinvaders.o(i.SysTick_Handler)
    Systick_Init                             0x00002569   Thumb Code    40  spaceinvaders.o(i.Systick_Init)
    TExaS_Init                               0x00002595   Thumb Code   324  texas.o(i.TExaS_Init)
    Timer2A_Handler                          0x00002759   Thumb Code    58  sound.o(i.Timer2A_Handler)
    Timer2A_Start                            0x000027a5   Thumb Code    14  sound.o(i.Timer2A_Start)
    Timer2A_Stop                             0x000027b9   Thumb Code    14  sound.o(i.Timer2A_Stop)
    Timer2_Init                              0x000027cd   Thumb Code    72  sound.o(i.Timer2_Init)
    Timer4A_Handler                          0x00002825   Thumb Code    20  texas.o(i.Timer4A_Handler)
    Timer5A_Handler                          0x00002845   Thumb Code    34  texas.o(i.Timer5A_Handler)
    UART0_Init                               0x00002875   Thumb Code   160  texas.o(i.UART0_Init)
    UFO_Init                                 0x00002935   Thumb Code    68  spaceinvaders.o(i.UFO_Init)
    UFO_Move                                 0x00002985   Thumb Code    44  spaceinvaders.o(i.UFO_Move)
    main                                     0x00002a01   Thumb Code   234  spaceinvaders.o(i.main)
    SmallEnemy30PointA                       0x00002ed4   Data         199  spaceinvaders.o(.constdata)
    SmallEnemy30PointB                       0x00002f9b   Data         199  spaceinvaders.o(.constdata)
    SmallEnemy20PointA                       0x00003062   Data         199  spaceinvaders.o(.constdata)
    SmallEnemy20PointB                       0x00003129   Data         199  spaceinvaders.o(.constdata)
    SmallEnemy10PointA                       0x000031f0   Data         199  spaceinvaders.o(.constdata)
    SmallEnemy10PointB                       0x000032b7   Data         199  spaceinvaders.o(.constdata)
    PlayerShip0                              0x0000337e   Data         215  spaceinvaders.o(.constdata)
    SmallEnemyBonus0                         0x00003455   Data         203  spaceinvaders.o(.constdata)
    Bunker0                                  0x00003520   Data         179  spaceinvaders.o(.constdata)
    Bunker1                                  0x000035d3   Data         179  spaceinvaders.o(.constdata)
    Bunker2                                  0x00003686   Data         179  spaceinvaders.o(.constdata)
    Bunker3                                  0x00003739   Data         179  spaceinvaders.o(.constdata)
    BigExplosion0                            0x000037ec   Data         215  spaceinvaders.o(.constdata)
    BigExplosion1                            0x000038c3   Data         215  spaceinvaders.o(.constdata)
    SmallExplosion0                          0x0000399a   Data         199  spaceinvaders.o(.constdata)
    SmallExplosion1                          0x00003a61   Data         199  spaceinvaders.o(.constdata)
    Missile0                                 0x00003b28   Data         155  spaceinvaders.o(.constdata)
    Missile1                                 0x00003bc3   Data         155  spaceinvaders.o(.constdata)
    Missile2                                 0x00003c5e   Data         155  spaceinvaders.o(.constdata)
    Laser0                                   0x00003cf9   Data         155  spaceinvaders.o(.constdata)
    Laser1                                   0x00003d94   Data         155  spaceinvaders.o(.constdata)
    ExplosionSound                           0x00003e30   Data           4  spaceinvaders.o(.constdata)
    MissileSound                             0x00003e34   Data           4  spaceinvaders.o(.constdata)
    LaserSound                               0x00003e38   Data           4  spaceinvaders.o(.constdata)
    DamageSound                              0x00003e3c   Data           4  spaceinvaders.o(.constdata)
    NoInputMsg                               0x00003e40   Data          40  texas.o(.constdata)
    OutputPortMsg0                           0x00003e68   Data          40  texas.o(.constdata)
    OutputPortMsg1                           0x00003e90   Data          40  texas.o(.constdata)
    OutputPortMsg2                           0x00003eb8   Data          40  texas.o(.constdata)
    OutputPortMsg3                           0x00003ee0   Data          40  texas.o(.constdata)
    BlankMsg                                 0x00003f08   Data          40  texas.o(.constdata)
    InitializedMsg                           0x00003f30   Data          40  texas.o(.constdata)
    IntroMsg                                 0x00003f58   Data          40  texas.o(.constdata)
    DoneMsg                                  0x00003f80   Data          40  texas.o(.constdata)
    shoot                                    0x00003fa8   Data        4080  sound.o(.constdata)
    invaderkilled                            0x00004f98   Data        3377  sound.o(.constdata)
    explosion                                0x00005cc9   Data        2000  sound.o(.constdata)
    fastinvader1                             0x00006499   Data         982  sound.o(.constdata)
    fastinvader2                             0x0000686f   Data        1042  sound.o(.constdata)
    fastinvader3                             0x00006c81   Data        1054  sound.o(.constdata)
    fastinvader4                             0x0000709f   Data        1098  sound.o(.constdata)
    highpitch                                0x000074e9   Data        1802  sound.o(.constdata)
    Region$$Table$$Base                      0x00007bf4   Number         0  anon$$obj.o(Region$$Table)
    Region$$Table$$Limit                     0x00007c14   Number         0  anon$$obj.o(Region$$Table)
    Semaphore2A                              0x20000000   Data           4  spaceinvaders.o(.data)
    playerFlag                               0x20000004   Data           4  spaceinvaders.o(.data)
    laserFlag                                0x20000008   Data           4  spaceinvaders.o(.data)
    missileFlag                              0x2000000c   Data           4  spaceinvaders.o(.data)
    FrameCount                               0x20000010   Data           4  spaceinvaders.o(.data)
    numEnemies                               0x20000014   Data           4  spaceinvaders.o(.data)
    playMissile                              0x20000018   Data           4  spaceinvaders.o(.data)
    playLaser                                0x2000001c   Data           4  spaceinvaders.o(.data)
    enemyDir                                 0x20000020   Data           4  spaceinvaders.o(.data)
    enemyDrop                                0x20000024   Data           4  spaceinvaders.o(.data)
    TimerCount                               0x20000028   Data           4  spaceinvaders.o(.data)
    ADCdata                                  0x2000002c   Data           4  spaceinvaders.o(.data)
    playerPosition                           0x20000030   Data           4  spaceinvaders.o(.data)
    randomnum                                0x20000034   Data           4  spaceinvaders.o(.data)
    currentLevel                             0x20000038   Data           4  spaceinvaders.o(.data)
    TExaS_Period                             0x2000003c   Data           4  texas.o(.data)
    TExaS_Ports                              0x20000040   Data           8  texas.o(.data)
    Display                                  0x20000048   Data           1  texas.o(.data)
    TExaS_Meter                              0x2000004c   Data           4  texas.o(.data)
    ADCnum                                   0x20000050   Data           4  texas.o(.data)
    LastMode                                 0x20000054   Data           4  texas.o(.data)
    bFlag                                    0x20000058   Data           4  texas.o(.data)
    Count                                    0x2000005c   Data           4  texas.o(.data)
    DelayBetweenTests                        0x20000060   Data           4  texas.o(.data)
    TExaS_Test                               0x20000064   Data           4  texas.o(.data)
    ScopeMode                                0x20000068   Data           4  texas.o(.data)
    ScopeCount                               0x2000006c   Data           4  texas.o(.data)
    Index                                    0x20000070   Data           4  sound.o(.data)
    Counter                                  0x20000074   Data           4  sound.o(.data)
    Wave                                     0x20000078   Data           4  sound.o(.data)
    Screen                                   0x20000080   Data         504  nokia5110.o(.bss)
    Enemy                                    0x20000278   Data         320  spaceinvaders.o(.bss)
    Bunker                                   0x200003b8   Data          40  spaceinvaders.o(.bss)
    Player                                   0x200003e0   Data          40  spaceinvaders.o(.bss)
    Missile                                  0x20000408   Data         360  spaceinvaders.o(.bss)
    Laser                                    0x20000570   Data         360  spaceinvaders.o(.bss)
    UFO                                      0x200006d8   Data          40  spaceinvaders.o(.bss)
    TExaS                                    0x20000700   Data          56  texas.o(.bss)
    __libspace_start                         0x20000738   Data          96  libspace.o(.bss)
    __temporary_stack_top$libspace           0x20000798   Data           0  libspace.o(.bss)



==============================================================================

Memory Map of the image

  Image Entry point : 0x0000026d

  Load Region LR_1 (Base: 0x00000000, Size: 0x00007c94, Max: 0xffffffff, ABSOLUTE)

    Execution Region ER_RO (Base: 0x00000000, Size: 0x00007c14, Max: 0xffffffff, ABSOLUTE)

    Base Addr    Size         Type   Attr      Idx    E Section Name        Object

    0x00000000   0x00000284   Code   RO            3  * RESET               startup.o
    0x00000284   0x00000008   Code   RO          519  * !!!main             c_w.l(__main.o)
    0x0000028c   0x00000034   Code   RO          673    !!!scatter          c_w.l(__scatter.o)
    0x000002c0   0x0000001a   Code   RO          675    !!handler_copy      c_w.l(__scatter_copy.o)
    0x000002da   0x00000002   PAD
    0x000002dc   0x0000001c   Code   RO          677    !!handler_zi        c_w.l(__scatter_zi.o)
    0x000002f8   0x00000002   Code   RO          546    .ARM.Collect$$libinit$$00000000  c_w.l(libinit.o)
    0x000002fa   0x00000000   Code   RO          553    .ARM.Collect$$libinit$$00000002  c_w.l(libinit2.o)
    0x000002fa   0x00000000   Code   RO          556    .ARM.Collect$$libinit$$00000008  c_w.l(libinit2.o)
    0x000002fa   0x00000000   Code   RO          558    .ARM.Collect$$libinit$$0000000A  c_w.l(libinit2.o)
    0x000002fa   0x00000000   Code   RO          560    .ARM.Collect$$libinit$$0000000C  c_w.l(libinit2.o)
    0x000002fa   0x00000000   Code   RO          563    .ARM.Collect$$libinit$$0000000F  c_w.l(libinit2.o)
    0x000002fa   0x00000000   Code   RO          565    .ARM.Collect$$libinit$$00000011  c_w.l(libinit2.o)
    0x000002fa   0x00000000   Code   RO          567    .ARM.Collect$$libinit$$00000013  c_w.l(libinit2.o)
    0x000002fa   0x00000000   Code   RO          569    .ARM.Collect$$libinit$$00000015  c_w.l(libinit2.o)
    0x000002fa   0x00000000   Code   RO          571    .ARM.Collect$$libinit$$00000017  c_w.l(libinit2.o)
    0x000002fa   0x00000000   Code   RO          573    .ARM.Collect$$libinit$$00000019  c_w.l(libinit2.o)
    0x000002fa   0x00000000   Code   RO          575    .ARM.Collect$$libinit$$0000001B  c_w.l(libinit2.o)
    0x000002fa   0x00000000   Code   RO          577    .ARM.Collect$$libinit$$0000001D  c_w.l(libinit2.o)
    0x000002fa   0x00000000   Code   RO          579    .ARM.Collect$$libinit$$0000001F  c_w.l(libinit2.o)
    0x000002fa   0x00000000   Code   RO          581    .ARM.Collect$$libinit$$00000021  c_w.l(libinit2.o)
    0x000002fa   0x00000000   Code   RO          583    .ARM.Collect$$libinit$$00000023  c_w.l(libinit2.o)
    0x000002fa   0x00000000   Code   RO          587    .ARM.Collect$$libinit$$0000002A  c_w.l(libinit2.o)
    0x000002fa   0x00000000   Code   RO          589    .ARM.Collect$$libinit$$0000002C  c_w.l(libinit2.o)
    0x000002fa   0x00000000   Code   RO          591    .ARM.Collect$$libinit$$0000002E  c_w.l(libinit2.o)
    0x000002fa   0x00000000   Code   RO          593    .ARM.Collect$$libinit$$00000030  c_w.l(libinit2.o)
    0x000002fa   0x00000002   Code   RO          594    .ARM.Collect$$libinit$$00000031  c_w.l(libinit2.o)
    0x000002fc   0x00000002   Code   RO          614    .ARM.Collect$$libshutdown$$00000000  c_w.l(libshutdown.o)
    0x000002fe   0x00000000   Code   RO          628    .ARM.Collect$$libshutdown$$00000003  c_w.l(libshutdown2.o)
    0x000002fe   0x00000000   Code   RO          631    .ARM.Collect$$libshutdown$$00000006  c_w.l(libshutdown2.o)
    0x000002fe   0x00000000   Code   RO          634    .ARM.Collect$$libshutdown$$00000009  c_w.l(libshutdown2.o)
    0x000002fe   0x00000000   Code   RO          636    .ARM.Collect$$libshutdown$$0000000B  c_w.l(libshutdown2.o)
    0x000002fe   0x00000000   Code   RO          639    .ARM.Collect$$libshutdown$$0000000E  c_w.l(libshutdown2.o)
    0x000002fe   0x00000002   Code   RO          640    .ARM.Collect$$libshutdown$$0000000F  c_w.l(libshutdown2.o)
    0x00000300   0x00000000   Code   RO          521    .ARM.Collect$$rtentry$$00000000  c_w.l(rtentry.o)
    0x00000300   0x00000000   Code   RO          523    .ARM.Collect$$rtentry$$00000002  c_w.l(rtentry2.o)
    0x00000300   0x00000006   Code   RO          535    .ARM.Collect$$rtentry$$00000004  c_w.l(rtentry4.o)
    0x00000306   0x00000000   Code   RO          525    .ARM.Collect$$rtentry$$00000009  c_w.l(rtentry2.o)
    0x00000306   0x00000004   Code   RO          526    .ARM.Collect$$rtentry$$0000000A  c_w.l(rtentry2.o)
    0x0000030a   0x00000000   Code   RO          528    .ARM.Collect$$rtentry$$0000000C  c_w.l(rtentry2.o)
    0x0000030a   0x00000008   Code   RO          529    .ARM.Collect$$rtentry$$0000000D  c_w.l(rtentry2.o)
    0x00000312   0x00000002   Code   RO          550    .ARM.Collect$$rtexit$$00000000  c_w.l(rtexit.o)
    0x00000314   0x00000000   Code   RO          596    .ARM.Collect$$rtexit$$00000002  c_w.l(rtexit2.o)
    0x00000314   0x00000004   Code   RO          597    .ARM.Collect$$rtexit$$00000003  c_w.l(rtexit2.o)
    0x00000318   0x00000006   Code   RO          598    .ARM.Collect$$rtexit$$00000004  c_w.l(rtexit2.o)
    0x0000031e   0x00000002   PAD
    0x00000320   0x00000030   Code   RO            4    .text               startup.o
    0x00000350   0x00000040   Code   RO           92    .text               random.o
    0x00000390   0x00000006   Code   RO          517    .text               c_w.l(heapauxi.o)
    0x00000396   0x0000004a   Code   RO          537    .text               c_w.l(sys_stackheap_outer.o)
    0x000003e0   0x0000000c   Code   RO          539    .text               c_w.l(exit.o)
    0x000003ec   0x00000008   Code   RO          547    .text               c_w.l(libspace.o)
    0x000003f4   0x0000000c   Code   RO          606    .text               c_w.l(sys_exit.o)
    0x00000400   0x00000002   Code   RO          617    .text               c_w.l(use_no_semi.o)
    0x00000402   0x00000000   Code   RO          619    .text               c_w.l(indicate_semi.o)
    0x00000402   0x00000002   PAD
    0x00000404   0x0000002c   Code   RO           95    i.ADC0_In           spaceinvaders.o
    0x00000430   0x000000d8   Code   RO           96    i.ADC0_Init         spaceinvaders.o
    0x00000508   0x0000000c   Code   RO          290    i.ADC1_In           texas.o
    0x00000514   0x000000d4   Code   RO          291    i.ADC1_Init         texas.o
    0x000005e8   0x00000060   Code   RO           97    i.Bunker_Init       spaceinvaders.o
    0x00000648   0x00000824   Code   RO           98    i.Check_Damage      spaceinvaders.o
    0x00000e6c   0x00000012   Code   RO           99    i.Convert           spaceinvaders.o
    0x00000e7e   0x00000002   PAD
    0x00000e80   0x0000007c   Code   RO          409    i.DAC_Init          sound.o
    0x00000efc   0x0000000c   Code   RO          410    i.DAC_Out           sound.o
    0x00000f08   0x00000024   Code   RO          100    i.Delay100ms        spaceinvaders.o
    0x00000f2c   0x00000016   Code   RO          101    i.Delay1ms          spaceinvaders.o
    0x00000f42   0x00000002   PAD
    0x00000f44   0x00000244   Code   RO          102    i.Draw              spaceinvaders.o
    0x00001188   0x0000019c   Code   RO          103    i.Enemy_Init        spaceinvaders.o
    0x00001324   0x00000118   Code   RO          104    i.Enemy_Laser_Init  spaceinvaders.o
    0x0000143c   0x00000078   Code   RO          105    i.Enemy_Laser_Move  spaceinvaders.o
    0x000014b4   0x00000118   Code   RO          106    i.Enemy_Missile_Init  spaceinvaders.o
    0x000015cc   0x00000078   Code   RO          107    i.Enemy_Missile_Move  spaceinvaders.o
    0x00001644   0x00000134   Code   RO          108    i.Enemy_Move        spaceinvaders.o
    0x00001778   0x000000ec   Code   RO          109    i.GPIOPortE_Handler  spaceinvaders.o
    0x00001864   0x0000005c   Code   RO          110    i.Game_Over         spaceinvaders.o
    0x000018c0   0x00000084   Code   RO          111    i.LED_Init          spaceinvaders.o
    0x00001944   0x0000009c   Code   RO          112    i.Laser_Move        spaceinvaders.o
    0x000019e0   0x000000d4   Code   RO          113    i.Level_Check       spaceinvaders.o
    0x00001ab4   0x0000009c   Code   RO          114    i.Missile_Move      spaceinvaders.o
    0x00001b50   0x00000020   Code   RO           12    i.Nokia5110_Clear   nokia5110.o
    0x00001b70   0x00000018   Code   RO           13    i.Nokia5110_ClearBuffer  nokia5110.o
    0x00001b88   0x00000010   Code   RO           14    i.Nokia5110_DisplayBuffer  nokia5110.o
    0x00001b98   0x00000022   Code   RO           15    i.Nokia5110_DrawFullImage  nokia5110.o
    0x00001bba   0x00000002   PAD
    0x00001bbc   0x0000016c   Code   RO           16    i.Nokia5110_Init    nokia5110.o
    0x00001d28   0x00000038   Code   RO           17    i.Nokia5110_OutChar  nokia5110.o
    0x00001d60   0x00000016   Code   RO           18    i.Nokia5110_OutString  nokia5110.o
    0x00001d76   0x00000002   PAD
    0x00001d78   0x0000019c   Code   RO           19    i.Nokia5110_OutUDec  nokia5110.o
    0x00001f14   0x000001a8   Code   RO           20    i.Nokia5110_PrintBMP  nokia5110.o
    0x000020bc   0x00000030   Code   RO           21    i.Nokia5110_SetCursor  nokia5110.o
    0x000020ec   0x0000007c   Code   RO          292    i.PLL_Init          texas.o
    0x00002168   0x0000004c   Code   RO          115    i.Player_Init       spaceinvaders.o
    0x000021b4   0x000000f0   Code   RO          116    i.Player_Laser_Init  spaceinvaders.o
    0x000022a4   0x000000ec   Code   RO          117    i.Player_Missile_Init  spaceinvaders.o
    0x00002390   0x0000001c   Code   RO          118    i.Player_Move       spaceinvaders.o
    0x000023ac   0x00000018   Code   RO          293    i.SetCode           texas.o
    0x000023c4   0x00000018   Code   RO          294    i.SetCourse         texas.o
    0x000023dc   0x00000014   Code   RO          416    i.Sound_Highpitch   sound.o
    0x000023f0   0x00000024   Code   RO          417    i.Sound_Init        sound.o
    0x00002414   0x00000014   Code   RO          418    i.Sound_Killed      sound.o
    0x00002428   0x00000028   Code   RO          419    i.Sound_Play        sound.o
    0x00002450   0x00000014   Code   RO          420    i.Sound_Shoot       sound.o
    0x00002464   0x000000d8   Code   RO          119    i.Switch_Init       spaceinvaders.o
    0x0000253c   0x0000002c   Code   RO          120    i.SysTick_Handler   spaceinvaders.o
    0x00002568   0x0000002c   Code   RO          121    i.Systick_Init      spaceinvaders.o
    0x00002594   0x000001c4   Code   RO          298    i.TExaS_Init        texas.o
    0x00002758   0x0000004c   Code   RO          421    i.Timer2A_Handler   sound.o
    0x000027a4   0x00000014   Code   RO          422    i.Timer2A_Start     sound.o
    0x000027b8   0x00000014   Code   RO          423    i.Timer2A_Stop      sound.o
    0x000027cc   0x00000058   Code   RO          424    i.Timer2_Init       sound.o
    0x00002824   0x00000020   Code   RO          300    i.Timer4A_Handler   texas.o
    0x00002844   0x00000030   Code   RO          301    i.Timer5A_Handler   texas.o
    0x00002874   0x000000c0   Code   RO          304    i.UART0_Init        texas.o
    0x00002934   0x00000050   Code   RO          122    i.UFO_Init          spaceinvaders.o
    0x00002984   0x00000030   Code   RO          123    i.UFO_Move          spaceinvaders.o
    0x000029b4   0x0000004c   Code   RO           22    i.lcdwrite          nokia5110.o
    0x00002a00   0x00000114   Code   RO          124    i.main              spaceinvaders.o
    0x00002b14   0x000001e0   Data   RO           24    .constdata          nokia5110.o
    0x00002cf4   0x0000114c   Data   RO          126    .constdata          spaceinvaders.o
    0x00003e40   0x00000168   Data   RO          309    .constdata          texas.o
    0x00003fa8   0x00003c4b   Data   RO          425    .constdata          sound.o
    0x00007bf3   0x00000001   PAD
    0x00007bf4   0x00000020   Data   RO          671    Region$$Table       anon$$obj.o


    Execution Region ER_RW (Base: 0x20000000, Size: 0x00000080, Max: 0xffffffff, ABSOLUTE)

    Base Addr    Size         Type   Attr      Idx    E Section Name        Object

    0x20000000   0x0000003c   Data   RW          127    .data               spaceinvaders.o
    0x2000003c   0x00000034   Data   RW          310    .data               texas.o
    0x20000070   0x0000000c   Data   RW          426    .data               sound.o
    0x2000007c   0x00000004   Data   RW           91    DATA                random.o


    Execution Region ER_ZI (Base: 0x20000080, Size: 0x00000b18, Max: 0xffffffff, ABSOLUTE)

    Base Addr    Size         Type   Attr      Idx    E Section Name        Object

    0x20000080   0x000001f8   Zero   RW           23    .bss                nokia5110.o
    0x20000278   0x00000488   Zero   RW          125    .bss                spaceinvaders.o
    0x20000700   0x00000038   Zero   RW          308    .bss                texas.o
    0x20000738   0x00000060   Zero   RW          548    .bss                c_w.l(libspace.o)
    0x20000798   0x00000000   Zero   RW            2    HEAP                startup.o
    0x20000798   0x00000400   Zero   RW            1    STACK               startup.o


==============================================================================

Image component sizes


      Code (inc. data)   RO Data    RW Data    ZI Data      Debug   Object Name

      1508         94        480          0        504       9085   nokia5110.o
        64         14          0          4          0        184   random.o
       476        122      15435         12          0       5054   sound.o
      6888        726       4428         60       1160      17497   spaceinvaders.o
       692        632          0          0       1024        868   startup.o
      1120        244        360         52         56      15392   texas.o

    ----------------------------------------------------------------------
     10756       1832      20736        128       2744      48080   Object Totals
         0          0         32          0          0          0   (incl. Generated)
         8          0          1          0          0          0   (incl. Padding)

    ----------------------------------------------------------------------

      Code (inc. data)   RO Data    RW Data    ZI Data      Debug   Library Member Name

         8          0          0          0          0         68   __main.o
        52          8          0          0          0          0   __scatter.o
        26          0          0          0          0          0   __scatter_copy.o
        28          0          0          0          0          0   __scatter_zi.o
        12          0          0          0          0         72   exit.o
         6          0          0          0          0        152   heapauxi.o
         0          0          0          0          0          0   indicate_semi.o
         2          0          0          0          0          0   libinit.o
         2          0          0          0          0          0   libinit2.o
         2          0          0          0          0          0   libshutdown.o
         2          0          0          0          0          0   libshutdown2.o
         8          4          0          0         96         68   libspace.o
         0          0          0          0          0          0   rtentry.o
        12          0          0          0          0          0   rtentry2.o
         6          0          0          0          0          0   rtentry4.o
         2          0          0          0          0          0   rtexit.o
        10          0          0          0          0          0   rtexit2.o
        12          4          0          0          0         68   sys_exit.o
        74          0          0          0          0         80   sys_stackheap_outer.o
         2          0          0          0          0         68   use_no_semi.o

    ----------------------------------------------------------------------
       272         16          0          0         96        576   Library Totals
         6          0          0          0          0          0   (incl. Padding)

    ----------------------------------------------------------------------

      Code (inc. data)   RO Data    RW Data    ZI Data      Debug   Library Name

       266         16          0          0         96        576   c_w.l

    ----------------------------------------------------------------------
       272         16          0          0         96        576   Library Totals

    ----------------------------------------------------------------------

==============================================================================


      Code (inc. data)   RO Data    RW Data    ZI Data      Debug   

     11028       1848      20736        128       2840      45380   Grand Totals
     11028       1848      20736        128       2840      45380   ELF Image Totals
     11028       1848      20736        128          0          0   ROM Totals

==============================================================================

    Total RO  Size (Code + RO Data)                31764 (  31.02kB)
    Total RW  Size (RW Data + ZI Data)              2968 (   2.90kB)
    Total ROM Size (Code + RO Data + RW Data)      31892 (  31.14kB)

==============================================================================

