<html>
<body>
<pre>
<h1>µVision Build Log</h1>
<h2>Project:</h2>
C:\Keil\Labware\Lab15_SpaceInvaders\SpaceInvaders.uvproj
Project File Date:  12/29/2014

<h2>Output:</h2>
Build target 'SpaceInvaders'
compiling SpaceInvaders.c...
SpaceInvaders.c(506): warning:  #550-D: variable "delay" was set but never used
        unsigned long delay;
SpaceInvaders.c(546): warning:  #550-D: variable "delay" was set but never used
        unsigned long delay;
SpaceInvaders.c(583): warning:  #550-D: variable "delay" was set but never used
        unsigned long delay;
SpaceInvaders.c(598): warning:  #550-D: variable "delay" was set but never used
        unsigned long delay;
SpaceInvaders.c: 4 warnings, 0 errors
linking...
Program Size: Code=5248 RO-data=5076 RW-data=100 ZI-data=1908  
".\SpaceInvaders.axf" - 0 Error(s), 4 Warning(s).
: Error: L6200E: Symbol Count multiply defined (by texas.o and spaceinvaders.o).
Not enough information to list image symbols.
Not enough information to list the image map.
Finished: 2 information, 0 warning and 1 error messages.
".\SpaceInvaders.axf" - 1 Error(s), 4 Warning(s).
Target not created
