<html>
<body>
<pre>
<h1>µVision Build Log</h1>
<h2>Project:</h2>
C:\Keil\Labware\Lab14_MeasurementOfDistance\Lab14.uvproj
Project File Date:  04/08/2014

<h2>Output:</h2>
Build target 'Lab14'
compiling MeasurementOfDistance.c...
linking...
Program Size: Code=7120 RO-data=7568 RW-data=124 ZI-data=1764  
".\Lab14.axf" - 0 Error(s), 0 Warning(s).
 set but never used
        unsigned long delay;
ADC.c: 1 warning, 0 errors
linking...
Program Size: Code=6016 RO-data=7088 RW-data=124 ZI-data=1756  
".\Lab14.axf" - 0 Error(s), 1 Warning(s).
